Archive member included to satisfy reference by file (symbol)

c:/st/stm32cubeide_1.5.0/stm32cubeide/plugins/com.st.stm32cube.ide.mcu.externaltools.gnu-tools-for-stm32.9-2020-q2-update.win32_1.5.0.202011040924/tools/bin/../lib/gcc/arm-none-eabi/9.3.1/../../../../arm-none-eabi/lib/thumb/v7e-m/nofp\libc_nano.a(lib_a-errno.o)
                              Core/Src/syscalls.o (__errno)
c:/st/stm32cubeide_1.5.0/stm32cubeide/plugins/com.st.stm32cube.ide.mcu.externaltools.gnu-tools-for-stm32.9-2020-q2-update.win32_1.5.0.202011040924/tools/bin/../lib/gcc/arm-none-eabi/9.3.1/../../../../arm-none-eabi/lib/thumb/v7e-m/nofp\libc_nano.a(lib_a-exit.o)
                              c:/st/stm32cubeide_1.5.0/stm32cubeide/plugins/com.st.stm32cube.ide.mcu.externaltools.gnu-tools-for-stm32.9-2020-q2-update.win32_1.5.0.202011040924/tools/bin/../lib/gcc/arm-none-eabi/9.3.1/../../../../arm-none-eabi/lib/thumb/v7e-m/nofp/crt0.o (exit)
c:/st/stm32cubeide_1.5.0/stm32cubeide/plugins/com.st.stm32cube.ide.mcu.externaltools.gnu-tools-for-stm32.9-2020-q2-update.win32_1.5.0.202011040924/tools/bin/../lib/gcc/arm-none-eabi/9.3.1/../../../../arm-none-eabi/lib/thumb/v7e-m/nofp\libc_nano.a(lib_a-impure.o)
                              c:/st/stm32cubeide_1.5.0/stm32cubeide/plugins/com.st.stm32cube.ide.mcu.externaltools.gnu-tools-for-stm32.9-2020-q2-update.win32_1.5.0.202011040924/tools/bin/../lib/gcc/arm-none-eabi/9.3.1/../../../../arm-none-eabi/lib/thumb/v7e-m/nofp\libc_nano.a(lib_a-exit.o) (_global_impure_ptr)
c:/st/stm32cubeide_1.5.0/stm32cubeide/plugins/com.st.stm32cube.ide.mcu.externaltools.gnu-tools-for-stm32.9-2020-q2-update.win32_1.5.0.202011040924/tools/bin/../lib/gcc/arm-none-eabi/9.3.1/../../../../arm-none-eabi/lib/thumb/v7e-m/nofp\libc_nano.a(lib_a-init.o)
                              c:/st/stm32cubeide_1.5.0/stm32cubeide/plugins/com.st.stm32cube.ide.mcu.externaltools.gnu-tools-for-stm32.9-2020-q2-update.win32_1.5.0.202011040924/tools/bin/../lib/gcc/arm-none-eabi/9.3.1/../../../../arm-none-eabi/lib/thumb/v7e-m/nofp/crt0.o (__libc_init_array)
c:/st/stm32cubeide_1.5.0/stm32cubeide/plugins/com.st.stm32cube.ide.mcu.externaltools.gnu-tools-for-stm32.9-2020-q2-update.win32_1.5.0.202011040924/tools/bin/../lib/gcc/arm-none-eabi/9.3.1/../../../../arm-none-eabi/lib/thumb/v7e-m/nofp\libc_nano.a(lib_a-memcpy-stub.o)
                              Middlewares/Third_Party/FreeRTOS/Source/CMSIS_RTOS_V2/cmsis_os2.o (memcpy)
c:/st/stm32cubeide_1.5.0/stm32cubeide/plugins/com.st.stm32cube.ide.mcu.externaltools.gnu-tools-for-stm32.9-2020-q2-update.win32_1.5.0.202011040924/tools/bin/../lib/gcc/arm-none-eabi/9.3.1/../../../../arm-none-eabi/lib/thumb/v7e-m/nofp\libc_nano.a(lib_a-memset.o)
                              c:/st/stm32cubeide_1.5.0/stm32cubeide/plugins/com.st.stm32cube.ide.mcu.externaltools.gnu-tools-for-stm32.9-2020-q2-update.win32_1.5.0.202011040924/tools/bin/../lib/gcc/arm-none-eabi/9.3.1/../../../../arm-none-eabi/lib/thumb/v7e-m/nofp/crt0.o (memset)
c:/st/stm32cubeide_1.5.0/stm32cubeide/plugins/com.st.stm32cube.ide.mcu.externaltools.gnu-tools-for-stm32.9-2020-q2-update.win32_1.5.0.202011040924/tools/bin/../lib/gcc/arm-none-eabi/9.3.1/../../../../arm-none-eabi/lib/thumb/v7e-m/nofp\libc_nano.a(lib_a-strlen.o)
                              Utilities/misc/stm32_tiny_sscanf.o (strlen)
c:/st/stm32cubeide_1.5.0/stm32cubeide/plugins/com.st.stm32cube.ide.mcu.externaltools.gnu-tools-for-stm32.9-2020-q2-update.win32_1.5.0.202011040924/tools/bin/../lib/gcc/arm-none-eabi/9.3.1/thumb/v7e-m/nofp\libgcc.a(_aeabi_uldivmod.o)
                              Drivers/STM32WLxx_HAL_Driver/Src/stm32wlxx_hal_uart.o (__aeabi_uldivmod)
c:/st/stm32cubeide_1.5.0/stm32cubeide/plugins/com.st.stm32cube.ide.mcu.externaltools.gnu-tools-for-stm32.9-2020-q2-update.win32_1.5.0.202011040924/tools/bin/../lib/gcc/arm-none-eabi/9.3.1/thumb/v7e-m/nofp\libgcc.a(_udivmoddi4.o)
                              c:/st/stm32cubeide_1.5.0/stm32cubeide/plugins/com.st.stm32cube.ide.mcu.externaltools.gnu-tools-for-stm32.9-2020-q2-update.win32_1.5.0.202011040924/tools/bin/../lib/gcc/arm-none-eabi/9.3.1/thumb/v7e-m/nofp\libgcc.a(_aeabi_uldivmod.o) (__udivmoddi4)
c:/st/stm32cubeide_1.5.0/stm32cubeide/plugins/com.st.stm32cube.ide.mcu.externaltools.gnu-tools-for-stm32.9-2020-q2-update.win32_1.5.0.202011040924/tools/bin/../lib/gcc/arm-none-eabi/9.3.1/thumb/v7e-m/nofp\libgcc.a(_dvmd_tls.o)
                              c:/st/stm32cubeide_1.5.0/stm32cubeide/plugins/com.st.stm32cube.ide.mcu.externaltools.gnu-tools-for-stm32.9-2020-q2-update.win32_1.5.0.202011040924/tools/bin/../lib/gcc/arm-none-eabi/9.3.1/thumb/v7e-m/nofp\libgcc.a(_aeabi_uldivmod.o) (__aeabi_ldiv0)

Allocating common symbols
Common symbol       size              file

hsubghz             0xc               Core/Src/subghz.o
uwTick              0x4               Drivers/STM32WLxx_HAL_Driver/Src/stm32wlxx_hal.o
xQueueRegistry      0x40              Middlewares/Third_Party/FreeRTOS/Source/queue.o
[...]
Memory Configuration

Name             Origin             Length             Attributes
RAM1             0x0000000020000000 0x0000000000008000 xrw
RAM2             0x0000000020008000 0x0000000000008000 xrw
FLASH            0x0000000008000000 0x0000000000040000 xr
*default*        0x0000000000000000 0xffffffffffffffff

Linker script and memory map

LOAD c:/st/stm32cubeide_1.5.0/stm32cubeide/plugins/com.st.stm32cube.ide.mcu.externaltools.gnu-tools-for-stm32.9-2020-q2-update.win32_1.5.0.202011040924/tools/bin/../lib/gcc/arm-none-eabi/9.3.1/thumb/v7e-m/nofp/crti.o
LOAD c:/st/stm32cubeide_1.5.0/stm32cubeide/plugins/com.st.stm32cube.ide.mcu.externaltools.gnu-tools-for-stm32.9-2020-q2-update.win32_1.5.0.202011040924/tools/bin/../lib/gcc/arm-none-eabi/9.3.1/thumb/v7e-m/nofp/crtbegin.o
LOAD c:/st/stm32cubeide_1.5.0/stm32cubeide/plugins/com.st.stm32cube.ide.mcu.externaltools.gnu-tools-for-stm32.9-2020-q2-update.win32_1.5.0.202011040924/tools/bin/../lib/gcc/arm-none-eabi/9.3.1/../../../../arm-none-eabi/lib/thumb/v7e-m/nofp/crt0.o
LOAD Core/Src/app_freertos.o
LOAD Core/Src/gpio.o
LOAD Core/Src/main.o
LOAD Core/Src/stm32_adv_trace_if.o
LOAD Core/Src/stm32_lpm_if.o
LOAD Core/Src/stm32wlxx_hal_msp.o
LOAD Core/Src/stm32wlxx_hal_timebase_tim.o
LOAD Core/Src/stm32wlxx_it.o
LOAD Core/Src/subghz.o
LOAD Core/Src/sys_app.o
LOAD Core/Src/syscalls.o
LOAD Core/Src/sysmem.o
LOAD Core/Src/system_stm32wlxx.o
LOAD Core/Src/timer_if.o
LOAD Core/Src/usart.o
LOAD Core/Startup/startup_stm32wl55jcix.o
LOAD Drivers/STM32WLxx_HAL_Driver/Src/stm32wlxx_hal.o
LOAD Drivers/STM32WLxx_HAL_Driver/Src/stm32wlxx_hal_cortex.o
LOAD Drivers/STM32WLxx_HAL_Driver/Src/stm32wlxx_hal_dma.o
LOAD Drivers/STM32WLxx_HAL_Driver/Src/stm32wlxx_hal_dma_ex.o
LOAD Drivers/STM32WLxx_HAL_Driver/Src/stm32wlxx_hal_exti.o
LOAD Drivers/STM32WLxx_HAL_Driver/Src/stm32wlxx_hal_flash.o
LOAD Drivers/STM32WLxx_HAL_Driver/Src/stm32wlxx_hal_flash_ex.o
LOAD Drivers/STM32WLxx_HAL_Driver/Src/stm32wlxx_hal_gpio.o
LOAD Drivers/STM32WLxx_HAL_Driver/Src/stm32wlxx_hal_pwr.o
LOAD Drivers/STM32WLxx_HAL_Driver/Src/stm32wlxx_hal_pwr_ex.o
LOAD Drivers/STM32WLxx_HAL_Driver/Src/stm32wlxx_hal_rcc.o
LOAD Drivers/STM32WLxx_HAL_Driver/Src/stm32wlxx_hal_rcc_ex.o
LOAD Drivers/STM32WLxx_HAL_Driver/Src/stm32wlxx_hal_subghz.o
LOAD Drivers/STM32WLxx_HAL_Driver/Src/stm32wlxx_hal_tim.o
LOAD Drivers/STM32WLxx_HAL_Driver/Src/stm32wlxx_hal_tim_ex.o
LOAD Drivers/STM32WLxx_HAL_Driver/Src/stm32wlxx_hal_uart.o
LOAD Drivers/STM32WLxx_HAL_Driver/Src/stm32wlxx_hal_uart_ex.o
LOAD Middlewares/Third_Party/FreeRTOS/Source/CMSIS_RTOS_V2/cmsis_os2.o
LOAD Middlewares/Third_Party/FreeRTOS/Source/croutine.o
LOAD Middlewares/Third_Party/FreeRTOS/Source/event_groups.o
LOAD Middlewares/Third_Party/FreeRTOS/Source/list.o
LOAD Middlewares/Third_Party/FreeRTOS/Source/queue.o
LOAD Middlewares/Third_Party/FreeRTOS/Source/stream_buffer.o
LOAD Middlewares/Third_Party/FreeRTOS/Source/tasks.o
LOAD Middlewares/Third_Party/FreeRTOS/Source/timers.o
LOAD Middlewares/Third_Party/FreeRTOS/Source/portable/GCC/ARM_CM3/port.o
LOAD Middlewares/Third_Party/FreeRTOS/Source/portable/MemMang/heap_4.o
LOAD Middlewares/Third_Party/SubGHz_Phy/stm32_radio_driver/radio.o
LOAD Middlewares/Third_Party/SubGHz_Phy/stm32_radio_driver/radio_driver.o
LOAD SubGHz_Phy/App/app_subghz_phy.o
LOAD SubGHz_Phy/App/subghz_phy_app.o
LOAD SubGHz_Phy/Target/radio_board_if.o
LOAD Utilities/lpm/tiny_lpm/stm32_lpm.o
LOAD Utilities/misc/stm32_mem.o
LOAD Utilities/misc/stm32_systime.o
LOAD Utilities/misc/stm32_tiny_sscanf.o
LOAD Utilities/misc/stm32_tiny_vsnprintf.o
LOAD Utilities/timer/stm32_timer.o
LOAD Utilities/trace/adv_trace/stm32_adv_trace.o
START GROUP
LOAD c:/st/stm32cubeide_1.5.0/stm32cubeide/plugins/com.st.stm32cube.ide.mcu.externaltools.gnu-tools-for-stm32.9-2020-q2-update.win32_1.5.0.202011040924/tools/bin/../lib/gcc/arm-none-eabi/9.3.1/../../../../arm-none-eabi/lib/thumb/v7e-m/nofp\libc_nano.a
LOAD c:/st/stm32cubeide_1.5.0/stm32cubeide/plugins/com.st.stm32cube.ide.mcu.externaltools.gnu-tools-for-stm32.9-2020-q2-update.win32_1.5.0.202011040924/tools/bin/../lib/gcc/arm-none-eabi/9.3.1/../../../../arm-none-eabi/lib/thumb/v7e-m/nofp\libm.a
END GROUP
START GROUP
LOAD c:/st/stm32cubeide_1.5.0/stm32cubeide/plugins/com.st.stm32cube.ide.mcu.externaltools.gnu-tools-for-stm32.9-2020-q2-update.win32_1.5.0.202011040924/tools/bin/../lib/gcc/arm-none-eabi/9.3.1/thumb/v7e-m/nofp\libgcc.a
LOAD c:/st/stm32cubeide_1.5.0/stm32cubeide/plugins/com.st.stm32cube.ide.mcu.externaltools.gnu-tools-for-stm32.9-2020-q2-update.win32_1.5.0.202011040924/tools/bin/../lib/gcc/arm-none-eabi/9.3.1/../../../../arm-none-eabi/lib/thumb/v7e-m/nofp\libc_nano.a
END GROUP
START GROUP
LOAD c:/st/stm32cubeide_1.5.0/stm32cubeide/plugins/com.st.stm32cube.ide.mcu.externaltools.gnu-tools-for-stm32.9-2020-q2-update.win32_1.5.0.202011040924/tools/bin/../lib/gcc/arm-none-eabi/9.3.1/thumb/v7e-m/nofp\libgcc.a
LOAD c:/st/stm32cubeide_1.5.0/stm32cubeide/plugins/com.st.stm32cube.ide.mcu.externaltools.gnu-tools-for-stm32.9-2020-q2-update.win32_1.5.0.202011040924/tools/bin/../lib/gcc/arm-none-eabi/9.3.1/../../../../arm-none-eabi/lib/thumb/v7e-m/nofp\libc_nano.a
LOAD c:/st/stm32cubeide_1.5.0/stm32cubeide/plugins/com.st.stm32cube.ide.mcu.externaltools.gnu-tools-for-stm32.9-2020-q2-update.win32_1.5.0.202011040924/tools/bin/../lib/gcc/arm-none-eabi/9.3.1/../../../../arm-none-eabi/lib/thumb/v7e-m/nofp\libnosys.a
END GROUP
START GROUP
LOAD c:/st/stm32cubeide_1.5.0/stm32cubeide/plugins/com.st.stm32cube.ide.mcu.externaltools.gnu-tools-for-stm32.9-2020-q2-update.win32_1.5.0.202011040924/tools/bin/../lib/gcc/arm-none-eabi/9.3.1/thumb/v7e-m/nofp\libgcc.a
LOAD c:/st/stm32cubeide_1.5.0/stm32cubeide/plugins/com.st.stm32cube.ide.mcu.externaltools.gnu-tools-for-stm32.9-2020-q2-update.win32_1.5.0.202011040924/tools/bin/../lib/gcc/arm-none-eabi/9.3.1/../../../../arm-none-eabi/lib/thumb/v7e-m/nofp\libc_nano.a
LOAD c:/st/stm32cubeide_1.5.0/stm32cubeide/plugins/com.st.stm32cube.ide.mcu.externaltools.gnu-tools-for-stm32.9-2020-q2-update.win32_1.5.0.202011040924/tools/bin/../lib/gcc/arm-none-eabi/9.3.1/../../../../arm-none-eabi/lib/thumb/v7e-m/nofp\libnosys.a
END GROUP
LOAD c:/st/stm32cubeide_1.5.0/stm32cubeide/plugins/com.st.stm32cube.ide.mcu.externaltools.gnu-tools-for-stm32.9-2020-q2-update.win32_1.5.0.202011040924/tools/bin/../lib/gcc/arm-none-eabi/9.3.1/thumb/v7e-m/nofp/crtend.o
LOAD c:/st/stm32cubeide_1.5.0/stm32cubeide/plugins/com.st.stm32cube.ide.mcu.externaltools.gnu-tools-for-stm32.9-2020-q2-update.win32_1.5.0.202011040924/tools/bin/../lib/gcc/arm-none-eabi/9.3.1/thumb/v7e-m/nofp/crtn.o
                0x0000000020008000                _estack = (ORIGIN (RAM1) + LENGTH (RAM1))
                0x0000000000000200                _Min_Heap_Size = 0x200
                0x0000000000000400                _Min_Stack_Size = 0x400

.isr_vector     0x0000000008000000      0x138
                0x0000000008000000                . = ALIGN (0x4)
 *(.isr_vector)
 .isr_vector    0x0000000008000000      0x138 Core/Startup/startup_stm32wl55jcix.o
                0x0000000008000000                g_pfnVectors
                0x0000000008000138                . = ALIGN (0x4)

.text           0x0000000008000140     0x9ab4
                0x0000000008000140                . = ALIGN (0x4)
 *(.text)
 .text          0x0000000008000140       0x40 c:/st/stm32cubeide_1.5.0/stm32cubeide/plugins/com.st.stm32cube.ide.mcu.externaltools.gnu-tools-for-stm32.9-2020-q2-update.win32_1.5.0.202011040924/tools/bin/../lib/gcc/arm-none-eabi/9.3.1/thumb/v7e-m/nofp/crtbegin.o
 .text          0x0000000008000180       0x30 c:/st/stm32cubeide_1.5.0/stm32cubeide/plugins/com.st.stm32cube.ide.mcu.externaltools.gnu-tools-for-stm32.9-2020-q2-update.win32_1.5.0.202011040924/tools/bin/../lib/gcc/arm-none-eabi/9.3.1/thumb/v7e-m/nofp\libgcc.a(_aeabi_uldivmod.o)
                0x0000000008000180                __aeabi_uldivmod
 .text          0x00000000080001b0      0x2c0 c:/st/stm32cubeide_1.5.0/stm32cubeide/plugins/com.st.stm32cube.ide.mcu.externaltools.gnu-tools-for-stm32.9-2020-q2-update.win32_1.5.0.202011040924/tools/bin/../lib/gcc/arm-none-eabi/9.3.1/thumb/v7e-m/nofp\libgcc.a(_udivmoddi4.o)
                0x00000000080001b0                __udivmoddi4
 .text          0x0000000008000470        0x4 c:/st/stm32cubeide_1.5.0/stm32cubeide/plugins/com.st.stm32cube.ide.mcu.externaltools.gnu-tools-for-stm32.9-2020-q2-update.win32_1.5.0.202011040924/tools/bin/../lib/gcc/arm-none-eabi/9.3.1/thumb/v7e-m/nofp\libgcc.a(_dvmd_tls.o)
                0x0000000008000470                __aeabi_idiv0
                0x0000000008000470                __aeabi_ldiv0
 *(.text*)
 .text.MX_FREERTOS_Init
                0x0000000008000474       0x24 Core/Src/app_freertos.o
                0x0000000008000474                MX_FREERTOS_Init
 .text.initTask
                0x0000000008000498       0x14 Core/Src/app_freertos.o
                0x0000000008000498                initTask
 .text.LL_AHB2_GRP1_EnableClock
                0x00000000080004ac       0x30 Core/Src/gpio.o
 .text.MX_GPIO_Init
                0x00000000080004dc       0xb0 Core/Src/gpio.o
                0x00000000080004dc                MX_GPIO_Init
 .text.LL_RCC_LSE_SetDriveCapability
                0x000000000800058c       0x2a Core/Src/main.o
 .text.main     0x00000000080005b6       0x26 Core/Src/main.o
                0x00000000080005b6                main
 .text.SystemClock_Config
                0x00000000080005dc       0xb0 Core/Src/main.o
                0x00000000080005dc                SystemClock_Config
 .text.HAL_TIM_PeriodElapsedCallback
                0x000000000800068c       0x24 Core/Src/main.o
                0x000000000800068c                HAL_TIM_PeriodElapsedCallback
 .text.Error_Handler
                0x00000000080006b0        0xa Core/Src/main.o
                0x00000000080006b0                Error_Handler
 .text.HAL_MspInit
                0x00000000080006ba       0x14 Core/Src/stm32wlxx_hal_msp.o
                0x00000000080006ba                HAL_MspInit
 .text.LL_APB2_GRP1_EnableClock
                0x00000000080006ce       0x30 Core/Src/stm32wlxx_hal_timebase_tim.o
 *fill*         0x00000000080006fe        0x2 
 .text.HAL_InitTick
                0x0000000008000700       0xcc Core/Src/stm32wlxx_hal_timebase_tim.o
                0x0000000008000700                HAL_InitTick
 .text.NMI_Handler
                0x00000000080007cc        0x6 Core/Src/stm32wlxx_it.o
                0x00000000080007cc                NMI_Handler
 .text.HardFault_Handler
                0x00000000080007d2        0x6 Core/Src/stm32wlxx_it.o
                0x00000000080007d2                HardFault_Handler
 .text.MemManage_Handler
                0x00000000080007d8        0x6 Core/Src/stm32wlxx_it.o
                0x00000000080007d8                MemManage_Handler
 .text.BusFault_Handler
                0x00000000080007de        0x6 Core/Src/stm32wlxx_it.o
                0x00000000080007de                BusFault_Handler
 .text.UsageFault_Handler
                0x00000000080007e4        0x6 Core/Src/stm32wlxx_it.o
                0x00000000080007e4                UsageFault_Handler
 .text.DebugMon_Handler
                0x00000000080007ea        0xc Core/Src/stm32wlxx_it.o
                0x00000000080007ea                DebugMon_Handler
 *fill*         0x00000000080007f6        0x2 
 .text.TIM1_UP_IRQHandler
                0x00000000080007f8       0x14 Core/Src/stm32wlxx_it.o
                0x00000000080007f8                TIM1_UP_IRQHandler
 .text.LL_APB3_GRP1_EnableClock
                0x000000000800080c       0x30 Core/Src/subghz.o
 .text.MX_SUBGHZ_Init
                0x000000000800083c       0x24 Core/Src/subghz.o
                0x000000000800083c                MX_SUBGHZ_Init
 .text.HAL_SUBGHZ_MspInit
                0x0000000008000860       0x16 Core/Src/subghz.o
                0x0000000008000860                HAL_SUBGHZ_MspInit
 .text.SystemApp_Init
                0x0000000008000876        0xc Core/Src/sys_app.o
                0x0000000008000876                SystemApp_Init
 .text.SystemInit
                0x0000000008000882        0xc Core/Src/system_stm32wlxx.o
                0x0000000008000882                SystemInit
 .text.TIMER_IF_Init
                0x000000000800088e       0x16 Core/Src/timer_if.o
                0x000000000800088e                TIMER_IF_Init
 .text.TIMER_IF_StartTimer
                0x00000000080008a4       0x18 Core/Src/timer_if.o
                0x00000000080008a4                TIMER_IF_StartTimer
 .text.TIMER_IF_StopTimer
                0x00000000080008bc       0x16 Core/Src/timer_if.o
                0x00000000080008bc                TIMER_IF_StopTimer
 .text.TIMER_IF_SetTimerContext
                0x00000000080008d2       0x16 Core/Src/timer_if.o
                0x00000000080008d2                TIMER_IF_SetTimerContext
 .text.TIMER_IF_GetTimerContext
                0x00000000080008e8       0x16 Core/Src/timer_if.o
                0x00000000080008e8                TIMER_IF_GetTimerContext
 .text.TIMER_IF_GetTimerElapsedTime
                0x00000000080008fe       0x16 Core/Src/timer_if.o
                0x00000000080008fe                TIMER_IF_GetTimerElapsedTime
 .text.TIMER_IF_GetTimerValue
                0x0000000008000914       0x16 Core/Src/timer_if.o
                0x0000000008000914                TIMER_IF_GetTimerValue
 .text.TIMER_IF_GetMinimumTimeout
                0x000000000800092a       0x16 Core/Src/timer_if.o
                0x000000000800092a                TIMER_IF_GetMinimumTimeout
 .text.TIMER_IF_Convert_ms2Tick
                0x0000000008000940       0x18 Core/Src/timer_if.o
                0x0000000008000940                TIMER_IF_Convert_ms2Tick
 .text.TIMER_IF_Convert_Tick2ms
                0x0000000008000958       0x18 Core/Src/timer_if.o
                0x0000000008000958                TIMER_IF_Convert_Tick2ms
 .text.LL_AHB2_GRP1_EnableClock
                0x0000000008000970       0x30 Core/Src/usart.o
 .text.LL_APB1_GRP1_EnableClock
                0x00000000080009a0       0x30 Core/Src/usart.o
 .text.MX_USART2_UART_Init
                0x00000000080009d0       0x98 Core/Src/usart.o
                0x00000000080009d0                MX_USART2_UART_Init
 .text.HAL_UART_MspInit
                0x0000000008000a68       0x8c Core/Src/usart.o
                0x0000000008000a68                HAL_UART_MspInit
 .text.Reset_Handler
                0x0000000008000af4       0x50 Core/Startup/startup_stm32wl55jcix.o
                0x0000000008000af4                Reset_Handler
 .text.Default_Handler
                0x0000000008000b44        0x2 Core/Startup/startup_stm32wl55jcix.o
                0x0000000008000b44                RTC_Alarm_IRQHandler
                0x0000000008000b44                EXTI2_IRQHandler
                0x0000000008000b44                TIM1_CC_IRQHandler
                0x0000000008000b44                EXTI3_IRQHandler
                0x0000000008000b44                LPTIM2_IRQHandler
                0x0000000008000b44                I2C3_ER_IRQHandler
                0x0000000008000b44                LPTIM3_IRQHandler
                0x0000000008000b44                EXTI0_IRQHandler
                0x0000000008000b44                I2C2_EV_IRQHandler
                0x0000000008000b44                TAMP_STAMP_LSECSS_SSRU_IRQHandler
                0x0000000008000b44                SPI1_IRQHandler
                0x0000000008000b44                DMA2_Channel2_IRQHandler
                0x0000000008000b44                DMA1_Channel4_IRQHandler
                0x0000000008000b44                PKA_IRQHandler
                0x0000000008000b44                TIM17_IRQHandler
                0x0000000008000b44                DMA1_Channel7_IRQHandler
                0x0000000008000b44                SUBGHZSPI_IRQHandler
                0x0000000008000b44                IPCC_C1_TX_IRQHandler
                0x0000000008000b44                DMA2_Channel1_IRQHandler
                0x0000000008000b44                I2C1_EV_IRQHandler
                0x0000000008000b44                SUBGHZ_Radio_IRQHandler
                0x0000000008000b44                DMAMUX1_OVR_IRQHandler
                0x0000000008000b44                DMA1_Channel6_IRQHandler
                0x0000000008000b44                TIM16_IRQHandler
                0x0000000008000b44                DMA2_Channel4_IRQHandler
                0x0000000008000b44                RCC_IRQHandler
                0x0000000008000b44                TIM1_TRG_COM_IRQHandler
                0x0000000008000b44                DMA1_Channel1_IRQHandler
                0x0000000008000b44                Default_Handler
                0x0000000008000b44                DMA2_Channel7_IRQHandler
                0x0000000008000b44                EXTI15_10_IRQHandler
                0x0000000008000b44                IPCC_C1_RX_IRQHandler
                0x0000000008000b44                ADC_IRQHandler
                0x0000000008000b44                C2SEV_PWR_C2H_IRQHandler
                0x0000000008000b44                I2C3_EV_IRQHandler
                0x0000000008000b44                EXTI9_5_IRQHandler
                0x0000000008000b44                RTC_WKUP_IRQHandler
                0x0000000008000b44                PVD_PVM_IRQHandler
                0x0000000008000b44                SPI2_IRQHandler
                0x0000000008000b44                DMA2_Channel5_IRQHandler
                0x0000000008000b44                DMA1_Channel5_IRQHandler
                0x0000000008000b44                EXTI4_IRQHandler
                0x0000000008000b44                RNG_IRQHandler
                0x0000000008000b44                DMA1_Channel3_IRQHandler
                0x0000000008000b44                COMP_IRQHandler
                0x0000000008000b44                HSEM_IRQHandler
                0x0000000008000b44                WWDG_IRQHandler
                0x0000000008000b44                LPUART1_IRQHandler
                0x0000000008000b44                DMA2_Channel6_IRQHandler
                0x0000000008000b44                TIM2_IRQHandler
                0x0000000008000b44                TIM1_BRK_IRQHandler
                0x0000000008000b44                DAC_IRQHandler
                0x0000000008000b44                EXTI1_IRQHandler
                0x0000000008000b44                AES_IRQHandler
                0x0000000008000b44                USART2_IRQHandler
                0x0000000008000b44                I2C2_ER_IRQHandler
                0x0000000008000b44                DMA1_Channel2_IRQHandler
                0x0000000008000b44                FLASH_IRQHandler
                0x0000000008000b44                USART1_IRQHandler
                0x0000000008000b44                I2C1_ER_IRQHandler
                0x0000000008000b44                LPTIM1_IRQHandler
                0x0000000008000b44                DMA2_Channel3_IRQHandler
 *fill*         0x0000000008000b46        0x2 
 .text.HAL_Init
                0x0000000008000b48       0x40 Drivers/STM32WLxx_HAL_Driver/Src/stm32wlxx_hal.o
                0x0000000008000b48                HAL_Init
 .text.HAL_IncTick
                0x0000000008000b88       0x24 Drivers/STM32WLxx_HAL_Driver/Src/stm32wlxx_hal.o
                0x0000000008000b88                HAL_IncTick
 .text.HAL_GetTick
                0x0000000008000bac       0x14 Drivers/STM32WLxx_HAL_Driver/Src/stm32wlxx_hal.o
                0x0000000008000bac                HAL_GetTick
 .text.HAL_Delay
                0x0000000008000bc0       0x48 Drivers/STM32WLxx_HAL_Driver/Src/stm32wlxx_hal.o
                0x0000000008000bc0                HAL_Delay
 .text.__NVIC_SetPriorityGrouping
                0x0000000008000c08       0x48 Drivers/STM32WLxx_HAL_Driver/Src/stm32wlxx_hal_cortex.o
 .text.__NVIC_GetPriorityGrouping
                0x0000000008000c50       0x1c Drivers/STM32WLxx_HAL_Driver/Src/stm32wlxx_hal_cortex.o
 .text.__NVIC_EnableIRQ
                0x0000000008000c6c       0x38 Drivers/STM32WLxx_HAL_Driver/Src/stm32wlxx_hal_cortex.o
 .text.__NVIC_SetPriority
                0x0000000008000ca4       0x54 Drivers/STM32WLxx_HAL_Driver/Src/stm32wlxx_hal_cortex.o
 .text.NVIC_EncodePriority
                0x0000000008000cf8       0x64 Drivers/STM32WLxx_HAL_Driver/Src/stm32wlxx_hal_cortex.o
 .text.HAL_NVIC_SetPriorityGrouping
                0x0000000008000d5c       0x16 Drivers/STM32WLxx_HAL_Driver/Src/stm32wlxx_hal_cortex.o
                0x0000000008000d5c                HAL_NVIC_SetPriorityGrouping
 .text.HAL_NVIC_SetPriority
                0x0000000008000d72       0x34 Drivers/STM32WLxx_HAL_Driver/Src/stm32wlxx_hal_cortex.o
                0x0000000008000d72                HAL_NVIC_SetPriority
 .text.HAL_NVIC_EnableIRQ
                0x0000000008000da6       0x1c Drivers/STM32WLxx_HAL_Driver/Src/stm32wlxx_hal_cortex.o
                0x0000000008000da6                HAL_NVIC_EnableIRQ
 *fill*         0x0000000008000dc2        0x2 
 .text.HAL_GPIO_Init
                0x0000000008000dc4      0x2c0 Drivers/STM32WLxx_HAL_Driver/Src/stm32wlxx_hal_gpio.o
                0x0000000008000dc4                HAL_GPIO_Init
 .text.HAL_GPIO_WritePin
                0x0000000008001084       0x2e Drivers/STM32WLxx_HAL_Driver/Src/stm32wlxx_hal_gpio.o
                0x0000000008001084                HAL_GPIO_WritePin
 *fill*         0x00000000080010b2        0x2 
 .text.HAL_PWR_EnableBkUpAccess
                0x00000000080010b4       0x1c Drivers/STM32WLxx_HAL_Driver/Src/stm32wlxx_hal_pwr.o
                0x00000000080010b4                HAL_PWR_EnableBkUpAccess
 .text.HAL_PWREx_GetVoltageRange
                0x00000000080010d0       0x18 Drivers/STM32WLxx_HAL_Driver/Src/stm32wlxx_hal_pwr_ex.o
                0x00000000080010d0                HAL_PWREx_GetVoltageRange
 .text.LL_PWR_IsEnabledBkUpAccess
                0x00000000080010e8       0x24 Drivers/STM32WLxx_HAL_Driver/Src/stm32wlxx_hal_rcc.o
 .text.LL_RCC_HSE_EnableTcxo
                0x000000000800110c       0x1c Drivers/STM32WLxx_HAL_Driver/Src/stm32wlxx_hal_rcc.o
 .text.LL_RCC_HSE_DisableTcxo
                0x0000000008001128       0x1c Drivers/STM32WLxx_HAL_Driver/Src/stm32wlxx_hal_rcc.o
 .text.LL_RCC_HSE_IsEnabledDiv2
                0x0000000008001144       0x22 Drivers/STM32WLxx_HAL_Driver/Src/stm32wlxx_hal_rcc.o
 .text.LL_RCC_HSE_Enable
                0x0000000008001166       0x1c Drivers/STM32WLxx_HAL_Driver/Src/stm32wlxx_hal_rcc.o
 .text.LL_RCC_HSE_Disable
                0x0000000008001182       0x1c Drivers/STM32WLxx_HAL_Driver/Src/stm32wlxx_hal_rcc.o
 .text.LL_RCC_HSE_IsReady
                0x000000000800119e       0x22 Drivers/STM32WLxx_HAL_Driver/Src/stm32wlxx_hal_rcc.o
 .text.LL_RCC_HSI_Enable
                0x00000000080011c0       0x1c Drivers/STM32WLxx_HAL_Driver/Src/stm32wlxx_hal_rcc.o
 .text.LL_RCC_HSI_Disable
                0x00000000080011dc       0x1c Drivers/STM32WLxx_HAL_Driver/Src/stm32wlxx_hal_rcc.o
 .text.LL_RCC_HSI_IsReady
                0x00000000080011f8       0x22 Drivers/STM32WLxx_HAL_Driver/Src/stm32wlxx_hal_rcc.o
 .text.LL_RCC_HSI_SetCalibTrimming
                0x000000000800121a       0x28 Drivers/STM32WLxx_HAL_Driver/Src/stm32wlxx_hal_rcc.o
 .text.LL_RCC_LSE_IsReady
                0x0000000008001242       0x22 Drivers/STM32WLxx_HAL_Driver/Src/stm32wlxx_hal_rcc.o
 .text.LL_RCC_LSI_Enable
                0x0000000008001264       0x20 Drivers/STM32WLxx_HAL_Driver/Src/stm32wlxx_hal_rcc.o
 .text.LL_RCC_LSI_Disable
                0x0000000008001284       0x20 Drivers/STM32WLxx_HAL_Driver/Src/stm32wlxx_hal_rcc.o
 .text.LL_RCC_LSI_IsReady
                0x00000000080012a4       0x22 Drivers/STM32WLxx_HAL_Driver/Src/stm32wlxx_hal_rcc.o
 .text.LL_RCC_MSI_Enable
                0x00000000080012c6       0x1c Drivers/STM32WLxx_HAL_Driver/Src/stm32wlxx_hal_rcc.o
 .text.LL_RCC_MSI_Disable
                0x00000000080012e2       0x1c Drivers/STM32WLxx_HAL_Driver/Src/stm32wlxx_hal_rcc.o
 .text.LL_RCC_MSI_IsReady
                0x00000000080012fe       0x20 Drivers/STM32WLxx_HAL_Driver/Src/stm32wlxx_hal_rcc.o
 .text.LL_RCC_MSI_IsEnabledRangeSelect
                0x000000000800131e       0x20 Drivers/STM32WLxx_HAL_Driver/Src/stm32wlxx_hal_rcc.o
 .text.LL_RCC_MSI_GetRange
                0x000000000800133e       0x16 Drivers/STM32WLxx_HAL_Driver/Src/stm32wlxx_hal_rcc.o
 .text.LL_RCC_MSI_GetRangeAfterStandby
                0x0000000008001354       0x18 Drivers/STM32WLxx_HAL_Driver/Src/stm32wlxx_hal_rcc.o
 .text.LL_RCC_MSI_SetCalibTrimming
                0x000000000800136c       0x28 Drivers/STM32WLxx_HAL_Driver/Src/stm32wlxx_hal_rcc.o
 .text.LL_RCC_SetSysClkSource
                0x0000000008001394       0x26 Drivers/STM32WLxx_HAL_Driver/Src/stm32wlxx_hal_rcc.o
 .text.LL_RCC_GetSysClkSource
                0x00000000080013ba       0x16 Drivers/STM32WLxx_HAL_Driver/Src/stm32wlxx_hal_rcc.o
 .text.LL_RCC_SetAHBPrescaler
                0x00000000080013d0       0x26 Drivers/STM32WLxx_HAL_Driver/Src/stm32wlxx_hal_rcc.o
 .text.LL_C2_RCC_SetAHBPrescaler
                0x00000000080013f6       0x2a Drivers/STM32WLxx_HAL_Driver/Src/stm32wlxx_hal_rcc.o
 .text.LL_RCC_SetAHB3Prescaler
                0x0000000008001420       0x2c Drivers/STM32WLxx_HAL_Driver/Src/stm32wlxx_hal_rcc.o
 .text.LL_RCC_SetAPB1Prescaler
                0x000000000800144c       0x26 Drivers/STM32WLxx_HAL_Driver/Src/stm32wlxx_hal_rcc.o
 .text.LL_RCC_SetAPB2Prescaler
                0x0000000008001472       0x26 Drivers/STM32WLxx_HAL_Driver/Src/stm32wlxx_hal_rcc.o
 .text.LL_RCC_GetAHBPrescaler
                0x0000000008001498       0x16 Drivers/STM32WLxx_HAL_Driver/Src/stm32wlxx_hal_rcc.o
 .text.LL_C2_RCC_GetAHBPrescaler
                0x00000000080014ae       0x18 Drivers/STM32WLxx_HAL_Driver/Src/stm32wlxx_hal_rcc.o
 .text.LL_RCC_GetAHB3Prescaler
                0x00000000080014c6       0x1a Drivers/STM32WLxx_HAL_Driver/Src/stm32wlxx_hal_rcc.o
 .text.LL_RCC_GetAPB1Prescaler
                0x00000000080014e0       0x16 Drivers/STM32WLxx_HAL_Driver/Src/stm32wlxx_hal_rcc.o
 .text.LL_RCC_GetAPB2Prescaler
                0x00000000080014f6       0x16 Drivers/STM32WLxx_HAL_Driver/Src/stm32wlxx_hal_rcc.o
 .text.LL_RCC_PLL_Enable
                0x000000000800150c       0x1c Drivers/STM32WLxx_HAL_Driver/Src/stm32wlxx_hal_rcc.o
 .text.LL_RCC_PLL_Disable
                0x0000000008001528       0x1c Drivers/STM32WLxx_HAL_Driver/Src/stm32wlxx_hal_rcc.o
 .text.LL_RCC_PLL_IsReady
                0x0000000008001544       0x22 Drivers/STM32WLxx_HAL_Driver/Src/stm32wlxx_hal_rcc.o
 .text.LL_RCC_PLL_GetN
                0x0000000008001566       0x18 Drivers/STM32WLxx_HAL_Driver/Src/stm32wlxx_hal_rcc.o
 .text.LL_RCC_PLL_GetR
                0x000000000800157e       0x16 Drivers/STM32WLxx_HAL_Driver/Src/stm32wlxx_hal_rcc.o
 .text.LL_RCC_PLL_GetDivider
                0x0000000008001594       0x16 Drivers/STM32WLxx_HAL_Driver/Src/stm32wlxx_hal_rcc.o
 .text.LL_RCC_PLL_GetMainSource
                0x00000000080015aa       0x16 Drivers/STM32WLxx_HAL_Driver/Src/stm32wlxx_hal_rcc.o
 .text.LL_RCC_IsActiveFlag_HPRE
                0x00000000080015c0       0x22 Drivers/STM32WLxx_HAL_Driver/Src/stm32wlxx_hal_rcc.o
 .text.LL_RCC_IsActiveFlag_C2HPRE
                0x00000000080015e2       0x24 Drivers/STM32WLxx_HAL_Driver/Src/stm32wlxx_hal_rcc.o
 .text.LL_RCC_IsActiveFlag_SHDHPRE
                0x0000000008001606       0x24 Drivers/STM32WLxx_HAL_Driver/Src/stm32wlxx_hal_rcc.o
 .text.LL_RCC_IsActiveFlag_PPRE1
                0x000000000800162a       0x22 Drivers/STM32WLxx_HAL_Driver/Src/stm32wlxx_hal_rcc.o
 .text.LL_RCC_IsActiveFlag_PPRE2
                0x000000000800164c       0x22 Drivers/STM32WLxx_HAL_Driver/Src/stm32wlxx_hal_rcc.o
 *fill*         0x000000000800166e        0x2 
 .text.HAL_RCC_OscConfig
                0x0000000008001670      0x734 Drivers/STM32WLxx_HAL_Driver/Src/stm32wlxx_hal_rcc.o
                0x0000000008001670                HAL_RCC_OscConfig
 .text.HAL_RCC_ClockConfig
                0x0000000008001da4      0x284 Drivers/STM32WLxx_HAL_Driver/Src/stm32wlxx_hal_rcc.o
                0x0000000008001da4                HAL_RCC_ClockConfig
 .text.HAL_RCC_GetSysClockFreq
                0x0000000008002028      0x140 Drivers/STM32WLxx_HAL_Driver/Src/stm32wlxx_hal_rcc.o
                0x0000000008002028                HAL_RCC_GetSysClockFreq
 .text.HAL_RCC_GetHCLKFreq
                0x0000000008002168       0x28 Drivers/STM32WLxx_HAL_Driver/Src/stm32wlxx_hal_rcc.o
                0x0000000008002168                HAL_RCC_GetHCLKFreq
 .text.HAL_RCC_GetPCLK1Freq
                0x0000000008002190       0x24 Drivers/STM32WLxx_HAL_Driver/Src/stm32wlxx_hal_rcc.o
                0x0000000008002190                HAL_RCC_GetPCLK1Freq
 .text.HAL_RCC_GetPCLK2Freq
                0x00000000080021b4       0x24 Drivers/STM32WLxx_HAL_Driver/Src/stm32wlxx_hal_rcc.o
                0x00000000080021b4                HAL_RCC_GetPCLK2Freq
 .text.HAL_RCC_GetClockConfig
                0x00000000080021d8       0x7c Drivers/STM32WLxx_HAL_Driver/Src/stm32wlxx_hal_rcc.o
                0x00000000080021d8                HAL_RCC_GetClockConfig
 .text.RCC_SetFlashLatencyFromMSIRange
                0x0000000008002254       0x60 Drivers/STM32WLxx_HAL_Driver/Src/stm32wlxx_hal_rcc.o
 .text.RCC_SetFlashLatency
                0x00000000080022b4      0x10c Drivers/STM32WLxx_HAL_Driver/Src/stm32wlxx_hal_rcc.o
 .text.LL_RCC_LSE_IsReady
                0x00000000080023c0       0x22 Drivers/STM32WLxx_HAL_Driver/Src/stm32wlxx_hal_rcc_ex.o
 .text.LL_RCC_SetUSARTClockSource
                0x00000000080023e2       0x30 Drivers/STM32WLxx_HAL_Driver/Src/stm32wlxx_hal_rcc_ex.o
 .text.LL_RCC_SetI2SClockSource
                0x0000000008002412       0x2a Drivers/STM32WLxx_HAL_Driver/Src/stm32wlxx_hal_rcc_ex.o
 .text.LL_RCC_SetLPUARTClockSource
                0x000000000800243c       0x2a Drivers/STM32WLxx_HAL_Driver/Src/stm32wlxx_hal_rcc_ex.o
 .text.LL_RCC_SetI2CClockSource
                0x0000000008002466       0x38 Drivers/STM32WLxx_HAL_Driver/Src/stm32wlxx_hal_rcc_ex.o
 .text.LL_RCC_SetLPTIMClockSource
                0x000000000800249e       0x32 Drivers/STM32WLxx_HAL_Driver/Src/stm32wlxx_hal_rcc_ex.o
 .text.LL_RCC_SetRNGClockSource
                0x00000000080024d0       0x2a Drivers/STM32WLxx_HAL_Driver/Src/stm32wlxx_hal_rcc_ex.o
 .text.LL_RCC_SetADCClockSource
                0x00000000080024fa       0x2a Drivers/STM32WLxx_HAL_Driver/Src/stm32wlxx_hal_rcc_ex.o
 .text.LL_RCC_SetRTCClockSource
                0x0000000008002524       0x2a Drivers/STM32WLxx_HAL_Driver/Src/stm32wlxx_hal_rcc_ex.o
 .text.LL_RCC_GetRTCClockSource
                0x000000000800254e       0x18 Drivers/STM32WLxx_HAL_Driver/Src/stm32wlxx_hal_rcc_ex.o
 .text.LL_RCC_ForceBackupDomainReset
                0x0000000008002566       0x20 Drivers/STM32WLxx_HAL_Driver/Src/stm32wlxx_hal_rcc_ex.o
 .text.LL_RCC_ReleaseBackupDomainReset
                0x0000000008002586       0x20 Drivers/STM32WLxx_HAL_Driver/Src/stm32wlxx_hal_rcc_ex.o
 *fill*         0x00000000080025a6        0x2 
 .text.HAL_RCCEx_PeriphCLKConfig
                0x00000000080025a8      0x234 Drivers/STM32WLxx_HAL_Driver/Src/stm32wlxx_hal_rcc_ex.o
                0x00000000080025a8                HAL_RCCEx_PeriphCLKConfig
 .text.LL_PWR_SetRadioBusyTrigger
                0x00000000080027dc       0x28 Drivers/STM32WLxx_HAL_Driver/Src/stm32wlxx_hal_subghz.o
 .text.LL_PWR_UnselectSUBGHZSPI_NSS
                0x0000000008002804       0x20 Drivers/STM32WLxx_HAL_Driver/Src/stm32wlxx_hal_subghz.o
 .text.LL_PWR_SelectSUBGHZSPI_NSS
                0x0000000008002824       0x20 Drivers/STM32WLxx_HAL_Driver/Src/stm32wlxx_hal_subghz.o
 .text.LL_PWR_ClearFlag_RFBUSY
                0x0000000008002844       0x18 Drivers/STM32WLxx_HAL_Driver/Src/stm32wlxx_hal_subghz.o
 .text.LL_PWR_IsActiveFlag_RFBUSYS
                0x000000000800285c       0x24 Drivers/STM32WLxx_HAL_Driver/Src/stm32wlxx_hal_subghz.o
 .text.LL_PWR_IsActiveFlag_RFBUSYMS
                0x0000000008002880       0x24 Drivers/STM32WLxx_HAL_Driver/Src/stm32wlxx_hal_subghz.o
 .text.LL_RCC_RF_DisableReset
                0x00000000080028a4       0x20 Drivers/STM32WLxx_HAL_Driver/Src/stm32wlxx_hal_subghz.o
 .text.LL_RCC_IsRFUnderReset
                0x00000000080028c4       0x24 Drivers/STM32WLxx_HAL_Driver/Src/stm32wlxx_hal_subghz.o
 .text.LL_EXTI_EnableIT_32_63
                0x00000000080028e8       0x28 Drivers/STM32WLxx_HAL_Driver/Src/stm32wlxx_hal_subghz.o
 .text.HAL_SUBGHZ_Init
                0x0000000008002910       0xbc Drivers/STM32WLxx_HAL_Driver/Src/stm32wlxx_hal_subghz.o
                0x0000000008002910                HAL_SUBGHZ_Init
 .text.HAL_SUBGHZ_WriteRegisters
                0x00000000080029cc       0xbe Drivers/STM32WLxx_HAL_Driver/Src/stm32wlxx_hal_subghz.o
                0x00000000080029cc                HAL_SUBGHZ_WriteRegisters
 .text.HAL_SUBGHZ_ReadRegisters
                0x0000000008002a8a       0xc2 Drivers/STM32WLxx_HAL_Driver/Src/stm32wlxx_hal_subghz.o
                0x0000000008002a8a                HAL_SUBGHZ_ReadRegisters
 .text.HAL_SUBGHZ_ExecSetCmd
                0x0000000008002b4c       0xbe Drivers/STM32WLxx_HAL_Driver/Src/stm32wlxx_hal_subghz.o
                0x0000000008002b4c                HAL_SUBGHZ_ExecSetCmd
 .text.HAL_SUBGHZ_ExecGetCmd
                0x0000000008002c0a       0xa8 Drivers/STM32WLxx_HAL_Driver/Src/stm32wlxx_hal_subghz.o
                0x0000000008002c0a                HAL_SUBGHZ_ExecGetCmd
 .text.HAL_SUBGHZ_WriteBuffer
                0x0000000008002cb2       0xa6 Drivers/STM32WLxx_HAL_Driver/Src/stm32wlxx_hal_subghz.o
                0x0000000008002cb2                HAL_SUBGHZ_WriteBuffer
 .text.HAL_SUBGHZ_ReadBuffer
                0x0000000008002d58       0xb0 Drivers/STM32WLxx_HAL_Driver/Src/stm32wlxx_hal_subghz.o
                0x0000000008002d58                HAL_SUBGHZ_ReadBuffer
 .text.SUBGHZSPI_Init
                0x0000000008002e08       0x40 Drivers/STM32WLxx_HAL_Driver/Src/stm32wlxx_hal_subghz.o
                0x0000000008002e08                SUBGHZSPI_Init
 .text.SUBGHZSPI_Transmit
                0x0000000008002e48       0xac Drivers/STM32WLxx_HAL_Driver/Src/stm32wlxx_hal_subghz.o
                0x0000000008002e48                SUBGHZSPI_Transmit
 .text.SUBGHZSPI_Receive
                0x0000000008002ef4       0xb0 Drivers/STM32WLxx_HAL_Driver/Src/stm32wlxx_hal_subghz.o
                0x0000000008002ef4                SUBGHZSPI_Receive
 .text.SUBGHZ_CheckDeviceReady
                0x0000000008002fa4       0x2e Drivers/STM32WLxx_HAL_Driver/Src/stm32wlxx_hal_subghz.o
                0x0000000008002fa4                SUBGHZ_CheckDeviceReady
 *fill*         0x0000000008002fd2        0x2 
 .text.SUBGHZ_WaitOnBusy
                0x0000000008002fd4       0x5c Drivers/STM32WLxx_HAL_Driver/Src/stm32wlxx_hal_subghz.o
                0x0000000008002fd4                SUBGHZ_WaitOnBusy
 .text.HAL_TIM_Base_Init
                0x0000000008003030       0xae Drivers/STM32WLxx_HAL_Driver/Src/stm32wlxx_hal_tim.o
                0x0000000008003030                HAL_TIM_Base_Init
 .text.HAL_TIM_Base_MspInit
                0x00000000080030de       0x12 Drivers/STM32WLxx_HAL_Driver/Src/stm32wlxx_hal_tim.o
                0x00000000080030de                HAL_TIM_Base_MspInit
 .text.HAL_TIM_Base_Start_IT
                0x00000000080030f0       0x98 Drivers/STM32WLxx_HAL_Driver/Src/stm32wlxx_hal_tim.o
                0x00000000080030f0                HAL_TIM_Base_Start_IT
 .text.HAL_TIM_IRQHandler
                0x0000000008003188      0x23e Drivers/STM32WLxx_HAL_Driver/Src/stm32wlxx_hal_tim.o
                0x0000000008003188                HAL_TIM_IRQHandler
 .text.HAL_TIM_OC_DelayElapsedCallback
                0x00000000080033c6       0x12 Drivers/STM32WLxx_HAL_Driver/Src/stm32wlxx_hal_tim.o
                0x00000000080033c6                HAL_TIM_OC_DelayElapsedCallback
 .text.HAL_TIM_IC_CaptureCallback
                0x00000000080033d8       0x12 Drivers/STM32WLxx_HAL_Driver/Src/stm32wlxx_hal_tim.o
                0x00000000080033d8                HAL_TIM_IC_CaptureCallback
 .text.HAL_TIM_PWM_PulseFinishedCallback
                0x00000000080033ea       0x12 Drivers/STM32WLxx_HAL_Driver/Src/stm32wlxx_hal_tim.o
                0x00000000080033ea                HAL_TIM_PWM_PulseFinishedCallback
 .text.HAL_TIM_TriggerCallback
                0x00000000080033fc       0x12 Drivers/STM32WLxx_HAL_Driver/Src/stm32wlxx_hal_tim.o
                0x00000000080033fc                HAL_TIM_TriggerCallback
 *fill*         0x000000000800340e        0x2 
 .text.TIM_Base_SetConfig
                0x0000000008003410       0xc4 Drivers/STM32WLxx_HAL_Driver/Src/stm32wlxx_hal_tim.o
                0x0000000008003410                TIM_Base_SetConfig
 .text.HAL_TIMEx_CommutCallback
                0x00000000080034d4       0x12 Drivers/STM32WLxx_HAL_Driver/Src/stm32wlxx_hal_tim_ex.o
                0x00000000080034d4                HAL_TIMEx_CommutCallback
 .text.HAL_TIMEx_BreakCallback
                0x00000000080034e6       0x12 Drivers/STM32WLxx_HAL_Driver/Src/stm32wlxx_hal_tim_ex.o
                0x00000000080034e6                HAL_TIMEx_BreakCallback
 .text.HAL_TIMEx_Break2Callback
                0x00000000080034f8       0x12 Drivers/STM32WLxx_HAL_Driver/Src/stm32wlxx_hal_tim_ex.o
                0x00000000080034f8                HAL_TIMEx_Break2Callback
 .text.LL_RCC_GetUSARTClockSource
                0x000000000800350a       0x24 Drivers/STM32WLxx_HAL_Driver/Src/stm32wlxx_hal_uart.o
 .text.LL_RCC_GetLPUARTClockSource
                0x000000000800352e       0x1e Drivers/STM32WLxx_HAL_Driver/Src/stm32wlxx_hal_uart.o
 .text.HAL_UART_Init
                0x000000000800354c       0xa0 Drivers/STM32WLxx_HAL_Driver/Src/stm32wlxx_hal_uart.o
                0x000000000800354c                HAL_UART_Init
 .text.UART_SetConfig
                0x00000000080035ec      0x4a0 Drivers/STM32WLxx_HAL_Driver/Src/stm32wlxx_hal_uart.o
                0x00000000080035ec                UART_SetConfig
 .text.UART_AdvFeatureConfig
                0x0000000008003a8c      0x142 Drivers/STM32WLxx_HAL_Driver/Src/stm32wlxx_hal_uart.o
                0x0000000008003a8c                UART_AdvFeatureConfig
 .text.UART_CheckIdleState
                0x0000000008003bce       0x96 Drivers/STM32WLxx_HAL_Driver/Src/stm32wlxx_hal_uart.o
                0x0000000008003bce                UART_CheckIdleState
 .text.UART_WaitOnFlagUntilTimeout
                0x0000000008003c64      0x100 Drivers/STM32WLxx_HAL_Driver/Src/stm32wlxx_hal_uart.o
                0x0000000008003c64                UART_WaitOnFlagUntilTimeout
 .text.HAL_UARTEx_DisableFifoMode
                0x0000000008003d64       0x70 Drivers/STM32WLxx_HAL_Driver/Src/stm32wlxx_hal_uart_ex.o
                0x0000000008003d64                HAL_UARTEx_DisableFifoMode
 .text.HAL_UARTEx_SetTxFifoThreshold
                0x0000000008003dd4       0x7c Drivers/STM32WLxx_HAL_Driver/Src/stm32wlxx_hal_uart_ex.o
                0x0000000008003dd4                HAL_UARTEx_SetTxFifoThreshold
 .text.HAL_UARTEx_SetRxFifoThreshold
                0x0000000008003e50       0x7c Drivers/STM32WLxx_HAL_Driver/Src/stm32wlxx_hal_uart_ex.o
                0x0000000008003e50                HAL_UARTEx_SetRxFifoThreshold
 .text.UARTEx_SetNbDataToProcess
                0x0000000008003ecc       0xcc Drivers/STM32WLxx_HAL_Driver/Src/stm32wlxx_hal_uart_ex.o
 .text.SVC_Setup
                0x0000000008003f98        0xc Middlewares/Third_Party/FreeRTOS/Source/CMSIS_RTOS_V2/cmsis_os2.o
 .text.osKernelInitialize
                0x0000000008003fa4       0x64 Middlewares/Third_Party/FreeRTOS/Source/CMSIS_RTOS_V2/cmsis_os2.o
                0x0000000008003fa4                osKernelInitialize
 .text.osKernelStart
                0x0000000008004008       0x6c Middlewares/Third_Party/FreeRTOS/Source/CMSIS_RTOS_V2/cmsis_os2.o
                0x0000000008004008                osKernelStart
 .text.osThreadNew
                0x0000000008004074      0x14c Middlewares/Third_Party/FreeRTOS/Source/CMSIS_RTOS_V2/cmsis_os2.o
                0x0000000008004074                osThreadNew
 .text.osDelay  0x00000000080041c0       0x5c Middlewares/Third_Party/FreeRTOS/Source/CMSIS_RTOS_V2/cmsis_os2.o
                0x00000000080041c0                osDelay
 .text.vApplicationGetIdleTaskMemory
                0x000000000800421c       0x30 Middlewares/Third_Party/FreeRTOS/Source/CMSIS_RTOS_V2/cmsis_os2.o
                0x000000000800421c                vApplicationGetIdleTaskMemory
 .text.vApplicationGetTimerTaskMemory
                0x000000000800424c       0x34 Middlewares/Third_Party/FreeRTOS/Source/CMSIS_RTOS_V2/cmsis_os2.o
                0x000000000800424c                vApplicationGetTimerTaskMemory
 .text.vListInitialise
                0x0000000008004280       0x3e Middlewares/Third_Party/FreeRTOS/Source/list.o
                0x0000000008004280                vListInitialise
 .text.vListInitialiseItem
                0x00000000080042be       0x18 Middlewares/Third_Party/FreeRTOS/Source/list.o
                0x00000000080042be                vListInitialiseItem
 .text.vListInsertEnd
                0x00000000080042d6       0x46 Middlewares/Third_Party/FreeRTOS/Source/list.o
                0x00000000080042d6                vListInsertEnd
 .text.vListInsert
                0x000000000800431c       0x70 Middlewares/Third_Party/FreeRTOS/Source/list.o
                0x000000000800431c                vListInsert
 .text.uxListRemove
                0x000000000800438c       0x52 Middlewares/Third_Party/FreeRTOS/Source/list.o
                0x000000000800438c                uxListRemove
 *fill*         0x00000000080043de        0x2 
 .text.xQueueGenericReset
                0x00000000080043e0       0xd0 Middlewares/Third_Party/FreeRTOS/Source/queue.o
                0x00000000080043e0                xQueueGenericReset
 .text.xQueueGenericCreateStatic
                0x00000000080044b0       0xf0 Middlewares/Third_Party/FreeRTOS/Source/queue.o
                0x00000000080044b0                xQueueGenericCreateStatic
 .text.prvInitialiseNewQueue
                0x00000000080045a0       0x46 Middlewares/Third_Party/FreeRTOS/Source/queue.o
 *fill*         0x00000000080045e6        0x2 
 .text.xQueueGenericSend
                0x00000000080045e8      0x1fc Middlewares/Third_Party/FreeRTOS/Source/queue.o
                0x00000000080045e8                xQueueGenericSend
 .text.xQueueGenericSendFromISR
                0x00000000080047e4      0x130 Middlewares/Third_Party/FreeRTOS/Source/queue.o
                0x00000000080047e4                xQueueGenericSendFromISR
 .text.xQueueReceive
                0x0000000008004914      0x1c0 Middlewares/Third_Party/FreeRTOS/Source/queue.o
                0x0000000008004914                xQueueReceive
 .text.prvCopyDataToQueue
                0x0000000008004ad4       0xd4 Middlewares/Third_Party/FreeRTOS/Source/queue.o
 .text.prvCopyDataFromQueue
                0x0000000008004ba8       0x4c Middlewares/Third_Party/FreeRTOS/Source/queue.o
 .text.prvUnlockQueue
                0x0000000008004bf4       0xa4 Middlewares/Third_Party/FreeRTOS/Source/queue.o
 .text.prvIsQueueEmpty
                0x0000000008004c98       0x2c Middlewares/Third_Party/FreeRTOS/Source/queue.o
 .text.prvIsQueueFull
                0x0000000008004cc4       0x30 Middlewares/Third_Party/FreeRTOS/Source/queue.o
 .text.vQueueAddToRegistry
                0x0000000008004cf4       0x50 Middlewares/Third_Party/FreeRTOS/Source/queue.o
                0x0000000008004cf4                vQueueAddToRegistry
 .text.vQueueWaitForMessageRestricted
                0x0000000008004d44       0x68 Middlewares/Third_Party/FreeRTOS/Source/queue.o
                0x0000000008004d44                vQueueWaitForMessageRestricted
 .text.xTaskCreateStatic
                0x0000000008004dac       0xba Middlewares/Third_Party/FreeRTOS/Source/tasks.o
                0x0000000008004dac                xTaskCreateStatic
 .text.xTaskCreate
                0x0000000008004e66       0x8a Middlewares/Third_Party/FreeRTOS/Source/tasks.o
                0x0000000008004e66                xTaskCreate
 .text.prvInitialiseNewTask
                0x0000000008004ef0      0x11e Middlewares/Third_Party/FreeRTOS/Source/tasks.o
 *fill*         0x000000000800500e        0x2 
 .text.prvAddNewTaskToReadyList
                0x0000000008005010       0xe0 Middlewares/Third_Party/FreeRTOS/Source/tasks.o
 .text.vTaskDelay
                0x00000000080050f0       0x68 Middlewares/Third_Party/FreeRTOS/Source/tasks.o
                0x00000000080050f0                vTaskDelay
 .text.vTaskStartScheduler
                0x0000000008005158       0xcc Middlewares/Third_Party/FreeRTOS/Source/tasks.o
                0x0000000008005158                vTaskStartScheduler
 .text.vTaskSuspendAll
                0x0000000008005224       0x1c Middlewares/Third_Party/FreeRTOS/Source/tasks.o
                0x0000000008005224                vTaskSuspendAll
 .text.xTaskResumeAll
                0x0000000008005240      0x13c Middlewares/Third_Party/FreeRTOS/Source/tasks.o
                0x0000000008005240                xTaskResumeAll
 .text.xTaskGetTickCount
                0x000000000800537c       0x1c Middlewares/Third_Party/FreeRTOS/Source/tasks.o
                0x000000000800537c                xTaskGetTickCount
 .text.xTaskIncrementTick
                0x0000000008005398      0x174 Middlewares/Third_Party/FreeRTOS/Source/tasks.o
                0x0000000008005398                xTaskIncrementTick
 .text.vTaskSwitchContext
                0x000000000800550c       0xb8 Middlewares/Third_Party/FreeRTOS/Source/tasks.o
                0x000000000800550c                vTaskSwitchContext
 .text.vTaskPlaceOnEventList
                0x00000000080055c4       0x48 Middlewares/Third_Party/FreeRTOS/Source/tasks.o
                0x00000000080055c4                vTaskPlaceOnEventList
 .text.vTaskPlaceOnEventListRestricted
                0x000000000800560c       0x58 Middlewares/Third_Party/FreeRTOS/Source/tasks.o
                0x000000000800560c                vTaskPlaceOnEventListRestricted
 .text.xTaskRemoveFromEventList
                0x0000000008005664       0xc8 Middlewares/Third_Party/FreeRTOS/Source/tasks.o
                0x0000000008005664                xTaskRemoveFromEventList
 .text.vTaskInternalSetTimeOutState
                0x000000000800572c       0x2c Middlewares/Third_Party/FreeRTOS/Source/tasks.o
                0x000000000800572c                vTaskInternalSetTimeOutState
 .text.xTaskCheckForTimeOut
                0x0000000008005758       0xc4 Middlewares/Third_Party/FreeRTOS/Source/tasks.o
                0x0000000008005758                xTaskCheckForTimeOut
 .text.vTaskMissedYield
                0x000000000800581c       0x18 Middlewares/Third_Party/FreeRTOS/Source/tasks.o
                0x000000000800581c                vTaskMissedYield
 .text.prvIdleTask
                0x0000000008005834       0x30 Middlewares/Third_Party/FreeRTOS/Source/tasks.o
 .text.prvInitialiseTaskLists
                0x0000000008005864       0x80 Middlewares/Third_Party/FreeRTOS/Source/tasks.o
 .text.prvCheckTasksWaitingTermination
                0x00000000080058e4       0x5c Middlewares/Third_Party/FreeRTOS/Source/tasks.o
 .text.prvDeleteTCB
                0x0000000008005940       0x5e Middlewares/Third_Party/FreeRTOS/Source/tasks.o
 *fill*         0x000000000800599e        0x2 
 .text.prvResetNextTaskUnblockTime
                0x00000000080059a0       0x40 Middlewares/Third_Party/FreeRTOS/Source/tasks.o
 .text.xTaskGetSchedulerState
                0x00000000080059e0       0x3c Middlewares/Third_Party/FreeRTOS/Source/tasks.o
                0x00000000080059e0                xTaskGetSchedulerState
 .text.xTaskPriorityDisinherit
                0x0000000008005a1c       0xdc Middlewares/Third_Party/FreeRTOS/Source/tasks.o
                0x0000000008005a1c                xTaskPriorityDisinherit
 .text.prvAddCurrentTaskToDelayedList
                0x0000000008005af8       0xa8 Middlewares/Third_Party/FreeRTOS/Source/tasks.o
 .text.xTimerCreateTimerTask
                0x0000000008005ba0       0x90 Middlewares/Third_Party/FreeRTOS/Source/timers.o
                0x0000000008005ba0                xTimerCreateTimerTask
 .text.xTimerGenericCommand
                0x0000000008005c30       0x9c Middlewares/Third_Party/FreeRTOS/Source/timers.o
                0x0000000008005c30                xTimerGenericCommand
 .text.prvProcessExpiredTimer
                0x0000000008005ccc       0x98 Middlewares/Third_Party/FreeRTOS/Source/timers.o
 .text.prvTimerTask
                0x0000000008005d64       0x24 Middlewares/Third_Party/FreeRTOS/Source/timers.o
 .text.prvProcessTimerOrBlockTask
                0x0000000008005d88       0x9c Middlewares/Third_Party/FreeRTOS/Source/timers.o
 .text.prvGetNextExpireTime
                0x0000000008005e24       0x44 Middlewares/Third_Party/FreeRTOS/Source/timers.o
 .text.prvSampleTimeNow
                0x0000000008005e68       0x40 Middlewares/Third_Party/FreeRTOS/Source/timers.o
 .text.prvInsertTimerInActiveList
                0x0000000008005ea8       0x84 Middlewares/Third_Party/FreeRTOS/Source/timers.o
 .text.prvProcessReceivedCommands
                0x0000000008005f2c      0x1c4 Middlewares/Third_Party/FreeRTOS/Source/timers.o
 .text.prvSwitchTimerLists
                0x00000000080060f0       0xc8 Middlewares/Third_Party/FreeRTOS/Source/timers.o
 .text.prvCheckForValidListAndQueue
                0x00000000080061b8       0x80 Middlewares/Third_Party/FreeRTOS/Source/timers.o
 .text.pxPortInitialiseStack
                0x0000000008006238       0x58 Middlewares/Third_Party/FreeRTOS/Source/portable/GCC/ARM_CM3/port.o
                0x0000000008006238                pxPortInitialiseStack
 .text.prvTaskExitError
                0x0000000008006290       0x58 Middlewares/Third_Party/FreeRTOS/Source/portable/GCC/ARM_CM3/port.o
 *fill*         0x00000000080062e8        0x8 
 .text.SVC_Handler
                0x00000000080062f0       0x28 Middlewares/Third_Party/FreeRTOS/Source/portable/GCC/ARM_CM3/port.o
                0x00000000080062f0                SVC_Handler
 .text.prvPortStartFirstTask
                0x0000000008006318       0x20 Middlewares/Third_Party/FreeRTOS/Source/portable/GCC/ARM_CM3/port.o
 .text.xPortStartScheduler
                0x0000000008006338       0xe4 Middlewares/Third_Party/FreeRTOS/Source/portable/GCC/ARM_CM3/port.o
                0x0000000008006338                xPortStartScheduler
 .text.vPortEnterCritical
                0x000000000800641c       0x60 Middlewares/Third_Party/FreeRTOS/Source/portable/GCC/ARM_CM3/port.o
                0x000000000800641c                vPortEnterCritical
 .text.vPortExitCritical
                0x000000000800647c       0x50 Middlewares/Third_Party/FreeRTOS/Source/portable/GCC/ARM_CM3/port.o
                0x000000000800647c                vPortExitCritical
 *fill*         0x00000000080064cc        0x4 
 .text.PendSV_Handler
                0x00000000080064d0       0x48 Middlewares/Third_Party/FreeRTOS/Source/portable/GCC/ARM_CM3/port.o
                0x00000000080064d0                PendSV_Handler
 .text.SysTick_Handler
                0x0000000008006518       0x44 Middlewares/Third_Party/FreeRTOS/Source/portable/GCC/ARM_CM3/port.o
                0x0000000008006518                SysTick_Handler
 .text.vPortSetupTimerInterrupt
                0x000000000800655c       0x44 Middlewares/Third_Party/FreeRTOS/Source/portable/GCC/ARM_CM3/port.o
                0x000000000800655c                vPortSetupTimerInterrupt
 .text.vPortValidateInterruptPriority
                0x00000000080065a0       0x7c Middlewares/Third_Party/FreeRTOS/Source/portable/GCC/ARM_CM3/port.o
                0x00000000080065a0                vPortValidateInterruptPriority
 .text.pvPortMalloc
                0x000000000800661c      0x188 Middlewares/Third_Party/FreeRTOS/Source/portable/MemMang/heap_4.o
                0x000000000800661c                pvPortMalloc
 .text.vPortFree
                0x00000000080067a4       0xb4 Middlewares/Third_Party/FreeRTOS/Source/portable/MemMang/heap_4.o
                0x00000000080067a4                vPortFree
 .text.prvHeapInit
                0x0000000008006858       0xc4 Middlewares/Third_Party/FreeRTOS/Source/portable/MemMang/heap_4.o
 .text.prvInsertBlockIntoFreeList
                0x000000000800691c       0xb0 Middlewares/Third_Party/FreeRTOS/Source/portable/MemMang/heap_4.o
 .text.RadioSetRxGenericConfig
                0x00000000080069cc      0x30c Middlewares/Third_Party/SubGHz_Phy/stm32_radio_driver/radio.o
 .text.RadioSetTxGenericConfig
                0x0000000008006cd8      0x2cc Middlewares/Third_Party/SubGHz_Phy/stm32_radio_driver/radio.o
 .text.RadioGetFskBandwidthRegValue
                0x0000000008006fa4       0x50 Middlewares/Third_Party/SubGHz_Phy/stm32_radio_driver/radio.o
 .text.RadioInit
                0x0000000008006ff4       0xac Middlewares/Third_Party/SubGHz_Phy/stm32_radio_driver/radio.o
 .text.RadioGetStatus
                0x00000000080070a0       0x2e Middlewares/Third_Party/SubGHz_Phy/stm32_radio_driver/radio.o
 *fill*         0x00000000080070ce        0x2 
 .text.RadioSetModem
                0x00000000080070d0       0x74 Middlewares/Third_Party/SubGHz_Phy/stm32_radio_driver/radio.o
 .text.RadioSetChannel
                0x0000000008007144       0x16 Middlewares/Third_Party/SubGHz_Phy/stm32_radio_driver/radio.o
 .text.RadioIsChannelFree
                0x000000000800715a       0xb4 Middlewares/Third_Party/SubGHz_Phy/stm32_radio_driver/radio.o
 .text.RadioRandom
                0x000000000800720e       0x2c Middlewares/Third_Party/SubGHz_Phy/stm32_radio_driver/radio.o
 *fill*         0x000000000800723a        0x2 
 .text.RadioSetRxConfig
                0x000000000800723c      0x41c Middlewares/Third_Party/SubGHz_Phy/stm32_radio_driver/radio.o
 .text.RadioSetTxConfig
                0x0000000008007658      0x26c Middlewares/Third_Party/SubGHz_Phy/stm32_radio_driver/radio.o
 .text.RadioCheckRfFrequency
                0x00000000080078c4       0x14 Middlewares/Third_Party/SubGHz_Phy/stm32_radio_driver/radio.o
 .text.RadioGetLoRaBandwidthInHz
                0x00000000080078d8       0xac Middlewares/Third_Party/SubGHz_Phy/stm32_radio_driver/radio.o
 .text.RadioGetGfskTimeOnAirNumerator
                0x0000000008007984       0x54 Middlewares/Third_Party/SubGHz_Phy/stm32_radio_driver/radio.o
 .text.RadioGetLoRaTimeOnAirNumerator
                0x00000000080079d8      0x102 Middlewares/Third_Party/SubGHz_Phy/stm32_radio_driver/radio.o
 *fill*         0x0000000008007ada        0x2 
 .text.RadioTimeOnAir
                0x0000000008007adc       0xb0 Middlewares/Third_Party/SubGHz_Phy/stm32_radio_driver/radio.o
 .text.RadioSend
                0x0000000008007b8c      0x188 Middlewares/Third_Party/SubGHz_Phy/stm32_radio_driver/radio.o
 .text.RadioSleep
                0x0000000008007d14       0x26 Middlewares/Third_Party/SubGHz_Phy/stm32_radio_driver/radio.o
 .text.RadioStandby
                0x0000000008007d3a        0xe Middlewares/Third_Party/SubGHz_Phy/stm32_radio_driver/radio.o
 .text.RadioRx  0x0000000008007d48       0x68 Middlewares/Third_Party/SubGHz_Phy/stm32_radio_driver/radio.o
 .text.RadioRxBoosted
                0x0000000008007db0       0x68 Middlewares/Third_Party/SubGHz_Phy/stm32_radio_driver/radio.o
 .text.RadioSetRxDutyCycle
                0x0000000008007e18       0x2c Middlewares/Third_Party/SubGHz_Phy/stm32_radio_driver/radio.o
 .text.RadioStartCad
                0x0000000008007e44       0x1c Middlewares/Third_Party/SubGHz_Phy/stm32_radio_driver/radio.o
 .text.RadioSetTxContinuousWave
                0x0000000008007e60       0x58 Middlewares/Third_Party/SubGHz_Phy/stm32_radio_driver/radio.o
 .text.RadioRssi
                0x0000000008007eb8       0x1a Middlewares/Third_Party/SubGHz_Phy/stm32_radio_driver/radio.o
 .text.RadioWrite
                0x0000000008007ed2       0x24 Middlewares/Third_Party/SubGHz_Phy/stm32_radio_driver/radio.o
 .text.RadioRead
                0x0000000008007ef6       0x1c Middlewares/Third_Party/SubGHz_Phy/stm32_radio_driver/radio.o
 .text.RadioWriteRegisters
                0x0000000008007f12       0x26 Middlewares/Third_Party/SubGHz_Phy/stm32_radio_driver/radio.o
 .text.RadioReadRegisters
                0x0000000008007f38       0x26 Middlewares/Third_Party/SubGHz_Phy/stm32_radio_driver/radio.o
 *fill*         0x0000000008007f5e        0x2 
 .text.RadioSetMaxPayloadLength
                0x0000000008007f60       0x5c Middlewares/Third_Party/SubGHz_Phy/stm32_radio_driver/radio.o
 .text.RadioSetPublicNetwork
                0x0000000008007fbc       0x5c Middlewares/Third_Party/SubGHz_Phy/stm32_radio_driver/radio.o
 .text.RadioGetWakeupTime
                0x0000000008008018       0x10 Middlewares/Third_Party/SubGHz_Phy/stm32_radio_driver/radio.o
 .text.RadioOnTxTimeoutIrq
                0x0000000008008028       0x30 Middlewares/Third_Party/SubGHz_Phy/stm32_radio_driver/radio.o
 .text.RadioOnRxTimeoutIrq
                0x0000000008008058       0x30 Middlewares/Third_Party/SubGHz_Phy/stm32_radio_driver/radio.o
 .text.RadioOnDioIrq
                0x0000000008008088       0x24 Middlewares/Third_Party/SubGHz_Phy/stm32_radio_driver/radio.o
 .text.RadioIrqProcess
                0x00000000080080ac      0x2fc Middlewares/Third_Party/SubGHz_Phy/stm32_radio_driver/radio.o
 .text.RadioTxPrbs
                0x00000000080083a8       0x38 Middlewares/Third_Party/SubGHz_Phy/stm32_radio_driver/radio.o
 .text.RadioTxCw
                0x00000000080083e0       0x2e Middlewares/Third_Party/SubGHz_Phy/stm32_radio_driver/radio.o
 .text.payload_integration
                0x000000000800840e      0x120 Middlewares/Third_Party/SubGHz_Phy/stm32_radio_driver/radio.o
 *fill*         0x000000000800852e        0x2 
 .text.SUBGRF_Init
                0x0000000008008530       0x8c Middlewares/Third_Party/SubGHz_Phy/stm32_radio_driver/radio_driver.o
                0x0000000008008530                SUBGRF_Init
 .text.SUBGRF_GetOperatingMode
                0x00000000080085bc       0x14 Middlewares/Third_Party/SubGHz_Phy/stm32_radio_driver/radio_driver.o
                0x00000000080085bc                SUBGRF_GetOperatingMode
 .text.SUBGRF_SetPayload
                0x00000000080085d0       0x20 Middlewares/Third_Party/SubGHz_Phy/stm32_radio_driver/radio_driver.o
                0x00000000080085d0                SUBGRF_SetPayload
 .text.SUBGRF_GetPayload
                0x00000000080085f0       0x44 Middlewares/Third_Party/SubGHz_Phy/stm32_radio_driver/radio_driver.o
                0x00000000080085f0                SUBGRF_GetPayload
 .text.SUBGRF_SendPayload
                0x0000000008008634       0x26 Middlewares/Third_Party/SubGHz_Phy/stm32_radio_driver/radio_driver.o
                0x0000000008008634                SUBGRF_SendPayload
 .text.SUBGRF_SetSyncWord
                0x000000000800865a       0x1e Middlewares/Third_Party/SubGHz_Phy/stm32_radio_driver/radio_driver.o
                0x000000000800865a                SUBGRF_SetSyncWord
 .text.SUBGRF_SetCrcSeed
                0x0000000008008678       0x40 Middlewares/Third_Party/SubGHz_Phy/stm32_radio_driver/radio_driver.o
                0x0000000008008678                SUBGRF_SetCrcSeed
 .text.SUBGRF_SetCrcPolynomial
                0x00000000080086b8       0x40 Middlewares/Third_Party/SubGHz_Phy/stm32_radio_driver/radio_driver.o
                0x00000000080086b8                SUBGRF_SetCrcPolynomial
 .text.SUBGRF_SetWhiteningSeed
                0x00000000080086f8       0x66 Middlewares/Third_Party/SubGHz_Phy/stm32_radio_driver/radio_driver.o
                0x00000000080086f8                SUBGRF_SetWhiteningSeed
 .text.SUBGRF_GetRandom
                0x000000000800875e       0x8c Middlewares/Third_Party/SubGHz_Phy/stm32_radio_driver/radio_driver.o
                0x000000000800875e                SUBGRF_GetRandom
 *fill*         0x00000000080087ea        0x2 
 .text.SUBGRF_SetSleep
                0x00000000080087ec       0x68 Middlewares/Third_Party/SubGHz_Phy/stm32_radio_driver/radio_driver.o
                0x00000000080087ec                SUBGRF_SetSleep
 .text.SUBGRF_SetStandby
                0x0000000008008854       0x3c Middlewares/Third_Party/SubGHz_Phy/stm32_radio_driver/radio_driver.o
                0x0000000008008854                SUBGRF_SetStandby
 .text.SUBGRF_SetTx
                0x0000000008008890       0x44 Middlewares/Third_Party/SubGHz_Phy/stm32_radio_driver/radio_driver.o
                0x0000000008008890                SUBGRF_SetTx
 .text.SUBGRF_SetRx
                0x00000000080088d4       0x44 Middlewares/Third_Party/SubGHz_Phy/stm32_radio_driver/radio_driver.o
                0x00000000080088d4                SUBGRF_SetRx
 .text.SUBGRF_SetRxBoosted
                0x0000000008008918       0x4c Middlewares/Third_Party/SubGHz_Phy/stm32_radio_driver/radio_driver.o
                0x0000000008008918                SUBGRF_SetRxBoosted
 .text.SUBGRF_SetRxDutyCycle
                0x0000000008008964       0x5c Middlewares/Third_Party/SubGHz_Phy/stm32_radio_driver/radio_driver.o
                0x0000000008008964                SUBGRF_SetRxDutyCycle
 .text.SUBGRF_SetCad
                0x00000000080089c0       0x24 Middlewares/Third_Party/SubGHz_Phy/stm32_radio_driver/radio_driver.o
                0x00000000080089c0                SUBGRF_SetCad
 .text.SUBGRF_SetTxContinuousWave
                0x00000000080089e4       0x18 Middlewares/Third_Party/SubGHz_Phy/stm32_radio_driver/radio_driver.o
                0x00000000080089e4                SUBGRF_SetTxContinuousWave
 .text.SUBGRF_SetTxInfinitePreamble
                0x00000000080089fc       0x18 Middlewares/Third_Party/SubGHz_Phy/stm32_radio_driver/radio_driver.o
                0x00000000080089fc                SUBGRF_SetTxInfinitePreamble
 .text.SUBGRF_SetStopRxTimerOnPreambleDetect
                0x0000000008008a14       0x24 Middlewares/Third_Party/SubGHz_Phy/stm32_radio_driver/radio_driver.o
                0x0000000008008a14                SUBGRF_SetStopRxTimerOnPreambleDetect
 .text.SUBGRF_SetLoRaSymbNumTimeout
                0x0000000008008a38       0x64 Middlewares/Third_Party/SubGHz_Phy/stm32_radio_driver/radio_driver.o
                0x0000000008008a38                SUBGRF_SetLoRaSymbNumTimeout
 .text.SUBGRF_SetRegulatorMode
                0x0000000008008a9c       0x34 Middlewares/Third_Party/SubGHz_Phy/stm32_radio_driver/radio_driver.o
                0x0000000008008a9c                SUBGRF_SetRegulatorMode
 .text.SUBGRF_Calibrate
                0x0000000008008ad0       0x90 Middlewares/Third_Party/SubGHz_Phy/stm32_radio_driver/radio_driver.o
                0x0000000008008ad0                SUBGRF_Calibrate
 .text.SUBGRF_CalibrateImage
                0x0000000008008b60       0x90 Middlewares/Third_Party/SubGHz_Phy/stm32_radio_driver/radio_driver.o
                0x0000000008008b60                SUBGRF_CalibrateImage
 .text.SUBGRF_SetPaConfig
                0x0000000008008bf0       0x48 Middlewares/Third_Party/SubGHz_Phy/stm32_radio_driver/radio_driver.o
                0x0000000008008bf0                SUBGRF_SetPaConfig
 .text.SUBGRF_SetDioIrqParams
                0x0000000008008c38       0x78 Middlewares/Third_Party/SubGHz_Phy/stm32_radio_driver/radio_driver.o
                0x0000000008008c38                SUBGRF_SetDioIrqParams
 .text.SUBGRF_SetTcxoMode
                0x0000000008008cb0       0x48 Middlewares/Third_Party/SubGHz_Phy/stm32_radio_driver/radio_driver.o
                0x0000000008008cb0                SUBGRF_SetTcxoMode
 .text.SUBGRF_SetRfFrequency
                0x0000000008008cf8       0x88 Middlewares/Third_Party/SubGHz_Phy/stm32_radio_driver/radio_driver.o
                0x0000000008008cf8                SUBGRF_SetRfFrequency
 .text.SUBGRF_SetPacketType
                0x0000000008008d80       0x3c Middlewares/Third_Party/SubGHz_Phy/stm32_radio_driver/radio_driver.o
                0x0000000008008d80                SUBGRF_SetPacketType
 .text.SUBGRF_GetPacketType
                0x0000000008008dbc       0x14 Middlewares/Third_Party/SubGHz_Phy/stm32_radio_driver/radio_driver.o
                0x0000000008008dbc                SUBGRF_GetPacketType
 .text.SUBGRF_SetTxParams
                0x0000000008008dd0       0xd0 Middlewares/Third_Party/SubGHz_Phy/stm32_radio_driver/radio_driver.o
                0x0000000008008dd0                SUBGRF_SetTxParams
 .text.SUBGRF_SetModulationParams
                0x0000000008008ea0      0x19c Middlewares/Third_Party/SubGHz_Phy/stm32_radio_driver/radio_driver.o
                0x0000000008008ea0                SUBGRF_SetModulationParams
 .text.SUBGRF_SetPacketParams
                0x000000000800903c      0x140 Middlewares/Third_Party/SubGHz_Phy/stm32_radio_driver/radio_driver.o
                0x000000000800903c                SUBGRF_SetPacketParams
 .text.SUBGRF_SetBufferBaseAddress
                0x000000000800917c       0x34 Middlewares/Third_Party/SubGHz_Phy/stm32_radio_driver/radio_driver.o
                0x000000000800917c                SUBGRF_SetBufferBaseAddress
 .text.SUBGRF_GetRssiInst
                0x00000000080091b0       0x30 Middlewares/Third_Party/SubGHz_Phy/stm32_radio_driver/radio_driver.o
                0x00000000080091b0                SUBGRF_GetRssiInst
 .text.SUBGRF_GetRxBufferStatus
                0x00000000080091e0       0x5c Middlewares/Third_Party/SubGHz_Phy/stm32_radio_driver/radio_driver.o
                0x00000000080091e0                SUBGRF_GetRxBufferStatus
 .text.SUBGRF_GetPacketStatus
                0x000000000800923c       0xa8 Middlewares/Third_Party/SubGHz_Phy/stm32_radio_driver/radio_driver.o
                0x000000000800923c                SUBGRF_GetPacketStatus
 .text.SUBGRF_WriteRegister
                0x00000000080092e4       0x28 Middlewares/Third_Party/SubGHz_Phy/stm32_radio_driver/radio_driver.o
                0x00000000080092e4                SUBGRF_WriteRegister
 .text.SUBGRF_ReadRegister
                0x000000000800930c       0x28 Middlewares/Third_Party/SubGHz_Phy/stm32_radio_driver/radio_driver.o
                0x000000000800930c                SUBGRF_ReadRegister
 .text.SUBGRF_WriteRegisters
                0x0000000008009334       0x28 Middlewares/Third_Party/SubGHz_Phy/stm32_radio_driver/radio_driver.o
                0x0000000008009334                SUBGRF_WriteRegisters
 .text.SUBGRF_ReadRegisters
                0x000000000800935c       0x28 Middlewares/Third_Party/SubGHz_Phy/stm32_radio_driver/radio_driver.o
                0x000000000800935c                SUBGRF_ReadRegisters
 .text.SUBGRF_WriteBuffer
                0x0000000008009384       0x2c Middlewares/Third_Party/SubGHz_Phy/stm32_radio_driver/radio_driver.o
                0x0000000008009384                SUBGRF_WriteBuffer
 .text.SUBGRF_ReadBuffer
                0x00000000080093b0       0x2c Middlewares/Third_Party/SubGHz_Phy/stm32_radio_driver/radio_driver.o
                0x00000000080093b0                SUBGRF_ReadBuffer
 .text.SUBGRF_SetSwitch
                0x00000000080093dc       0x50 Middlewares/Third_Party/SubGHz_Phy/stm32_radio_driver/radio_driver.o
                0x00000000080093dc                SUBGRF_SetSwitch
 .text.SUBGRF_SetRfTxPower
                0x000000000800942c       0x68 Middlewares/Third_Party/SubGHz_Phy/stm32_radio_driver/radio_driver.o
                0x000000000800942c                SUBGRF_SetRfTxPower
 .text.SUBGRF_GetRadioWakeUpTime
                0x0000000008009494        0xe Middlewares/Third_Party/SubGHz_Phy/stm32_radio_driver/radio_driver.o
                0x0000000008009494                SUBGRF_GetRadioWakeUpTime
 .text.Radio_SMPS_Set
                0x00000000080094a2       0x42 Middlewares/Third_Party/SubGHz_Phy/stm32_radio_driver/radio_driver.o
 .text.MX_SubGHz_Phy_Init
                0x00000000080094e4       0x10 SubGHz_Phy/App/app_subghz_phy.o
                0x00000000080094e4                MX_SubGHz_Phy_Init
 .text.SubghzApp_Init
                0x00000000080094f4       0x4c SubGHz_Phy/App/subghz_phy_app.o
                0x00000000080094f4                SubghzApp_Init
 .text.OnTxDone
                0x0000000008009540        0xc SubGHz_Phy/App/subghz_phy_app.o
 .text.OnRxDone
                0x000000000800954c       0x24 SubGHz_Phy/App/subghz_phy_app.o
 .text.OnTxTimeout
                0x0000000008009570        0xc SubGHz_Phy/App/subghz_phy_app.o
 .text.OnRxTimeout
                0x000000000800957c        0xc SubGHz_Phy/App/subghz_phy_app.o
 .text.OnRxError
                0x0000000008009588        0xc SubGHz_Phy/App/subghz_phy_app.o
 .text.LL_AHB2_GRP1_EnableClock
                0x0000000008009594       0x30 SubGHz_Phy/Target/radio_board_if.o
 .text.RBI_Init
                0x00000000080095c4       0x7c SubGHz_Phy/Target/radio_board_if.o
                0x00000000080095c4                RBI_Init
 .text.RBI_ConfigRFSwitch
                0x0000000008009640       0xb8 SubGHz_Phy/Target/radio_board_if.o
                0x0000000008009640                RBI_ConfigRFSwitch
 .text.RBI_GetTxConfig
                0x00000000080096f8        0xe SubGHz_Phy/Target/radio_board_if.o
                0x00000000080096f8                RBI_GetTxConfig
 .text.RBI_GetWakeUpTime
                0x0000000008009706        0xe SubGHz_Phy/Target/radio_board_if.o
                0x0000000008009706                RBI_GetWakeUpTime
 .text.RBI_IsTCXO
                0x0000000008009714        0xe SubGHz_Phy/Target/radio_board_if.o
                0x0000000008009714                RBI_IsTCXO
 .text.RBI_IsDCDC
                0x0000000008009722        0xe SubGHz_Phy/Target/radio_board_if.o
                0x0000000008009722                RBI_IsDCDC
 .text.UTIL_MEM_set_8
                0x0000000008009730       0x36 Utilities/misc/stm32_mem.o
                0x0000000008009730                UTIL_MEM_set_8
 *fill*         0x0000000008009766        0x2 
 .text.UTIL_TIMER_Create
                0x0000000008009768       0x6c Utilities/timer/stm32_timer.o
                0x0000000008009768                UTIL_TIMER_Create
 .text.UTIL_TIMER_Start
                0x00000000080097d4       0xdc Utilities/timer/stm32_timer.o
                0x00000000080097d4                UTIL_TIMER_Start
 .text.UTIL_TIMER_Stop
                0x00000000080098b0       0xe0 Utilities/timer/stm32_timer.o
                0x00000000080098b0                UTIL_TIMER_Stop
 .text.UTIL_TIMER_SetPeriod
                0x0000000008009990       0x54 Utilities/timer/stm32_timer.o
                0x0000000008009990                UTIL_TIMER_SetPeriod
 .text.UTIL_TIMER_GetCurrentTime
                0x00000000080099e4       0x24 Utilities/timer/stm32_timer.o
                0x00000000080099e4                UTIL_TIMER_GetCurrentTime
 .text.UTIL_TIMER_GetElapsedTime
                0x0000000008009a08       0x38 Utilities/timer/stm32_timer.o
                0x0000000008009a08                UTIL_TIMER_GetElapsedTime
 .text.TimerExists
                0x0000000008009a40       0x38 Utilities/timer/stm32_timer.o
                0x0000000008009a40                TimerExists
 .text.TimerSetTimeout
                0x0000000008009a78       0x54 Utilities/timer/stm32_timer.o
                0x0000000008009a78                TimerSetTimeout
 .text.TimerInsertTimer
                0x0000000008009acc       0x60 Utilities/timer/stm32_timer.o
                0x0000000008009acc                TimerInsertTimer
 .text.TimerInsertNewHeadTimer
                0x0000000008009b2c       0x3c Utilities/timer/stm32_timer.o
                0x0000000008009b2c                TimerInsertNewHeadTimer
 .text.__libc_init_array
                0x0000000008009b68       0x48 c:/st/stm32cubeide_1.5.0/stm32cubeide/plugins/com.st.stm32cube.ide.mcu.externaltools.gnu-tools-for-stm32.9-2020-q2-update.win32_1.5.0.202011040924/tools/bin/../lib/gcc/arm-none-eabi/9.3.1/../../../../arm-none-eabi/lib/thumb/v7e-m/nofp\libc_nano.a(lib_a-init.o)
                0x0000000008009b68                __libc_init_array
 .text.memcpy   0x0000000008009bb0       0x1c c:/st/stm32cubeide_1.5.0/stm32cubeide/plugins/com.st.stm32cube.ide.mcu.externaltools.gnu-tools-for-stm32.9-2020-q2-update.win32_1.5.0.202011040924/tools/bin/../lib/gcc/arm-none-eabi/9.3.1/../../../../arm-none-eabi/lib/thumb/v7e-m/nofp\libc_nano.a(lib_a-memcpy-stub.o)
                0x0000000008009bb0                memcpy
 .text.memset   0x0000000008009bcc       0x10 c:/st/stm32cubeide_1.5.0/stm32cubeide/plugins/com.st.stm32cube.ide.mcu.externaltools.gnu-tools-for-stm32.9-2020-q2-update.win32_1.5.0.202011040924/tools/bin/../lib/gcc/arm-none-eabi/9.3.1/../../../../arm-none-eabi/lib/thumb/v7e-m/nofp\libc_nano.a(lib_a-memset.o)
                0x0000000008009bcc                memset
 *(.glue_7)
 .glue_7        0x0000000008009bdc        0x0 linker stubs
 *(.glue_7t)
 .glue_7t       0x0000000008009bdc        0x0 linker stubs
 *(.eh_frame)
 .eh_frame      0x0000000008009bdc        0x0 c:/st/stm32cubeide_1.5.0/stm32cubeide/plugins/com.st.stm32cube.ide.mcu.externaltools.gnu-tools-for-stm32.9-2020-q2-update.win32_1.5.0.202011040924/tools/bin/../lib/gcc/arm-none-eabi/9.3.1/thumb/v7e-m/nofp/crtbegin.o
 *(.init)
 .init          0x0000000008009bdc        0x4 c:/st/stm32cubeide_1.5.0/stm32cubeide/plugins/com.st.stm32cube.ide.mcu.externaltools.gnu-tools-for-stm32.9-2020-q2-update.win32_1.5.0.202011040924/tools/bin/../lib/gcc/arm-none-eabi/9.3.1/thumb/v7e-m/nofp/crti.o
                0x0000000008009bdc                _init
 .init          0x0000000008009be0        0x8 c:/st/stm32cubeide_1.5.0/stm32cubeide/plugins/com.st.stm32cube.ide.mcu.externaltools.gnu-tools-for-stm32.9-2020-q2-update.win32_1.5.0.202011040924/tools/bin/../lib/gcc/arm-none-eabi/9.3.1/thumb/v7e-m/nofp/crtn.o
 *(.fini)
 .fini          0x0000000008009be8        0x4 c:/st/stm32cubeide_1.5.0/stm32cubeide/plugins/com.st.stm32cube.ide.mcu.externaltools.gnu-tools-for-stm32.9-2020-q2-update.win32_1.5.0.202011040924/tools/bin/../lib/gcc/arm-none-eabi/9.3.1/thumb/v7e-m/nofp/crti.o
                0x0000000008009be8                _fini
 .fini          0x0000000008009bec        0x8 c:/st/stm32cubeide_1.5.0/stm32cubeide/plugins/com.st.stm32cube.ide.mcu.externaltools.gnu-tools-for-stm32.9-2020-q2-update.win32_1.5.0.202011040924/tools/bin/../lib/gcc/arm-none-eabi/9.3.1/thumb/v7e-m/nofp/crtn.o
                0x0000000008009bf4                . = ALIGN (0x4)
                0x0000000008009bf4                _etext = .

.vfp11_veneer   0x0000000008009bf4        0x0
 .vfp11_veneer  0x0000000008009bf4        0x0 linker stubs

.v4_bx          0x0000000008009bf4        0x0
 .v4_bx         0x0000000008009bf4        0x0 linker stubs

.iplt           0x0000000008009bf4        0x0
 .iplt          0x0000000008009bf4        0x0 c:/st/stm32cubeide_1.5.0/stm32cubeide/plugins/com.st.stm32cube.ide.mcu.externaltools.gnu-tools-for-stm32.9-2020-q2-update.win32_1.5.0.202011040924/tools/bin/../lib/gcc/arm-none-eabi/9.3.1/thumb/v7e-m/nofp/crtbegin.o

.rodata         0x0000000008009bf4      0x2ac
                0x0000000008009bf4                . = ALIGN (0x4)
 *(.rodata)
 .rodata        0x0000000008009bf4        0xb Core/Src/app_freertos.o
 *fill*         0x0000000008009bff        0x1 
 .rodata        0x0000000008009c00       0x1c Drivers/STM32WLxx_HAL_Driver/Src/stm32wlxx_hal_rcc.o
 .rodata        0x0000000008009c1c       0x10 Drivers/STM32WLxx_HAL_Driver/Src/stm32wlxx_hal_uart_ex.o
 .rodata        0x0000000008009c2c        0x5 Middlewares/Third_Party/FreeRTOS/Source/tasks.o
 *fill*         0x0000000008009c31        0x3 
 .rodata        0x0000000008009c34        0xd Middlewares/Third_Party/FreeRTOS/Source/timers.o
 *fill*         0x0000000008009c41        0x3 
 .rodata        0x0000000008009c44       0x10 Middlewares/Third_Party/SubGHz_Phy/stm32_radio_driver/radio.o
 .rodata        0x0000000008009c54       0x11 Middlewares/Third_Party/SubGHz_Phy/stm32_radio_driver/radio_driver.o
 *(.rodata*)
 *fill*         0x0000000008009c65        0x3 
 .rodata.initThread_attributes
                0x0000000008009c68       0x24 Core/Src/app_freertos.o
                0x0000000008009c68                initThread_attributes
 .rodata.AHBPrescTable
                0x0000000008009c8c       0x40 Core/Src/system_stm32wlxx.o
                0x0000000008009c8c                AHBPrescTable
 .rodata.APBPrescTable
                0x0000000008009ccc       0x20 Core/Src/system_stm32wlxx.o
                0x0000000008009ccc                APBPrescTable
 .rodata.MSIRangeTable
                0x0000000008009cec       0x40 Core/Src/system_stm32wlxx.o
                0x0000000008009cec                MSIRangeTable
 .rodata.UTIL_TimerDriver
                0x0000000008009d2c       0x2c Core/Src/timer_if.o
                0x0000000008009d2c                UTIL_TimerDriver
 .rodata.UARTPrescTable
                0x0000000008009d58       0x18 Drivers/STM32WLxx_HAL_Driver/Src/stm32wlxx_hal_uart.o
                0x0000000008009d58                UARTPrescTable
 .rodata.Radio  0x0000000008009d70       0x7c Middlewares/Third_Party/SubGHz_Phy/stm32_radio_driver/radio.o
                0x0000000008009d70                Radio
 .rodata.FskBandwidths
                0x0000000008009dec       0xb0 Middlewares/Third_Party/SubGHz_Phy/stm32_radio_driver/radio.o
                0x0000000008009dec                FskBandwidths
 .rodata.Bandwidths
                0x0000000008009e9c        0x3 Middlewares/Third_Party/SubGHz_Phy/stm32_radio_driver/radio.o
                0x0000000008009e9c                Bandwidths
                0x0000000008009ea0                . = ALIGN (0x4)
 *fill*         0x0000000008009e9f        0x1 

.ARM.extab      0x0000000008009ea0        0x0
                0x0000000008009ea0                . = ALIGN (0x4)
 *(.ARM.extab* .gnu.linkonce.armextab.*)
                0x0000000008009ea0                . = ALIGN (0x4)

.ARM            0x0000000008009ea0        0x8
                0x0000000008009ea0                . = ALIGN (0x4)
                0x0000000008009ea0                __exidx_start = .
 *(.ARM.exidx*)
 .ARM.exidx     0x0000000008009ea0        0x8 c:/st/stm32cubeide_1.5.0/stm32cubeide/plugins/com.st.stm32cube.ide.mcu.externaltools.gnu-tools-for-stm32.9-2020-q2-update.win32_1.5.0.202011040924/tools/bin/../lib/gcc/arm-none-eabi/9.3.1/thumb/v7e-m/nofp\libgcc.a(_udivmoddi4.o)
                0x0000000008009ea8                __exidx_end = .
                0x0000000008009ea8                . = ALIGN (0x4)

.rel.dyn        0x0000000008009ea8        0x0
 .rel.iplt      0x0000000008009ea8        0x0 c:/st/stm32cubeide_1.5.0/stm32cubeide/plugins/com.st.stm32cube.ide.mcu.externaltools.gnu-tools-for-stm32.9-2020-q2-update.win32_1.5.0.202011040924/tools/bin/../lib/gcc/arm-none-eabi/9.3.1/thumb/v7e-m/nofp/crtbegin.o

.preinit_array  0x0000000008009ea8        0x0
                0x0000000008009ea8                . = ALIGN (0x4)
                0x0000000008009ea8                PROVIDE (__preinit_array_start = .)
 *(.preinit_array*)
                0x0000000008009ea8                PROVIDE (__preinit_array_end = .)
                0x0000000008009ea8                . = ALIGN (0x4)

.init_array     0x0000000008009ea8        0x4
                0x0000000008009ea8                . = ALIGN (0x4)
                0x0000000008009ea8                PROVIDE (__init_array_start = .)
 *(SORT_BY_NAME(.init_array.*))
 *(.init_array*)
 .init_array    0x0000000008009ea8        0x4 c:/st/stm32cubeide_1.5.0/stm32cubeide/plugins/com.st.stm32cube.ide.mcu.externaltools.gnu-tools-for-stm32.9-2020-q2-update.win32_1.5.0.202011040924/tools/bin/../lib/gcc/arm-none-eabi/9.3.1/thumb/v7e-m/nofp/crtbegin.o
                0x0000000008009eac                PROVIDE (__init_array_end = .)
                0x0000000008009eac                . = ALIGN (0x4)

.fini_array     0x0000000008009eac        0x4
                0x0000000008009eac                . = ALIGN (0x4)
                [!provide]                        PROVIDE (__fini_array_start = .)
 *(SORT_BY_NAME(.fini_array.*))
 *(.fini_array*)
 .fini_array    0x0000000008009eac        0x4 c:/st/stm32cubeide_1.5.0/stm32cubeide/plugins/com.st.stm32cube.ide.mcu.externaltools.gnu-tools-for-stm32.9-2020-q2-update.win32_1.5.0.202011040924/tools/bin/../lib/gcc/arm-none-eabi/9.3.1/thumb/v7e-m/nofp/crtbegin.o
                [!provide]                        PROVIDE (__fini_array_end = .)
                0x0000000008009eb0                . = ALIGN (0x4)
                0x0000000008009eb0                _sidata = LOADADDR (.data)

.data           0x0000000020000000       0x14 load address 0x0000000008009eb0
                0x0000000020000000                . = ALIGN (0x4)
                0x0000000020000000                _sdata = .
 *(.data)
 *(.data*)
 .data.SystemCoreClock
                0x0000000020000000        0x4 Core/Src/system_stm32wlxx.o
                0x0000000020000000                SystemCoreClock
 .data.uwTickPrio
                0x0000000020000004        0x4 Drivers/STM32WLxx_HAL_Driver/Src/stm32wlxx_hal.o
                0x0000000020000004                uwTickPrio
 .data.uwTickFreq
                0x0000000020000008        0x1 Drivers/STM32WLxx_HAL_Driver/Src/stm32wlxx_hal.o
                0x0000000020000008                uwTickFreq
 *fill*         0x0000000020000009        0x3 
 .data.uxCriticalNesting
                0x000000002000000c        0x4 Middlewares/Third_Party/FreeRTOS/Source/portable/GCC/ARM_CM3/port.o
 .data.MaxPayloadLength
                0x0000000020000010        0x1 Middlewares/Third_Party/SubGHz_Phy/stm32_radio_driver/radio.o
 *(.RamFunc)
 *(.RamFunc*)
                0x0000000020000014                . = ALIGN (0x4)
 *fill*         0x0000000020000011        0x3 
                0x0000000020000014                _edata = .

.igot.plt       0x0000000020000014        0x0 load address 0x0000000008009ec4
 .igot.plt      0x0000000020000014        0x0 c:/st/stm32cubeide_1.5.0/stm32cubeide/plugins/com.st.stm32cube.ide.mcu.externaltools.gnu-tools-for-stm32.9-2020-q2-update.win32_1.5.0.202011040924/tools/bin/../lib/gcc/arm-none-eabi/9.3.1/thumb/v7e-m/nofp/crtbegin.o
                0x0000000020000014                . = ALIGN (0x4)

.bss            0x0000000020000014     0x1c10 load address 0x0000000008009ec4
                0x0000000020000014                _sbss = .
                0x0000000020000014                __bss_start__ = _sbss
 *(.bss)
 .bss           0x0000000020000014       0x1c c:/st/stm32cubeide_1.5.0/stm32cubeide/plugins/com.st.stm32cube.ide.mcu.externaltools.gnu-tools-for-stm32.9-2020-q2-update.win32_1.5.0.202011040924/tools/bin/../lib/gcc/arm-none-eabi/9.3.1/thumb/v7e-m/nofp/crtbegin.o
 *(.bss*)
 .bss.KernelState
                0x0000000020000030        0x4 Middlewares/Third_Party/FreeRTOS/Source/CMSIS_RTOS_V2/cmsis_os2.o
 .bss.Idle_TCB  0x0000000020000034       0x5c Middlewares/Third_Party/FreeRTOS/Source/CMSIS_RTOS_V2/cmsis_os2.o
 .bss.Idle_Stack
                0x0000000020000090      0x200 Middlewares/Third_Party/FreeRTOS/Source/CMSIS_RTOS_V2/cmsis_os2.o
 .bss.Timer_TCB
                0x0000000020000290       0x5c Middlewares/Third_Party/FreeRTOS/Source/CMSIS_RTOS_V2/cmsis_os2.o
 .bss.Timer_Stack
                0x00000000200002ec      0x400 Middlewares/Third_Party/FreeRTOS/Source/CMSIS_RTOS_V2/cmsis_os2.o
 .bss.pxCurrentTCB
                0x00000000200006ec        0x4 Middlewares/Third_Party/FreeRTOS/Source/tasks.o
                0x00000000200006ec                pxCurrentTCB
 .bss.pxReadyTasksLists
                0x00000000200006f0      0x460 Middlewares/Third_Party/FreeRTOS/Source/tasks.o
 .bss.xDelayedTaskList1
                0x0000000020000b50       0x14 Middlewares/Third_Party/FreeRTOS/Source/tasks.o
 .bss.xDelayedTaskList2
                0x0000000020000b64       0x14 Middlewares/Third_Party/FreeRTOS/Source/tasks.o
 .bss.pxDelayedTaskList
                0x0000000020000b78        0x4 Middlewares/Third_Party/FreeRTOS/Source/tasks.o
 .bss.pxOverflowDelayedTaskList
                0x0000000020000b7c        0x4 Middlewares/Third_Party/FreeRTOS/Source/tasks.o
 .bss.xPendingReadyList
                0x0000000020000b80       0x14 Middlewares/Third_Party/FreeRTOS/Source/tasks.o
 .bss.xTasksWaitingTermination
                0x0000000020000b94       0x14 Middlewares/Third_Party/FreeRTOS/Source/tasks.o
 .bss.uxDeletedTasksWaitingCleanUp
                0x0000000020000ba8        0x4 Middlewares/Third_Party/FreeRTOS/Source/tasks.o
 .bss.xSuspendedTaskList
                0x0000000020000bac       0x14 Middlewares/Third_Party/FreeRTOS/Source/tasks.o
 .bss.uxCurrentNumberOfTasks
                0x0000000020000bc0        0x4 Middlewares/Third_Party/FreeRTOS/Source/tasks.o
 .bss.xTickCount
                0x0000000020000bc4        0x4 Middlewares/Third_Party/FreeRTOS/Source/tasks.o
 .bss.uxTopReadyPriority
                0x0000000020000bc8        0x4 Middlewares/Third_Party/FreeRTOS/Source/tasks.o
 .bss.xSchedulerRunning
                0x0000000020000bcc        0x4 Middlewares/Third_Party/FreeRTOS/Source/tasks.o
 .bss.uxPendedTicks
                0x0000000020000bd0        0x4 Middlewares/Third_Party/FreeRTOS/Source/tasks.o
 .bss.xYieldPending
                0x0000000020000bd4        0x4 Middlewares/Third_Party/FreeRTOS/Source/tasks.o
 .bss.xNumOfOverflows
                0x0000000020000bd8        0x4 Middlewares/Third_Party/FreeRTOS/Source/tasks.o
 .bss.uxTaskNumber
                0x0000000020000bdc        0x4 Middlewares/Third_Party/FreeRTOS/Source/tasks.o
 .bss.xNextTaskUnblockTime
                0x0000000020000be0        0x4 Middlewares/Third_Party/FreeRTOS/Source/tasks.o
 .bss.xIdleTaskHandle
                0x0000000020000be4        0x4 Middlewares/Third_Party/FreeRTOS/Source/tasks.o
 .bss.uxSchedulerSuspended
                0x0000000020000be8        0x4 Middlewares/Third_Party/FreeRTOS/Source/tasks.o
 .bss.xActiveTimerList1
                0x0000000020000bec       0x14 Middlewares/Third_Party/FreeRTOS/Source/timers.o
 .bss.xActiveTimerList2
                0x0000000020000c00       0x14 Middlewares/Third_Party/FreeRTOS/Source/timers.o
 .bss.pxCurrentTimerList
                0x0000000020000c14        0x4 Middlewares/Third_Party/FreeRTOS/Source/timers.o
 .bss.pxOverflowTimerList
                0x0000000020000c18        0x4 Middlewares/Third_Party/FreeRTOS/Source/timers.o
 .bss.xTimerQueue
                0x0000000020000c1c        0x4 Middlewares/Third_Party/FreeRTOS/Source/timers.o
 .bss.xTimerTaskHandle
                0x0000000020000c20        0x4 Middlewares/Third_Party/FreeRTOS/Source/timers.o
 .bss.xLastTime.5538
                0x0000000020000c24        0x4 Middlewares/Third_Party/FreeRTOS/Source/timers.o
 .bss.ucStaticTimerQueueStorage.5589
                0x0000000020000c28       0xa0 Middlewares/Third_Party/FreeRTOS/Source/timers.o
 .bss.xStaticTimerQueue.5588
                0x0000000020000cc8       0x50 Middlewares/Third_Party/FreeRTOS/Source/timers.o
 .bss.ucMaxSysCallPriority
                0x0000000020000d18        0x1 Middlewares/Third_Party/FreeRTOS/Source/portable/GCC/ARM_CM3/port.o
 *fill*         0x0000000020000d19        0x3 
 .bss.ulMaxPRIGROUPValue
                0x0000000020000d1c        0x4 Middlewares/Third_Party/FreeRTOS/Source/portable/GCC/ARM_CM3/port.o
 .bss.ucHeap    0x0000000020000d20      0xc00 Middlewares/Third_Party/FreeRTOS/Source/portable/MemMang/heap_4.o
 .bss.xStart    0x0000000020001920        0x8 Middlewares/Third_Party/FreeRTOS/Source/portable/MemMang/heap_4.o
 .bss.pxEnd     0x0000000020001928        0x4 Middlewares/Third_Party/FreeRTOS/Source/portable/MemMang/heap_4.o
 .bss.xFreeBytesRemaining
                0x000000002000192c        0x4 Middlewares/Third_Party/FreeRTOS/Source/portable/MemMang/heap_4.o
 .bss.xMinimumEverFreeBytesRemaining
                0x0000000020001930        0x4 Middlewares/Third_Party/FreeRTOS/Source/portable/MemMang/heap_4.o
 .bss.xBlockAllocatedBit
                0x0000000020001934        0x4 Middlewares/Third_Party/FreeRTOS/Source/portable/MemMang/heap_4.o
 .bss.RadioRxPayload
                0x0000000020001938       0xff Middlewares/Third_Party/SubGHz_Phy/stm32_radio_driver/radio.o
 *fill*         0x0000000020001a37        0x1 
 .bss.RadioEvents
                0x0000000020001a38        0x4 Middlewares/Third_Party/SubGHz_Phy/stm32_radio_driver/radio.o
 .bss.OperatingMode
                0x0000000020001a3c        0x1 Middlewares/Third_Party/SubGHz_Phy/stm32_radio_driver/radio_driver.o
 .bss.PacketType
                0x0000000020001a3d        0x1 Middlewares/Third_Party/SubGHz_Phy/stm32_radio_driver/radio_driver.o
 .bss.LoRaHeaderType
                0x0000000020001a3e        0x1 Middlewares/Third_Party/SubGHz_Phy/stm32_radio_driver/radio_driver.o
 *fill*         0x0000000020001a3f        0x1 
 .bss.FrequencyError
                0x0000000020001a40        0x4 Middlewares/Third_Party/SubGHz_Phy/stm32_radio_driver/radio_driver.o
                0x0000000020001a40                FrequencyError
 .bss.ImageCalibrated
                0x0000000020001a44        0x1 Middlewares/Third_Party/SubGHz_Phy/stm32_radio_driver/radio_driver.o
 *fill*         0x0000000020001a45        0x3 
 .bss.RadioOnDioIrqCb
                0x0000000020001a48        0x4 Middlewares/Third_Party/SubGHz_Phy/stm32_radio_driver/radio_driver.o
 .bss.RadioEvents
                0x0000000020001a4c       0x1c SubGHz_Phy/App/subghz_phy_app.o
 .bss.TimerListHead
                0x0000000020001a68        0x4 Utilities/timer/stm32_timer.o
 *(COMMON)
 COMMON         0x0000000020001a6c        0x4 Core/Src/app_freertos.o
                0x0000000020001a6c                initThreadHandle
 COMMON         0x0000000020001a70       0x4c Core/Src/stm32wlxx_hal_timebase_tim.o
                0x0000000020001a70                htim1
 COMMON         0x0000000020001abc        0xc Core/Src/subghz.o
                0x0000000020001abc                hsubghz
 COMMON         0x0000000020001ac8       0x90 Core/Src/usart.o
                0x0000000020001ac8                huart2
 COMMON         0x0000000020001b58        0x4 Drivers/STM32WLxx_HAL_Driver/Src/stm32wlxx_hal.o
                0x0000000020001b58                uwTick
 COMMON         0x0000000020001b5c       0x40 Middlewares/Third_Party/FreeRTOS/Source/queue.o
                0x0000000020001b5c                xQueueRegistry
 COMMON         0x0000000020001b9c       0x88 Middlewares/Third_Party/SubGHz_Phy/stm32_radio_driver/radio.o
                0x0000000020001b9c                SubgRf
                0x0000000020001bf4                TxTimeoutTimer
                0x0000000020001c0c                RxTimeoutTimer
                0x0000000020001c24                . = ALIGN (0x4)
                0x0000000020001c24                _ebss = .
                0x0000000020001c24                __bss_end__ = _ebss

._user_heap_stack
                0x0000000020001c24      0x604 load address 0x0000000008009ec4
                0x0000000020001c28                . = ALIGN (0x8)
 *fill*         0x0000000020001c24        0x4 
                [!provide]                        PROVIDE (end = .)
                0x0000000020001c28                PROVIDE (_end = .)
                0x0000000020001e28                . = (. + _Min_Heap_Size)
 *fill*         0x0000000020001c28      0x200 
                0x0000000020002228                . = (. + _Min_Stack_Size)
 *fill*         0x0000000020001e28      0x400 
                0x0000000020002228                . = ALIGN (0x8)

/DISCARD/
 libc.a(*)
 libm.a(*)
 libgcc.a(*)

.ARM.attributes
                0x0000000000000000       0x2a
 *(.ARM.attributes)
 .ARM.attributes
                0x0000000000000000       0x1e c:/st/stm32cubeide_1.5.0/stm32cubeide/plugins/com.st.stm32cube.ide.mcu.externaltools.gnu-tools-for-stm32.9-2020-q2-update.win32_1.5.0.202011040924/tools/bin/../lib/gcc/arm-none-eabi/9.3.1/thumb/v7e-m/nofp/crti.o
 .ARM.attributes
                0x000000000000001e       0x2e c:/st/stm32cubeide_1.5.0/stm32cubeide/plugins/com.st.stm32cube.ide.mcu.externaltools.gnu-tools-for-stm32.9-2020-q2-update.win32_1.5.0.202011040924/tools/bin/../lib/gcc/arm-none-eabi/9.3.1/thumb/v7e-m/nofp/crtbegin.o
 .ARM.attributes
                0x000000000000004c       0x2e Core/Src/app_freertos.o
 .ARM.attributes
                0x000000000000007a       0x2e Core/Src/gpio.o
 .ARM.attributes
                0x00000000000000a8       0x2e Core/Src/main.o
 .ARM.attributes
                0x00000000000000d6       0x2e Core/Src/stm32wlxx_hal_msp.o
 .ARM.attributes
                0x0000000000000104       0x2e Core/Src/stm32wlxx_hal_timebase_tim.o
 .ARM.attributes
                0x0000000000000132       0x2e Core/Src/stm32wlxx_it.o
 .ARM.attributes
                0x0000000000000160       0x2e Core/Src/subghz.o
 .ARM.attributes
                0x000000000000018e       0x2e Core/Src/sys_app.o
 .ARM.attributes
                0x00000000000001bc       0x2e Core/Src/system_stm32wlxx.o
 .ARM.attributes
                0x00000000000001ea       0x2e Core/Src/timer_if.o
 .ARM.attributes
                0x0000000000000218       0x2e Core/Src/usart.o
 .ARM.attributes
                0x0000000000000246       0x21 Core/Startup/startup_stm32wl55jcix.o
 .ARM.attributes
                0x0000000000000267       0x2e Drivers/STM32WLxx_HAL_Driver/Src/stm32wlxx_hal.o
 .ARM.attributes
                0x0000000000000295       0x2e Drivers/STM32WLxx_HAL_Driver/Src/stm32wlxx_hal_cortex.o
 .ARM.attributes
                0x00000000000002c3       0x2e Drivers/STM32WLxx_HAL_Driver/Src/stm32wlxx_hal_gpio.o
 .ARM.attributes
                0x00000000000002f1       0x2e Drivers/STM32WLxx_HAL_Driver/Src/stm32wlxx_hal_pwr.o
 .ARM.attributes
                0x000000000000031f       0x2e Drivers/STM32WLxx_HAL_Driver/Src/stm32wlxx_hal_pwr_ex.o
 .ARM.attributes
                0x000000000000034d       0x2e Drivers/STM32WLxx_HAL_Driver/Src/stm32wlxx_hal_rcc.o
 .ARM.attributes
                0x000000000000037b       0x2e Drivers/STM32WLxx_HAL_Driver/Src/stm32wlxx_hal_rcc_ex.o
 .ARM.attributes
                0x00000000000003a9       0x2e Drivers/STM32WLxx_HAL_Driver/Src/stm32wlxx_hal_subghz.o
 .ARM.attributes
                0x00000000000003d7       0x2e Drivers/STM32WLxx_HAL_Driver/Src/stm32wlxx_hal_tim.o
 .ARM.attributes
                0x0000000000000405       0x2e Drivers/STM32WLxx_HAL_Driver/Src/stm32wlxx_hal_tim_ex.o
 .ARM.attributes