Archive member included to satisfy reference by file (symbol)

c:/st/stm32cubeide_1.5.0/stm32cubeide/plugins/com.st.stm32cube.ide.mcu.externaltools.gnu-tools-for-stm32.9-2020-q2-update.win32_1.5.0.202011040924/tools/bin/../lib/gcc/arm-none-eabi/9.3.1/../../../../arm-none-eabi/lib/thumb/v7e-m/nofp\libc_nano.a(lib_a-errno.o)
                              Core/Src/syscalls.o (__errno)
c:/st/stm32cubeide_1.5.0/stm32cubeide/plugins/com.st.stm32cube.ide.mcu.externaltools.gnu-tools-for-stm32.9-2020-q2-update.win32_1.5.0.202011040924/tools/bin/../lib/gcc/arm-none-eabi/9.3.1/../../../../arm-none-eabi/lib/thumb/v7e-m/nofp\libc_nano.a(lib_a-exit.o)
                              c:/st/stm32cubeide_1.5.0/stm32cubeide/plugins/com.st.stm32cube.ide.mcu.externaltools.gnu-tools-for-stm32.9-2020-q2-update.win32_1.5.0.202011040924/tools/bin/../lib/gcc/arm-none-eabi/9.3.1/../../../../arm-none-eabi/lib/thumb/v7e-m/nofp/crt0.o (exit)
c:/st/stm32cubeide_1.5.0/stm32cubeide/plugins/com.st.stm32cube.ide.mcu.externaltools.gnu-tools-for-stm32.9-2020-q2-update.win32_1.5.0.202011040924/tools/bin/../lib/gcc/arm-none-eabi/9.3.1/../../../../arm-none-eabi/lib/thumb/v7e-m/nofp\libc_nano.a(lib_a-impure.o)
                              c:/st/stm32cubeide_1.5.0/stm32cubeide/plugins/com.st.stm32cube.ide.mcu.externaltools.gnu-tools-for-stm32.9-2020-q2-update.win32_1.5.0.202011040924/tools/bin/../lib/gcc/arm-none-eabi/9.3.1/../../../../arm-none-eabi/lib/thumb/v7e-m/nofp\libc_nano.a(lib_a-exit.o) (_global_impure_ptr)
c:/st/stm32cubeide_1.5.0/stm32cubeide/plugins/com.st.stm32cube.ide.mcu.externaltools.gnu-tools-for-stm32.9-2020-q2-update.win32_1.5.0.202011040924/tools/bin/../lib/gcc/arm-none-eabi/9.3.1/../../../../arm-none-eabi/lib/thumb/v7e-m/nofp\libc_nano.a(lib_a-init.o)
                              c:/st/stm32cubeide_1.5.0/stm32cubeide/plugins/com.st.stm32cube.ide.mcu.externaltools.gnu-tools-for-stm32.9-2020-q2-update.win32_1.5.0.202011040924/tools/bin/../lib/gcc/arm-none-eabi/9.3.1/../../../../arm-none-eabi/lib/thumb/v7e-m/nofp/crt0.o (__libc_init_array)
c:/st/stm32cubeide_1.5.0/stm32cubeide/plugins/com.st.stm32cube.ide.mcu.externaltools.gnu-tools-for-stm32.9-2020-q2-update.win32_1.5.0.202011040924/tools/bin/../lib/gcc/arm-none-eabi/9.3.1/../../../../arm-none-eabi/lib/thumb/v7e-m/nofp\libc_nano.a(lib_a-memcpy-stub.o)
                              Middlewares/Third_Party/FreeRTOS/Source/CMSIS_RTOS_V2/cmsis_os2.o (memcpy)
c:/st/stm32cubeide_1.5.0/stm32cubeide/plugins/com.st.stm32cube.ide.mcu.externaltools.gnu-tools-for-stm32.9-2020-q2-update.win32_1.5.0.202011040924/tools/bin/../lib/gcc/arm-none-eabi/9.3.1/../../../../arm-none-eabi/lib/thumb/v7e-m/nofp\libc_nano.a(lib_a-memset.o)
                              c:/st/stm32cubeide_1.5.0/stm32cubeide/plugins/com.st.stm32cube.ide.mcu.externaltools.gnu-tools-for-stm32.9-2020-q2-update.win32_1.5.0.202011040924/tools/bin/../lib/gcc/arm-none-eabi/9.3.1/../../../../arm-none-eabi/lib/thumb/v7e-m/nofp/crt0.o (memset)
c:/st/stm32cubeide_1.5.0/stm32cubeide/plugins/com.st.stm32cube.ide.mcu.externaltools.gnu-tools-for-stm32.9-2020-q2-update.win32_1.5.0.202011040924/tools/bin/../lib/gcc/arm-none-eabi/9.3.1/../../../../arm-none-eabi/lib/thumb/v7e-m/nofp\libc_nano.a(lib_a-strlen.o)
                              Utilities/misc/stm32_tiny_sscanf.o (strlen)
c:/st/stm32cubeide_1.5.0/stm32cubeide/plugins/com.st.stm32cube.ide.mcu.externaltools.gnu-tools-for-stm32.9-2020-q2-update.win32_1.5.0.202011040924/tools/bin/../lib/gcc/arm-none-eabi/9.3.1/thumb/v7e-m/nofp\libgcc.a(_aeabi_uldivmod.o)
                              Drivers/STM32WLxx_HAL_Driver/Src/stm32wlxx_hal_uart.o (__aeabi_uldivmod)
c:/st/stm32cubeide_1.5.0/stm32cubeide/plugins/com.st.stm32cube.ide.mcu.externaltools.gnu-tools-for-stm32.9-2020-q2-update.win32_1.5.0.202011040924/tools/bin/../lib/gcc/arm-none-eabi/9.3.1/thumb/v7e-m/nofp\libgcc.a(_udivmoddi4.o)
                              c:/st/stm32cubeide_1.5.0/stm32cubeide/plugins/com.st.stm32cube.ide.mcu.externaltools.gnu-tools-for-stm32.9-2020-q2-update.win32_1.5.0.202011040924/tools/bin/../lib/gcc/arm-none-eabi/9.3.1/thumb/v7e-m/nofp\libgcc.a(_aeabi_uldivmod.o) (__udivmoddi4)
c:/st/stm32cubeide_1.5.0/stm32cubeide/plugins/com.st.stm32cube.ide.mcu.externaltools.gnu-tools-for-stm32.9-2020-q2-update.win32_1.5.0.202011040924/tools/bin/../lib/gcc/arm-none-eabi/9.3.1/thumb/v7e-m/nofp\libgcc.a(_dvmd_tls.o)
                              c:/st/stm32cubeide_1.5.0/stm32cubeide/plugins/com.st.stm32cube.ide.mcu.externaltools.gnu-tools-for-stm32.9-2020-q2-update.win32_1.5.0.202011040924/tools/bin/../lib/gcc/arm-none-eabi/9.3.1/thumb/v7e-m/nofp\libgcc.a(_aeabi_uldivmod.o) (__aeabi_ldiv0)

Allocating common symbols
Common symbol       size              file

hsubghz             0xc               Core/Src/subghz.o
uwTick              0x4               Drivers/STM32WLxx_HAL_Driver/Src/stm32wlxx_hal.o
xQueueRegistry      0x40              Middlewares/Third_Party/FreeRTOS/Source/queue.o
[...]
Memory Configuration

Name             Origin             Length             Attributes
RAM1             0x0000000020000000 0x0000000000008000 xrw
RAM2             0x0000000020008000 0x0000000000008000 xrw
FLASH            0x0000000008000000 0x0000000000040000 xr
*default*        0x0000000000000000 0xffffffffffffffff

Linker script and memory map

LOAD c:/st/stm32cubeide_1.5.0/stm32cubeide/plugins/com.st.stm32cube.ide.mcu.externaltools.gnu-tools-for-stm32.9-2020-q2-update.win32_1.5.0.202011040924/tools/bin/../lib/gcc/arm-none-eabi/9.3.1/thumb/v7e-m/nofp/crti.o
LOAD c:/st/stm32cubeide_1.5.0/stm32cubeide/plugins/com.st.stm32cube.ide.mcu.externaltools.gnu-tools-for-stm32.9-2020-q2-update.win32_1.5.0.202011040924/tools/bin/../lib/gcc/arm-none-eabi/9.3.1/thumb/v7e-m/nofp/crtbegin.o
LOAD c:/st/stm32cubeide_1.5.0/stm32cubeide/plugins/com.st.stm32cube.ide.mcu.externaltools.gnu-tools-for-stm32.9-2020-q2-update.win32_1.5.0.202011040924/tools/bin/../lib/gcc/arm-none-eabi/9.3.1/../../../../arm-none-eabi/lib/thumb/v7e-m/nofp/crt0.o
LOAD Core/Src/app_freertos.o
LOAD Core/Src/gpio.o
LOAD Core/Src/main.o
LOAD Core/Src/stm32_adv_trace_if.o
LOAD Core/Src/stm32_lpm_if.o
LOAD Core/Src/stm32wlxx_hal_msp.o
LOAD Core/Src/stm32wlxx_hal_timebase_tim.o
LOAD Core/Src/stm32wlxx_it.o
LOAD Core/Src/subghz.o
LOAD Core/Src/sys_app.o
LOAD Core/Src/syscalls.o
LOAD Core/Src/sysmem.o
LOAD Core/Src/system_stm32wlxx.o
LOAD Core/Src/timer_if.o
LOAD Core/Src/usart.o
LOAD Core/Startup/startup_stm32wl55jcix.o
LOAD Drivers/STM32WLxx_HAL_Driver/Src/stm32wlxx_hal.o
LOAD Drivers/STM32WLxx_HAL_Driver/Src/stm32wlxx_hal_cortex.o
LOAD Drivers/STM32WLxx_HAL_Driver/Src/stm32wlxx_hal_dma.o
LOAD Drivers/STM32WLxx_HAL_Driver/Src/stm32wlxx_hal_dma_ex.o
LOAD Drivers/STM32WLxx_HAL_Driver/Src/stm32wlxx_hal_exti.o
LOAD Drivers/STM32WLxx_HAL_Driver/Src/stm32wlxx_hal_flash.o
LOAD Drivers/STM32WLxx_HAL_Driver/Src/stm32wlxx_hal_flash_ex.o
LOAD Drivers/STM32WLxx_HAL_Driver/Src/stm32wlxx_hal_gpio.o
LOAD Drivers/STM32WLxx_HAL_Driver/Src/stm32wlxx_hal_pwr.o
LOAD Drivers/STM32WLxx_HAL_Driver/Src/stm32wlxx_hal_pwr_ex.o
LOAD Drivers/STM32WLxx_HAL_Driver/Src/stm32wlxx_hal_rcc.o
LOAD Drivers/STM32WLxx_HAL_Driver/Src/stm32wlxx_hal_rcc_ex.o
LOAD Drivers/STM32WLxx_HAL_Driver/Src/stm32wlxx_hal_subghz.o
LOAD Drivers/STM32WLxx_HAL_Driver/Src/stm32wlxx_hal_tim.o
LOAD Drivers/STM32WLxx_HAL_Driver/Src/stm32wlxx_hal_tim_ex.o
LOAD Drivers/STM32WLxx_HAL_Driver/Src/stm32wlxx_hal_uart.o
LOAD Drivers/STM32WLxx_HAL_Driver/Src/stm32wlxx_hal_uart_ex.o
LOAD Middlewares/Third_Party/FreeRTOS/Source/CMSIS_RTOS_V2/cmsis_os2.o
LOAD Middlewares/Third_Party/FreeRTOS/Source/croutine.o
LOAD Middlewares/Third_Party/FreeRTOS/Source/event_groups.o
LOAD Middlewares/Third_Party/FreeRTOS/Source/list.o
LOAD Middlewares/Third_Party/FreeRTOS/Source/queue.o
LOAD Middlewares/Third_Party/FreeRTOS/Source/stream_buffer.o
LOAD Middlewares/Third_Party/FreeRTOS/Source/tasks.o
LOAD Middlewares/Third_Party/FreeRTOS/Source/timers.o
LOAD Middlewares/Third_Party/FreeRTOS/Source/portable/GCC/ARM_CM3/port.o
LOAD Middlewares/Third_Party/FreeRTOS/Source/portable/MemMang/heap_4.o
LOAD Middlewares/Third_Party/SubGHz_Phy/stm32_radio_driver/radio.o
LOAD Middlewares/Third_Party/SubGHz_Phy/stm32_radio_driver/radio_driver.o
LOAD SubGHz_Phy/App/app_subghz_phy.o
LOAD SubGHz_Phy/App/subghz_phy_app.o
LOAD SubGHz_Phy/Target/radio_board_if.o
LOAD Utilities/lpm/tiny_lpm/stm32_lpm.o
LOAD Utilities/misc/stm32_mem.o
LOAD Utilities/misc/stm32_systime.o
LOAD Utilities/misc/stm32_tiny_sscanf.o
LOAD Utilities/misc/stm32_tiny_vsnprintf.o
LOAD Utilities/timer/stm32_timer.o
LOAD Utilities/trace/adv_trace/stm32_adv_trace.o
START GROUP
LOAD c:/st/stm32cubeide_1.5.0/stm32cubeide/plugins/com.st.stm32cube.ide.mcu.externaltools.gnu-tools-for-stm32.9-2020-q2-update.win32_1.5.0.202011040924/tools/bin/../lib/gcc/arm-none-eabi/9.3.1/../../../../arm-none-eabi/lib/thumb/v7e-m/nofp\libc_nano.a
LOAD c:/st/stm32cubeide_1.5.0/stm32cubeide/plugins/com.st.stm32cube.ide.mcu.externaltools.gnu-tools-for-stm32.9-2020-q2-update.win32_1.5.0.202011040924/tools/bin/../lib/gcc/arm-none-eabi/9.3.1/../../../../arm-none-eabi/lib/thumb/v7e-m/nofp\libm.a
END GROUP
START GROUP
LOAD c:/st/stm32cubeide_1.5.0/stm32cubeide/plugins/com.st.stm32cube.ide.mcu.externaltools.gnu-tools-for-stm32.9-2020-q2-update.win32_1.5.0.202011040924/tools/bin/../lib/gcc/arm-none-eabi/9.3.1/thumb/v7e-m/nofp\libgcc.a
LOAD c:/st/stm32cubeide_1.5.0/stm32cubeide/plugins/com.st.stm32cube.ide.mcu.externaltools.gnu-tools-for-stm32.9-2020-q2-update.win32_1.5.0.202011040924/tools/bin/../lib/gcc/arm-none-eabi/9.3.1/../../../../arm-none-eabi/lib/thumb/v7e-m/nofp\libc_nano.a
END GROUP
START GROUP
LOAD c:/st/stm32cubeide_1.5.0/stm32cubeide/plugins/com.st.stm32cube.ide.mcu.externaltools.gnu-tools-for-stm32.9-2020-q2-update.win32_1.5.0.202011040924/tools/bin/../lib/gcc/arm-none-eabi/9.3.1/thumb/v7e-m/nofp\libgcc.a
LOAD c:/st/stm32cubeide_1.5.0/stm32cubeide/plugins/com.st.stm32cube.ide.mcu.externaltools.gnu-tools-for-stm32.9-2020-q2-update.win32_1.5.0.202011040924/tools/bin/../lib/gcc/arm-none-eabi/9.3.1/../../../../arm-none-eabi/lib/thumb/v7e-m/nofp\libc_nano.a
LOAD c:/st/stm32cubeide_1.5.0/stm32cubeide/plugins/com.st.stm32cube.ide.mcu.externaltools.gnu-tools-for-stm32.9-2020-q2-update.win32_1.5.0.202011040924/tools/bin/../lib/gcc/arm-none-eabi/9.3.1/../../../../arm-none-eabi/lib/thumb/v7e-m/nofp\libnosys.a
END GROUP
START GROUP
LOAD c:/st/stm32cubeide_1.5.0/stm32cubeide/plugins/com.st.stm32cube.ide.mcu.externaltools.gnu-tools-for-stm32.9-2020-q2-update.win32_1.5.0.202011040924/tools/bin/../lib/gcc/arm-none-eabi/9.3.1/thumb/v7e-m/nofp\libgcc.a
LOAD c:/st/stm32cubeide_1.5.0/stm32cubeide/plugins/com.st.stm32cube.ide.mcu.externaltools.gnu-tools-for-stm32.9-2020-q2-update.win32_1.5.0.202011040924/tools/bin/../lib/gcc/arm-none-eabi/9.3.1/../../../../arm-none-eabi/lib/thumb/v7e-m/nofp\libc_nano.a
LOAD c:/st/stm32cubeide_1.5.0/stm32cubeide/plugins/com.st.stm32cube.ide.mcu.externaltools.gnu-tools-for-stm32.9-2020-q2-update.win32_1.5.0.202011040924/tools/bin/../lib/gcc/arm-none-eabi/9.3.1/../../../../arm-none-eabi/lib/thumb/v7e-m/nofp\libnosys.a
END GROUP
LOAD c:/st/stm32cubeide_1.5.0/stm32cubeide/plugins/com.st.stm32cube.ide.mcu.externaltools.gnu-tools-for-stm32.9-2020-q2-update.win32_1.5.0.202011040924/tools/bin/../lib/gcc/arm-none-eabi/9.3.1/thumb/v7e-m/nofp/crtend.o
LOAD c:/st/stm32cubeide_1.5.0/stm32cubeide/plugins/com.st.stm32cube.ide.mcu.externaltools.gnu-tools-for-stm32.9-2020-q2-update.win32_1.5.0.202011040924/tools/bin/../lib/gcc/arm-none-eabi/9.3.1/thumb/v7e-m/nofp/crtn.o
                0x0000000020008000                _estack = (ORIGIN (RAM1) + LENGTH (RAM1))
                0x0000000000000200                _Min_Heap_Size = 0x200
                0x0000000000000400                _Min_Stack_Size = 0x400

.isr_vector     0x0000000008000000      0x138
                0x0000000008000000                . = ALIGN (0x4)
 *(.isr_vector)
 .isr_vector    0x0000000008000000      0x138 Core/Startup/startup_stm32wl55jcix.o
                0x0000000008000000                g_pfnVectors
                0x0000000008000138                . = ALIGN (0x4)

.text           0x0000000008000140     0x9b94
                0x0000000008000140                . = ALIGN (0x4)
 *(.text)
 .text          0x0000000008000140       0x40 c:/st/stm32cubeide_1.5.0/stm32cubeide/plugins/com.st.stm32cube.ide.mcu.externaltools.gnu-tools-for-stm32.9-2020-q2-update.win32_1.5.0.202011040924/tools/bin/../lib/gcc/arm-none-eabi/9.3.1/thumb/v7e-m/nofp/crtbegin.o
 .text          0x0000000008000180       0x30 c:/st/stm32cubeide_1.5.0/stm32cubeide/plugins/com.st.stm32cube.ide.mcu.externaltools.gnu-tools-for-stm32.9-2020-q2-update.win32_1.5.0.202011040924/tools/bin/../lib/gcc/arm-none-eabi/9.3.1/thumb/v7e-m/nofp\libgcc.a(_aeabi_uldivmod.o)
                0x0000000008000180                __aeabi_uldivmod
 .text          0x00000000080001b0      0x2c0 c:/st/stm32cubeide_1.5.0/stm32cubeide/plugins/com.st.stm32cube.ide.mcu.externaltools.gnu-tools-for-stm32.9-2020-q2-update.win32_1.5.0.202011040924/tools/bin/../lib/gcc/arm-none-eabi/9.3.1/thumb/v7e-m/nofp\libgcc.a(_udivmoddi4.o)
                0x00000000080001b0                __udivmoddi4
 .text          0x0000000008000470        0x4 c:/st/stm32cubeide_1.5.0/stm32cubeide/plugins/com.st.stm32cube.ide.mcu.externaltools.gnu-tools-for-stm32.9-2020-q2-update.win32_1.5.0.202011040924/tools/bin/../lib/gcc/arm-none-eabi/9.3.1/thumb/v7e-m/nofp\libgcc.a(_dvmd_tls.o)
                0x0000000008000470                __aeabi_idiv0
                0x0000000008000470                __aeabi_ldiv0
 *(.text*)
 .text.MX_FREERTOS_Init
                0x0000000008000474       0x24 Core/Src/app_freertos.o
                0x0000000008000474                MX_FREERTOS_Init
 .text.initTask
                0x0000000008000498       0x24 Core/Src/app_freertos.o
                0x0000000008000498                initTask
 .text.LL_AHB2_GRP1_EnableClock
                0x00000000080004bc       0x30 Core/Src/gpio.o
 .text.MX_GPIO_Init
                0x00000000080004ec       0xb0 Core/Src/gpio.o
                0x00000000080004ec                MX_GPIO_Init
 .text.LL_RCC_LSE_SetDriveCapability
                0x000000000800059c       0x2a Core/Src/main.o
 .text.main     0x00000000080005c6       0x26 Core/Src/main.o
                0x00000000080005c6                main
 .text.SystemClock_Config
                0x00000000080005ec       0xb0 Core/Src/main.o
                0x00000000080005ec                SystemClock_Config
 .text.HAL_TIM_PeriodElapsedCallback
                0x000000000800069c       0x24 Core/Src/main.o
                0x000000000800069c                HAL_TIM_PeriodElapsedCallback
 .text.Error_Handler
                0x00000000080006c0        0xa Core/Src/main.o
                0x00000000080006c0                Error_Handler
 .text.HAL_MspInit
                0x00000000080006ca       0x14 Core/Src/stm32wlxx_hal_msp.o
                0x00000000080006ca                HAL_MspInit
 .text.LL_APB2_GRP1_EnableClock
                0x00000000080006de       0x30 Core/Src/stm32wlxx_hal_timebase_tim.o
 *fill*         0x000000000800070e        0x2 
 .text.HAL_InitTick
                0x0000000008000710       0xcc Core/Src/stm32wlxx_hal_timebase_tim.o
                0x0000000008000710                HAL_InitTick
 .text.NMI_Handler
                0x00000000080007dc        0x6 Core/Src/stm32wlxx_it.o
                0x00000000080007dc                NMI_Handler
 .text.HardFault_Handler
                0x00000000080007e2        0x6 Core/Src/stm32wlxx_it.o
                0x00000000080007e2                HardFault_Handler
 .text.MemManage_Handler
                0x00000000080007e8        0x6 Core/Src/stm32wlxx_it.o
                0x00000000080007e8                MemManage_Handler
 .text.BusFault_Handler
                0x00000000080007ee        0x6 Core/Src/stm32wlxx_it.o
                0x00000000080007ee                BusFault_Handler
 .text.UsageFault_Handler
                0x00000000080007f4        0x6 Core/Src/stm32wlxx_it.o
                0x00000000080007f4                UsageFault_Handler
 .text.DebugMon_Handler
                0x00000000080007fa        0xc Core/Src/stm32wlxx_it.o
                0x00000000080007fa                DebugMon_Handler
 *fill*         0x0000000008000806        0x2 
 .text.TIM1_UP_IRQHandler
                0x0000000008000808       0x14 Core/Src/stm32wlxx_it.o
                0x0000000008000808                TIM1_UP_IRQHandler
 .text.LL_APB3_GRP1_EnableClock
                0x000000000800081c       0x30 Core/Src/subghz.o
 .text.MX_SUBGHZ_Init
                0x000000000800084c       0x24 Core/Src/subghz.o
                0x000000000800084c                MX_SUBGHZ_Init
 .text.HAL_SUBGHZ_MspInit
                0x0000000008000870       0x16 Core/Src/subghz.o
                0x0000000008000870                HAL_SUBGHZ_MspInit
 .text.SystemApp_Init
                0x0000000008000886        0xc Core/Src/sys_app.o
                0x0000000008000886                SystemApp_Init
 .text.SystemInit
                0x0000000008000892        0xc Core/Src/system_stm32wlxx.o
                0x0000000008000892                SystemInit
 .text.TIMER_IF_Init
                0x000000000800089e       0x16 Core/Src/timer_if.o
                0x000000000800089e                TIMER_IF_Init
 .text.TIMER_IF_StartTimer
                0x00000000080008b4       0x18 Core/Src/timer_if.o
                0x00000000080008b4                TIMER_IF_StartTimer
 .text.TIMER_IF_StopTimer
                0x00000000080008cc       0x16 Core/Src/timer_if.o
                0x00000000080008cc                TIMER_IF_StopTimer
 .text.TIMER_IF_SetTimerContext
                0x00000000080008e2       0x16 Core/Src/timer_if.o
                0x00000000080008e2                TIMER_IF_SetTimerContext
 .text.TIMER_IF_GetTimerContext
                0x00000000080008f8       0x16 Core/Src/timer_if.o
                0x00000000080008f8                TIMER_IF_GetTimerContext
 .text.TIMER_IF_GetTimerElapsedTime
                0x000000000800090e       0x16 Core/Src/timer_if.o
                0x000000000800090e                TIMER_IF_GetTimerElapsedTime
 .text.TIMER_IF_GetTimerValue
                0x0000000008000924       0x16 Core/Src/timer_if.o
                0x0000000008000924                TIMER_IF_GetTimerValue
 .text.TIMER_IF_GetMinimumTimeout
                0x000000000800093a       0x16 Core/Src/timer_if.o
                0x000000000800093a                TIMER_IF_GetMinimumTimeout
 .text.TIMER_IF_Convert_ms2Tick
                0x0000000008000950       0x18 Core/Src/timer_if.o
                0x0000000008000950                TIMER_IF_Convert_ms2Tick
 .text.TIMER_IF_Convert_Tick2ms
                0x0000000008000968       0x18 Core/Src/timer_if.o
                0x0000000008000968                TIMER_IF_Convert_Tick2ms
 .text.LL_AHB2_GRP1_EnableClock
                0x0000000008000980       0x30 Core/Src/usart.o
 .text.LL_APB1_GRP1_EnableClock
                0x00000000080009b0       0x30 Core/Src/usart.o
 .text.MX_USART2_UART_Init
                0x00000000080009e0       0x98 Core/Src/usart.o
                0x00000000080009e0                MX_USART2_UART_Init
 .text.HAL_UART_MspInit
                0x0000000008000a78       0x8c Core/Src/usart.o
                0x0000000008000a78                HAL_UART_MspInit
 .text.Reset_Handler
                0x0000000008000b04       0x50 Core/Startup/startup_stm32wl55jcix.o
                0x0000000008000b04                Reset_Handler
 .text.Default_Handler
                0x0000000008000b54        0x2 Core/Startup/startup_stm32wl55jcix.o
                0x0000000008000b54                RTC_Alarm_IRQHandler
                0x0000000008000b54                EXTI2_IRQHandler
                0x0000000008000b54                TIM1_CC_IRQHandler
                0x0000000008000b54                EXTI3_IRQHandler
                0x0000000008000b54                LPTIM2_IRQHandler
                0x0000000008000b54                I2C3_ER_IRQHandler
                0x0000000008000b54                LPTIM3_IRQHandler
                0x0000000008000b54                EXTI0_IRQHandler
                0x0000000008000b54                I2C2_EV_IRQHandler
                0x0000000008000b54                TAMP_STAMP_LSECSS_SSRU_IRQHandler
                0x0000000008000b54                SPI1_IRQHandler
                0x0000000008000b54                DMA2_Channel2_IRQHandler
                0x0000000008000b54                DMA1_Channel4_IRQHandler
                0x0000000008000b54                PKA_IRQHandler
                0x0000000008000b54                TIM17_IRQHandler
                0x0000000008000b54                DMA1_Channel7_IRQHandler
                0x0000000008000b54                SUBGHZSPI_IRQHandler
                0x0000000008000b54                IPCC_C1_TX_IRQHandler
                0x0000000008000b54                DMA2_Channel1_IRQHandler
                0x0000000008000b54                I2C1_EV_IRQHandler
                0x0000000008000b54                SUBGHZ_Radio_IRQHandler
                0x0000000008000b54                DMAMUX1_OVR_IRQHandler
                0x0000000008000b54                DMA1_Channel6_IRQHandler
                0x0000000008000b54                TIM16_IRQHandler
                0x0000000008000b54                DMA2_Channel4_IRQHandler
                0x0000000008000b54                RCC_IRQHandler
                0x0000000008000b54                TIM1_TRG_COM_IRQHandler
                0x0000000008000b54                DMA1_Channel1_IRQHandler
                0x0000000008000b54                Default_Handler
                0x0000000008000b54                DMA2_Channel7_IRQHandler
                0x0000000008000b54                EXTI15_10_IRQHandler
                0x0000000008000b54                IPCC_C1_RX_IRQHandler
                0x0000000008000b54                ADC_IRQHandler
                0x0000000008000b54                C2SEV_PWR_C2H_IRQHandler
                0x0000000008000b54                I2C3_EV_IRQHandler
                0x0000000008000b54                EXTI9_5_IRQHandler
                0x0000000008000b54                RTC_WKUP_IRQHandler
                0x0000000008000b54                PVD_PVM_IRQHandler
                0x0000000008000b54                SPI2_IRQHandler
                0x0000000008000b54                DMA2_Channel5_IRQHandler
                0x0000000008000b54                DMA1_Channel5_IRQHandler
                0x0000000008000b54                EXTI4_IRQHandler
                0x0000000008000b54                RNG_IRQHandler
                0x0000000008000b54                DMA1_Channel3_IRQHandler
                0x0000000008000b54                COMP_IRQHandler
                0x0000000008000b54                HSEM_IRQHandler
                0x0000000008000b54                WWDG_IRQHandler
                0x0000000008000b54                LPUART1_IRQHandler
                0x0000000008000b54                DMA2_Channel6_IRQHandler
                0x0000000008000b54                TIM2_IRQHandler
                0x0000000008000b54                TIM1_BRK_IRQHandler
                0x0000000008000b54                DAC_IRQHandler
                0x0000000008000b54                EXTI1_IRQHandler
                0x0000000008000b54                AES_IRQHandler
                0x0000000008000b54                USART2_IRQHandler
                0x0000000008000b54                I2C2_ER_IRQHandler
                0x0000000008000b54                DMA1_Channel2_IRQHandler
                0x0000000008000b54                FLASH_IRQHandler
                0x0000000008000b54                USART1_IRQHandler
                0x0000000008000b54                I2C1_ER_IRQHandler
                0x0000000008000b54                LPTIM1_IRQHandler
                0x0000000008000b54                DMA2_Channel3_IRQHandler
 *fill*         0x0000000008000b56        0x2 
 .text.HAL_Init
                0x0000000008000b58       0x40 Drivers/STM32WLxx_HAL_Driver/Src/stm32wlxx_hal.o
                0x0000000008000b58                HAL_Init
 .text.HAL_IncTick
                0x0000000008000b98       0x24 Drivers/STM32WLxx_HAL_Driver/Src/stm32wlxx_hal.o
                0x0000000008000b98                HAL_IncTick
 .text.HAL_GetTick
                0x0000000008000bbc       0x14 Drivers/STM32WLxx_HAL_Driver/Src/stm32wlxx_hal.o
                0x0000000008000bbc                HAL_GetTick
 .text.HAL_Delay
                0x0000000008000bd0       0x48 Drivers/STM32WLxx_HAL_Driver/Src/stm32wlxx_hal.o
                0x0000000008000bd0                HAL_Delay
 .text.__NVIC_SetPriorityGrouping
                0x0000000008000c18       0x48 Drivers/STM32WLxx_HAL_Driver/Src/stm32wlxx_hal_cortex.o
 .text.__NVIC_GetPriorityGrouping
                0x0000000008000c60       0x1c Drivers/STM32WLxx_HAL_Driver/Src/stm32wlxx_hal_cortex.o
 .text.__NVIC_EnableIRQ
                0x0000000008000c7c       0x38 Drivers/STM32WLxx_HAL_Driver/Src/stm32wlxx_hal_cortex.o
 .text.__NVIC_SetPriority
                0x0000000008000cb4       0x54 Drivers/STM32WLxx_HAL_Driver/Src/stm32wlxx_hal_cortex.o
 .text.NVIC_EncodePriority
                0x0000000008000d08       0x64 Drivers/STM32WLxx_HAL_Driver/Src/stm32wlxx_hal_cortex.o
 .text.HAL_NVIC_SetPriorityGrouping
                0x0000000008000d6c       0x16 Drivers/STM32WLxx_HAL_Driver/Src/stm32wlxx_hal_cortex.o
                0x0000000008000d6c                HAL_NVIC_SetPriorityGrouping
 .text.HAL_NVIC_SetPriority
                0x0000000008000d82       0x34 Drivers/STM32WLxx_HAL_Driver/Src/stm32wlxx_hal_cortex.o
                0x0000000008000d82                HAL_NVIC_SetPriority
 .text.HAL_NVIC_EnableIRQ
                0x0000000008000db6       0x1c Drivers/STM32WLxx_HAL_Driver/Src/stm32wlxx_hal_cortex.o
                0x0000000008000db6                HAL_NVIC_EnableIRQ
 *fill*         0x0000000008000dd2        0x2 
 .text.HAL_GPIO_Init
                0x0000000008000dd4      0x2c0 Drivers/STM32WLxx_HAL_Driver/Src/stm32wlxx_hal_gpio.o
                0x0000000008000dd4                HAL_GPIO_Init
 .text.HAL_GPIO_WritePin
                0x0000000008001094       0x2e Drivers/STM32WLxx_HAL_Driver/Src/stm32wlxx_hal_gpio.o
                0x0000000008001094                HAL_GPIO_WritePin
 *fill*         0x00000000080010c2        0x2 
 .text.HAL_PWR_EnableBkUpAccess
                0x00000000080010c4       0x1c Drivers/STM32WLxx_HAL_Driver/Src/stm32wlxx_hal_pwr.o
                0x00000000080010c4                HAL_PWR_EnableBkUpAccess
 .text.HAL_PWREx_GetVoltageRange
                0x00000000080010e0       0x18 Drivers/STM32WLxx_HAL_Driver/Src/stm32wlxx_hal_pwr_ex.o
                0x00000000080010e0                HAL_PWREx_GetVoltageRange
 .text.LL_PWR_IsEnabledBkUpAccess
                0x00000000080010f8       0x24 Drivers/STM32WLxx_HAL_Driver/Src/stm32wlxx_hal_rcc.o
 .text.LL_RCC_HSE_EnableTcxo
                0x000000000800111c       0x1c Drivers/STM32WLxx_HAL_Driver/Src/stm32wlxx_hal_rcc.o
 .text.LL_RCC_HSE_DisableTcxo
                0x0000000008001138       0x1c Drivers/STM32WLxx_HAL_Driver/Src/stm32wlxx_hal_rcc.o
 .text.LL_RCC_HSE_IsEnabledDiv2
                0x0000000008001154       0x22 Drivers/STM32WLxx_HAL_Driver/Src/stm32wlxx_hal_rcc.o
 .text.LL_RCC_HSE_Enable
                0x0000000008001176       0x1c Drivers/STM32WLxx_HAL_Driver/Src/stm32wlxx_hal_rcc.o
 .text.LL_RCC_HSE_Disable
                0x0000000008001192       0x1c Drivers/STM32WLxx_HAL_Driver/Src/stm32wlxx_hal_rcc.o
 .text.LL_RCC_HSE_IsReady
                0x00000000080011ae       0x22 Drivers/STM32WLxx_HAL_Driver/Src/stm32wlxx_hal_rcc.o
 .text.LL_RCC_HSI_Enable
                0x00000000080011d0       0x1c Drivers/STM32WLxx_HAL_Driver/Src/stm32wlxx_hal_rcc.o
 .text.LL_RCC_HSI_Disable
                0x00000000080011ec       0x1c Drivers/STM32WLxx_HAL_Driver/Src/stm32wlxx_hal_rcc.o
 .text.LL_RCC_HSI_IsReady
                0x0000000008001208       0x22 Drivers/STM32WLxx_HAL_Driver/Src/stm32wlxx_hal_rcc.o
 .text.LL_RCC_HSI_SetCalibTrimming
                0x000000000800122a       0x28 Drivers/STM32WLxx_HAL_Driver/Src/stm32wlxx_hal_rcc.o
 .text.LL_RCC_LSE_IsReady
                0x0000000008001252       0x22 Drivers/STM32WLxx_HAL_Driver/Src/stm32wlxx_hal_rcc.o
 .text.LL_RCC_LSI_Enable
                0x0000000008001274       0x20 Drivers/STM32WLxx_HAL_Driver/Src/stm32wlxx_hal_rcc.o
 .text.LL_RCC_LSI_Disable
                0x0000000008001294       0x20 Drivers/STM32WLxx_HAL_Driver/Src/stm32wlxx_hal_rcc.o
 .text.LL_RCC_LSI_IsReady
                0x00000000080012b4       0x22 Drivers/STM32WLxx_HAL_Driver/Src/stm32wlxx_hal_rcc.o
 .text.LL_RCC_MSI_Enable
                0x00000000080012d6       0x1c Drivers/STM32WLxx_HAL_Driver/Src/stm32wlxx_hal_rcc.o
 .text.LL_RCC_MSI_Disable
                0x00000000080012f2       0x1c Drivers/STM32WLxx_HAL_Driver/Src/stm32wlxx_hal_rcc.o
 .text.LL_RCC_MSI_IsReady
                0x000000000800130e       0x20 Drivers/STM32WLxx_HAL_Driver/Src/stm32wlxx_hal_rcc.o
 .text.LL_RCC_MSI_IsEnabledRangeSelect
                0x000000000800132e       0x20 Drivers/STM32WLxx_HAL_Driver/Src/stm32wlxx_hal_rcc.o
 .text.LL_RCC_MSI_GetRange
                0x000000000800134e       0x16 Drivers/STM32WLxx_HAL_Driver/Src/stm32wlxx_hal_rcc.o
 .text.LL_RCC_MSI_GetRangeAfterStandby
                0x0000000008001364       0x18 Drivers/STM32WLxx_HAL_Driver/Src/stm32wlxx_hal_rcc.o
 .text.LL_RCC_MSI_SetCalibTrimming
                0x000000000800137c       0x28 Drivers/STM32WLxx_HAL_Driver/Src/stm32wlxx_hal_rcc.o
 .text.LL_RCC_SetSysClkSource
                0x00000000080013a4       0x26 Drivers/STM32WLxx_HAL_Driver/Src/stm32wlxx_hal_rcc.o
 .text.LL_RCC_GetSysClkSource
                0x00000000080013ca       0x16 Drivers/STM32WLxx_HAL_Driver/Src/stm32wlxx_hal_rcc.o
 .text.LL_RCC_SetAHBPrescaler
                0x00000000080013e0       0x26 Drivers/STM32WLxx_HAL_Driver/Src/stm32wlxx_hal_rcc.o
 .text.LL_C2_RCC_SetAHBPrescaler
                0x0000000008001406       0x2a Drivers/STM32WLxx_HAL_Driver/Src/stm32wlxx_hal_rcc.o
 .text.LL_RCC_SetAHB3Prescaler
                0x0000000008001430       0x2c Drivers/STM32WLxx_HAL_Driver/Src/stm32wlxx_hal_rcc.o
 .text.LL_RCC_SetAPB1Prescaler
                0x000000000800145c       0x26 Drivers/STM32WLxx_HAL_Driver/Src/stm32wlxx_hal_rcc.o
 .text.LL_RCC_SetAPB2Prescaler
                0x0000000008001482       0x26 Drivers/STM32WLxx_HAL_Driver/Src/stm32wlxx_hal_rcc.o
 .text.LL_RCC_GetAHBPrescaler
                0x00000000080014a8       0x16 Drivers/STM32WLxx_HAL_Driver/Src/stm32wlxx_hal_rcc.o
 .text.LL_C2_RCC_GetAHBPrescaler
                0x00000000080014be       0x18 Drivers/STM32WLxx_HAL_Driver/Src/stm32wlxx_hal_rcc.o
 .text.LL_RCC_GetAHB3Prescaler
                0x00000000080014d6       0x1a Drivers/STM32WLxx_HAL_Driver/Src/stm32wlxx_hal_rcc.o
 .text.LL_RCC_GetAPB1Prescaler
                0x00000000080014f0       0x16 Drivers/STM32WLxx_HAL_Driver/Src/stm32wlxx_hal_rcc.o
 .text.LL_RCC_GetAPB2Prescaler
                0x0000000008001506       0x16 Drivers/STM32WLxx_HAL_Driver/Src/stm32wlxx_hal_rcc.o
 .text.LL_RCC_PLL_Enable
                0x000000000800151c       0x1c Drivers/STM32WLxx_HAL_Driver/Src/stm32wlxx_hal_rcc.o
 .text.LL_RCC_PLL_Disable
                0x0000000008001538       0x1c Drivers/STM32WLxx_HAL_Driver/Src/stm32wlxx_hal_rcc.o
 .text.LL_RCC_PLL_IsReady
                0x0000000008001554       0x22 Drivers/STM32WLxx_HAL_Driver/Src/stm32wlxx_hal_rcc.o
 .text.LL_RCC_PLL_GetN
                0x0000000008001576       0x18 Drivers/STM32WLxx_HAL_Driver/Src/stm32wlxx_hal_rcc.o
 .text.LL_RCC_PLL_GetR
                0x000000000800158e       0x16 Drivers/STM32WLxx_HAL_Driver/Src/stm32wlxx_hal_rcc.o
 .text.LL_RCC_PLL_GetDivider
                0x00000000080015a4       0x16 Drivers/STM32WLxx_HAL_Driver/Src/stm32wlxx_hal_rcc.o
 .text.LL_RCC_PLL_GetMainSource
                0x00000000080015ba       0x16 Drivers/STM32WLxx_HAL_Driver/Src/stm32wlxx_hal_rcc.o
 .text.LL_RCC_IsActiveFlag_HPRE
                0x00000000080015d0       0x22 Drivers/STM32WLxx_HAL_Driver/Src/stm32wlxx_hal_rcc.o
 .text.LL_RCC_IsActiveFlag_C2HPRE
                0x00000000080015f2       0x24 Drivers/STM32WLxx_HAL_Driver/Src/stm32wlxx_hal_rcc.o
 .text.LL_RCC_IsActiveFlag_SHDHPRE
                0x0000000008001616       0x24 Drivers/STM32WLxx_HAL_Driver/Src/stm32wlxx_hal_rcc.o
 .text.LL_RCC_IsActiveFlag_PPRE1
                0x000000000800163a       0x22 Drivers/STM32WLxx_HAL_Driver/Src/stm32wlxx_hal_rcc.o
 .text.LL_RCC_IsActiveFlag_PPRE2
                0x000000000800165c       0x22 Drivers/STM32WLxx_HAL_Driver/Src/stm32wlxx_hal_rcc.o
 *fill*         0x000000000800167e        0x2 
 .text.HAL_RCC_OscConfig
                0x0000000008001680      0x734 Drivers/STM32WLxx_HAL_Driver/Src/stm32wlxx_hal_rcc.o
                0x0000000008001680                HAL_RCC_OscConfig
 .text.HAL_RCC_ClockConfig
                0x0000000008001db4      0x284 Drivers/STM32WLxx_HAL_Driver/Src/stm32wlxx_hal_rcc.o
                0x0000000008001db4                HAL_RCC_ClockConfig
 .text.HAL_RCC_GetSysClockFreq
                0x0000000008002038      0x140 Drivers/STM32WLxx_HAL_Driver/Src/stm32wlxx_hal_rcc.o
                0x0000000008002038                HAL_RCC_GetSysClockFreq
 .text.HAL_RCC_GetHCLKFreq
                0x0000000008002178       0x28 Drivers/STM32WLxx_HAL_Driver/Src/stm32wlxx_hal_rcc.o
                0x0000000008002178                HAL_RCC_GetHCLKFreq
 .text.HAL_RCC_GetPCLK1Freq
                0x00000000080021a0       0x24 Drivers/STM32WLxx_HAL_Driver/Src/stm32wlxx_hal_rcc.o
                0x00000000080021a0                HAL_RCC_GetPCLK1Freq
 .text.HAL_RCC_GetPCLK2Freq
                0x00000000080021c4       0x24 Drivers/STM32WLxx_HAL_Driver/Src/stm32wlxx_hal_rcc.o
                0x00000000080021c4                HAL_RCC_GetPCLK2Freq
 .text.HAL_RCC_GetClockConfig
                0x00000000080021e8       0x7c Drivers/STM32WLxx_HAL_Driver/Src/stm32wlxx_hal_rcc.o
                0x00000000080021e8                HAL_RCC_GetClockConfig
 .text.RCC_SetFlashLatencyFromMSIRange
                0x0000000008002264       0x60 Drivers/STM32WLxx_HAL_Driver/Src/stm32wlxx_hal_rcc.o
 .text.RCC_SetFlashLatency
                0x00000000080022c4      0x10c Drivers/STM32WLxx_HAL_Driver/Src/stm32wlxx_hal_rcc.o
 .text.LL_RCC_LSE_IsReady
                0x00000000080023d0       0x22 Drivers/STM32WLxx_HAL_Driver/Src/stm32wlxx_hal_rcc_ex.o
 .text.LL_RCC_SetUSARTClockSource
                0x00000000080023f2       0x30 Drivers/STM32WLxx_HAL_Driver/Src/stm32wlxx_hal_rcc_ex.o
 .text.LL_RCC_SetI2SClockSource
                0x0000000008002422       0x2a Drivers/STM32WLxx_HAL_Driver/Src/stm32wlxx_hal_rcc_ex.o
 .text.LL_RCC_SetLPUARTClockSource
                0x000000000800244c       0x2a Drivers/STM32WLxx_HAL_Driver/Src/stm32wlxx_hal_rcc_ex.o
 .text.LL_RCC_SetI2CClockSource
                0x0000000008002476       0x38 Drivers/STM32WLxx_HAL_Driver/Src/stm32wlxx_hal_rcc_ex.o
 .text.LL_RCC_SetLPTIMClockSource
                0x00000000080024ae       0x32 Drivers/STM32WLxx_HAL_Driver/Src/stm32wlxx_hal_rcc_ex.o
 .text.LL_RCC_SetRNGClockSource
                0x00000000080024e0       0x2a Drivers/STM32WLxx_HAL_Driver/Src/stm32wlxx_hal_rcc_ex.o
 .text.LL_RCC_SetADCClockSource
                0x000000000800250a       0x2a Drivers/STM32WLxx_HAL_Driver/Src/stm32wlxx_hal_rcc_ex.o
 .text.LL_RCC_SetRTCClockSource
                0x0000000008002534       0x2a Drivers/STM32WLxx_HAL_Driver/Src/stm32wlxx_hal_rcc_ex.o
 .text.LL_RCC_GetRTCClockSource
                0x000000000800255e       0x18 Drivers/STM32WLxx_HAL_Driver/Src/stm32wlxx_hal_rcc_ex.o
 .text.LL_RCC_ForceBackupDomainReset
                0x0000000008002576       0x20 Drivers/STM32WLxx_HAL_Driver/Src/stm32wlxx_hal_rcc_ex.o
 .text.LL_RCC_ReleaseBackupDomainReset
                0x0000000008002596       0x20 Drivers/STM32WLxx_HAL_Driver/Src/stm32wlxx_hal_rcc_ex.o
 *fill*         0x00000000080025b6        0x2 
 .text.HAL_RCCEx_PeriphCLKConfig
                0x00000000080025b8      0x234 Drivers/STM32WLxx_HAL_Driver/Src/stm32wlxx_hal_rcc_ex.o
                0x00000000080025b8                HAL_RCCEx_PeriphCLKConfig
 .text.LL_PWR_SetRadioBusyTrigger
                0x00000000080027ec       0x28 Drivers/STM32WLxx_HAL_Driver/Src/stm32wlxx_hal_subghz.o
 .text.LL_PWR_UnselectSUBGHZSPI_NSS
                0x0000000008002814       0x20 Drivers/STM32WLxx_HAL_Driver/Src/stm32wlxx_hal_subghz.o
 .text.LL_PWR_SelectSUBGHZSPI_NSS
                0x0000000008002834       0x20 Drivers/STM32WLxx_HAL_Driver/Src/stm32wlxx_hal_subghz.o
 .text.LL_PWR_ClearFlag_RFBUSY
                0x0000000008002854       0x18 Drivers/STM32WLxx_HAL_Driver/Src/stm32wlxx_hal_subghz.o
 .text.LL_PWR_IsActiveFlag_RFBUSYS
                0x000000000800286c       0x24 Drivers/STM32WLxx_HAL_Driver/Src/stm32wlxx_hal_subghz.o
 .text.LL_PWR_IsActiveFlag_RFBUSYMS
                0x0000000008002890       0x24 Drivers/STM32WLxx_HAL_Driver/Src/stm32wlxx_hal_subghz.o
 .text.LL_RCC_RF_DisableReset
                0x00000000080028b4       0x20 Drivers/STM32WLxx_HAL_Driver/Src/stm32wlxx_hal_subghz.o
 .text.LL_RCC_IsRFUnderReset
                0x00000000080028d4       0x24 Drivers/STM32WLxx_HAL_Driver/Src/stm32wlxx_hal_subghz.o
 .text.LL_EXTI_EnableIT_32_63
                0x00000000080028f8       0x28 Drivers/STM32WLxx_HAL_Driver/Src/stm32wlxx_hal_subghz.o
 .text.HAL_SUBGHZ_Init
                0x0000000008002920       0xbc Drivers/STM32WLxx_HAL_Driver/Src/stm32wlxx_hal_subghz.o
                0x0000000008002920                HAL_SUBGHZ_Init
 .text.HAL_SUBGHZ_WriteRegisters
                0x00000000080029dc       0xbe Drivers/STM32WLxx_HAL_Driver/Src/stm32wlxx_hal_subghz.o
                0x00000000080029dc                HAL_SUBGHZ_WriteRegisters
 .text.HAL_SUBGHZ_ReadRegisters
                0x0000000008002a9a       0xc2 Drivers/STM32WLxx_HAL_Driver/Src/stm32wlxx_hal_subghz.o
                0x0000000008002a9a                HAL_SUBGHZ_ReadRegisters
 .text.HAL_SUBGHZ_ExecSetCmd
                0x0000000008002b5c       0xbe Drivers/STM32WLxx_HAL_Driver/Src/stm32wlxx_hal_subghz.o
                0x0000000008002b5c                HAL_SUBGHZ_ExecSetCmd
 .text.HAL_SUBGHZ_ExecGetCmd
                0x0000000008002c1a       0xa8 Drivers/STM32WLxx_HAL_Driver/Src/stm32wlxx_hal_subghz.o
                0x0000000008002c1a                HAL_SUBGHZ_ExecGetCmd
 .text.HAL_SUBGHZ_WriteBuffer
                0x0000000008002cc2       0xa6 Drivers/STM32WLxx_HAL_Driver/Src/stm32wlxx_hal_subghz.o
                0x0000000008002cc2                HAL_SUBGHZ_WriteBuffer
 .text.HAL_SUBGHZ_ReadBuffer
                0x0000000008002d68       0xb0 Drivers/STM32WLxx_HAL_Driver/Src/stm32wlxx_hal_subghz.o
                0x0000000008002d68                HAL_SUBGHZ_ReadBuffer
 .text.SUBGHZSPI_Init
                0x0000000008002e18       0x40 Drivers/STM32WLxx_HAL_Driver/Src/stm32wlxx_hal_subghz.o
                0x0000000008002e18                SUBGHZSPI_Init
 .text.SUBGHZSPI_Transmit
                0x0000000008002e58       0xac Drivers/STM32WLxx_HAL_Driver/Src/stm32wlxx_hal_subghz.o
                0x0000000008002e58                SUBGHZSPI_Transmit
 .text.SUBGHZSPI_Receive
                0x0000000008002f04       0xb0 Drivers/STM32WLxx_HAL_Driver/Src/stm32wlxx_hal_subghz.o
                0x0000000008002f04                SUBGHZSPI_Receive
 .text.SUBGHZ_CheckDeviceReady
                0x0000000008002fb4       0x2e Drivers/STM32WLxx_HAL_Driver/Src/stm32wlxx_hal_subghz.o
                0x0000000008002fb4                SUBGHZ_CheckDeviceReady
 *fill*         0x0000000008002fe2        0x2 
 .text.SUBGHZ_WaitOnBusy
                0x0000000008002fe4       0x5c Drivers/STM32WLxx_HAL_Driver/Src/stm32wlxx_hal_subghz.o
                0x0000000008002fe4                SUBGHZ_WaitOnBusy
 .text.HAL_TIM_Base_Init
                0x0000000008003040       0xae Drivers/STM32WLxx_HAL_Driver/Src/stm32wlxx_hal_tim.o
                0x0000000008003040                HAL_TIM_Base_Init
 .text.HAL_TIM_Base_MspInit
                0x00000000080030ee       0x12 Drivers/STM32WLxx_HAL_Driver/Src/stm32wlxx_hal_tim.o
                0x00000000080030ee                HAL_TIM_Base_MspInit
 .text.HAL_TIM_Base_Start_IT
                0x0000000008003100       0x98 Drivers/STM32WLxx_HAL_Driver/Src/stm32wlxx_hal_tim.o
                0x0000000008003100                HAL_TIM_Base_Start_IT
 .text.HAL_TIM_IRQHandler
                0x0000000008003198      0x23e Drivers/STM32WLxx_HAL_Driver/Src/stm32wlxx_hal_tim.o
                0x0000000008003198                HAL_TIM_IRQHandler
 .text.HAL_TIM_OC_DelayElapsedCallback
                0x00000000080033d6       0x12 Drivers/STM32WLxx_HAL_Driver/Src/stm32wlxx_hal_tim.o
                0x00000000080033d6                HAL_TIM_OC_DelayElapsedCallback
 .text.HAL_TIM_IC_CaptureCallback
                0x00000000080033e8       0x12 Drivers/STM32WLxx_HAL_Driver/Src/stm32wlxx_hal_tim.o
                0x00000000080033e8                HAL_TIM_IC_CaptureCallback
 .text.HAL_TIM_PWM_PulseFinishedCallback
                0x00000000080033fa       0x12 Drivers/STM32WLxx_HAL_Driver/Src/stm32wlxx_hal_tim.o
                0x00000000080033fa                HAL_TIM_PWM_PulseFinishedCallback
 .text.HAL_TIM_TriggerCallback
                0x000000000800340c       0x12 Drivers/STM32WLxx_HAL_Driver/Src/stm32wlxx_hal_tim.o
                0x000000000800340c                HAL_TIM_TriggerCallback
 *fill*         0x000000000800341e        0x2 
 .text.TIM_Base_SetConfig
                0x0000000008003420       0xc4 Drivers/STM32WLxx_HAL_Driver/Src/stm32wlxx_hal_tim.o
                0x0000000008003420                TIM_Base_SetConfig
 .text.HAL_TIMEx_CommutCallback
                0x00000000080034e4       0x12 Drivers/STM32WLxx_HAL_Driver/Src/stm32wlxx_hal_tim_ex.o
                0x00000000080034e4                HAL_TIMEx_CommutCallback
 .text.HAL_TIMEx_BreakCallback
                0x00000000080034f6       0x12 Drivers/STM32WLxx_HAL_Driver/Src/stm32wlxx_hal_tim_ex.o
                0x00000000080034f6                HAL_TIMEx_BreakCallback
 .text.HAL_TIMEx_Break2Callback
                0x0000000008003508       0x12 Drivers/STM32WLxx_HAL_Driver/Src/stm32wlxx_hal_tim_ex.o
                0x0000000008003508                HAL_TIMEx_Break2Callback
 .text.LL_RCC_GetUSARTClockSource
                0x000000000800351a       0x24 Drivers/STM32WLxx_HAL_Driver/Src/stm32wlxx_hal_uart.o
 .text.LL_RCC_GetLPUARTClockSource
                0x000000000800353e       0x1e Drivers/STM32WLxx_HAL_Driver/Src/stm32wlxx_hal_uart.o
 .text.HAL_UART_Init
                0x000000000800355c       0xa0 Drivers/STM32WLxx_HAL_Driver/Src/stm32wlxx_hal_uart.o
                0x000000000800355c                HAL_UART_Init
 .text.UART_SetConfig
                0x00000000080035fc      0x4a0 Drivers/STM32WLxx_HAL_Driver/Src/stm32wlxx_hal_uart.o
                0x00000000080035fc                UART_SetConfig
 .text.UART_AdvFeatureConfig
                0x0000000008003a9c      0x142 Drivers/STM32WLxx_HAL_Driver/Src/stm32wlxx_hal_uart.o
                0x0000000008003a9c                UART_AdvFeatureConfig
 .text.UART_CheckIdleState
                0x0000000008003bde       0x96 Drivers/STM32WLxx_HAL_Driver/Src/stm32wlxx_hal_uart.o
                0x0000000008003bde                UART_CheckIdleState
 .text.UART_WaitOnFlagUntilTimeout
                0x0000000008003c74      0x100 Drivers/STM32WLxx_HAL_Driver/Src/stm32wlxx_hal_uart.o
                0x0000000008003c74                UART_WaitOnFlagUntilTimeout
 .text.HAL_UARTEx_DisableFifoMode
                0x0000000008003d74       0x70 Drivers/STM32WLxx_HAL_Driver/Src/stm32wlxx_hal_uart_ex.o
                0x0000000008003d74                HAL_UARTEx_DisableFifoMode
 .text.HAL_UARTEx_SetTxFifoThreshold
                0x0000000008003de4       0x7c Drivers/STM32WLxx_HAL_Driver/Src/stm32wlxx_hal_uart_ex.o
                0x0000000008003de4                HAL_UARTEx_SetTxFifoThreshold
 .text.HAL_UARTEx_SetRxFifoThreshold
                0x0000000008003e60       0x7c Drivers/STM32WLxx_HAL_Driver/Src/stm32wlxx_hal_uart_ex.o
                0x0000000008003e60                HAL_UARTEx_SetRxFifoThreshold
 .text.UARTEx_SetNbDataToProcess
                0x0000000008003edc       0xcc Drivers/STM32WLxx_HAL_Driver/Src/stm32wlxx_hal_uart_ex.o
 .text.SVC_Setup
                0x0000000008003fa8        0xc Middlewares/Third_Party/FreeRTOS/Source/CMSIS_RTOS_V2/cmsis_os2.o
 .text.osKernelInitialize
                0x0000000008003fb4       0x64 Middlewares/Third_Party/FreeRTOS/Source/CMSIS_RTOS_V2/cmsis_os2.o
                0x0000000008003fb4                osKernelInitialize
 .text.osKernelStart
                0x0000000008004018       0x6c Middlewares/Third_Party/FreeRTOS/Source/CMSIS_RTOS_V2/cmsis_os2.o
                0x0000000008004018                osKernelStart
 .text.osThreadNew
                0x0000000008004084      0x14c Middlewares/Third_Party/FreeRTOS/Source/CMSIS_RTOS_V2/cmsis_os2.o
                0x0000000008004084                osThreadNew
 .text.osDelay  0x00000000080041d0       0x5c Middlewares/Third_Party/FreeRTOS/Source/CMSIS_RTOS_V2/cmsis_os2.o
                0x00000000080041d0                osDelay
 .text.vApplicationGetIdleTaskMemory
                0x000000000800422c       0x30 Middlewares/Third_Party/FreeRTOS/Source/CMSIS_RTOS_V2/cmsis_os2.o
                0x000000000800422c                vApplicationGetIdleTaskMemory
 .text.vApplicationGetTimerTaskMemory
                0x000000000800425c       0x34 Middlewares/Third_Party/FreeRTOS/Source/CMSIS_RTOS_V2/cmsis_os2.o
                0x000000000800425c                vApplicationGetTimerTaskMemory
 .text.vListInitialise
                0x0000000008004290       0x3e Middlewares/Third_Party/FreeRTOS/Source/list.o
                0x0000000008004290                vListInitialise
 .text.vListInitialiseItem
                0x00000000080042ce       0x18 Middlewares/Third_Party/FreeRTOS/Source/list.o
                0x00000000080042ce                vListInitialiseItem
 .text.vListInsertEnd
                0x00000000080042e6       0x46 Middlewares/Third_Party/FreeRTOS/Source/list.o
                0x00000000080042e6                vListInsertEnd
 .text.vListInsert
                0x000000000800432c       0x70 Middlewares/Third_Party/FreeRTOS/Source/list.o
                0x000000000800432c                vListInsert
 .text.uxListRemove
                0x000000000800439c       0x52 Middlewares/Third_Party/FreeRTOS/Source/list.o
                0x000000000800439c                uxListRemove
 *fill*         0x00000000080043ee        0x2 
 .text.xQueueGenericReset
                0x00000000080043f0       0xd0 Middlewares/Third_Party/FreeRTOS/Source/queue.o
                0x00000000080043f0                xQueueGenericReset
 .text.xQueueGenericCreateStatic
                0x00000000080044c0       0xf0 Middlewares/Third_Party/FreeRTOS/Source/queue.o
                0x00000000080044c0                xQueueGenericCreateStatic
 .text.prvInitialiseNewQueue
                0x00000000080045b0       0x46 Middlewares/Third_Party/FreeRTOS/Source/queue.o
 *fill*         0x00000000080045f6        0x2 
 .text.xQueueGenericSend
                0x00000000080045f8      0x1fc Middlewares/Third_Party/FreeRTOS/Source/queue.o
                0x00000000080045f8                xQueueGenericSend
 .text.xQueueGenericSendFromISR
                0x00000000080047f4      0x130 Middlewares/Third_Party/FreeRTOS/Source/queue.o
                0x00000000080047f4                xQueueGenericSendFromISR
 .text.xQueueReceive
                0x0000000008004924      0x1c0 Middlewares/Third_Party/FreeRTOS/Source/queue.o
                0x0000000008004924                xQueueReceive
 .text.prvCopyDataToQueue
                0x0000000008004ae4       0xd4 Middlewares/Third_Party/FreeRTOS/Source/queue.o
 .text.prvCopyDataFromQueue
                0x0000000008004bb8       0x4c Middlewares/Third_Party/FreeRTOS/Source/queue.o
 .text.prvUnlockQueue
                0x0000000008004c04       0xa4 Middlewares/Third_Party/FreeRTOS/Source/queue.o
 .text.prvIsQueueEmpty
                0x0000000008004ca8       0x2c Middlewares/Third_Party/FreeRTOS/Source/queue.o
 .text.prvIsQueueFull
                0x0000000008004cd4       0x30 Middlewares/Third_Party/FreeRTOS/Source/queue.o
 .text.vQueueAddToRegistry
                0x0000000008004d04       0x50 Middlewares/Third_Party/FreeRTOS/Source/queue.o
                0x0000000008004d04                vQueueAddToRegistry
 .text.vQueueWaitForMessageRestricted
                0x0000000008004d54       0x68 Middlewares/Third_Party/FreeRTOS/Source/queue.o
                0x0000000008004d54                vQueueWaitForMessageRestricted
 .text.xTaskCreateStatic
                0x0000000008004dbc       0xba Middlewares/Third_Party/FreeRTOS/Source/tasks.o
                0x0000000008004dbc                xTaskCreateStatic
 .text.xTaskCreate
                0x0000000008004e76       0x8a Middlewares/Third_Party/FreeRTOS/Source/tasks.o
                0x0000000008004e76                xTaskCreate
 .text.prvInitialiseNewTask
                0x0000000008004f00      0x11e Middlewares/Third_Party/FreeRTOS/Source/tasks.o
 *fill*         0x000000000800501e        0x2 
 .text.prvAddNewTaskToReadyList
                0x0000000008005020       0xe0 Middlewares/Third_Party/FreeRTOS/Source/tasks.o
 .text.vTaskDelay
                0x0000000008005100       0x68 Middlewares/Third_Party/FreeRTOS/Source/tasks.o
                0x0000000008005100                vTaskDelay
 .text.vTaskStartScheduler
                0x0000000008005168       0xcc Middlewares/Third_Party/FreeRTOS/Source/tasks.o
                0x0000000008005168                vTaskStartScheduler
 .text.vTaskSuspendAll
                0x0000000008005234       0x1c Middlewares/Third_Party/FreeRTOS/Source/tasks.o
                0x0000000008005234                vTaskSuspendAll
 .text.xTaskResumeAll
                0x0000000008005250      0x13c Middlewares/Third_Party/FreeRTOS/Source/tasks.o
                0x0000000008005250                xTaskResumeAll
 .text.xTaskGetTickCount
                0x000000000800538c       0x1c Middlewares/Third_Party/FreeRTOS/Source/tasks.o
                0x000000000800538c                xTaskGetTickCount
 .text.xTaskIncrementTick
                0x00000000080053a8      0x174 Middlewares/Third_Party/FreeRTOS/Source/tasks.o
                0x00000000080053a8                xTaskIncrementTick
 .text.vTaskSwitchContext
                0x000000000800551c       0xb8 Middlewares/Third_Party/FreeRTOS/Source/tasks.o
                0x000000000800551c                vTaskSwitchContext
 .text.vTaskPlaceOnEventList
                0x00000000080055d4       0x48 Middlewares/Third_Party/FreeRTOS/Source/tasks.o
                0x00000000080055d4                vTaskPlaceOnEventList
 .text.vTaskPlaceOnEventListRestricted
                0x000000000800561c       0x58 Middlewares/Third_Party/FreeRTOS/Source/tasks.o
                0x000000000800561c                vTaskPlaceOnEventListRestricted
 .text.xTaskRemoveFromEventList
                0x0000000008005674       0xc8 Middlewares/Third_Party/FreeRTOS/Source/tasks.o
                0x0000000008005674                xTaskRemoveFromEventList
 .text.vTaskInternalSetTimeOutState
                0x000000000800573c       0x2c Middlewares/Third_Party/FreeRTOS/Source/tasks.o
                0x000000000800573c                vTaskInternalSetTimeOutState
 .text.xTaskCheckForTimeOut
                0x0000000008005768       0xc4 Middlewares/Third_Party/FreeRTOS/Source/tasks.o
                0x0000000008005768                xTaskCheckForTimeOut
 .text.vTaskMissedYield
                0x000000000800582c       0x18 Middlewares/Third_Party/FreeRTOS/Source/tasks.o
                0x000000000800582c                vTaskMissedYield
 .text.prvIdleTask
                0x0000000008005844       0x30 Middlewares/Third_Party/FreeRTOS/Source/tasks.o
 .text.prvInitialiseTaskLists
                0x0000000008005874       0x80 Middlewares/Third_Party/FreeRTOS/Source/tasks.o
 .text.prvCheckTasksWaitingTermination
                0x00000000080058f4       0x5c Middlewares/Third_Party/FreeRTOS/Source/tasks.o
 .text.prvDeleteTCB
                0x0000000008005950       0x5e Middlewares/Third_Party/FreeRTOS/Source/tasks.o
 *fill*         0x00000000080059ae        0x2 
 .text.prvResetNextTaskUnblockTime
                0x00000000080059b0       0x40 Middlewares/Third_Party/FreeRTOS/Source/tasks.o
 .text.xTaskGetSchedulerState
                0x00000000080059f0       0x3c Middlewares/Third_Party/FreeRTOS/Source/tasks.o
                0x00000000080059f0                xTaskGetSchedulerState
 .text.xTaskPriorityDisinherit
                0x0000000008005a2c       0xdc Middlewares/Third_Party/FreeRTOS/Source/tasks.o
                0x0000000008005a2c                xTaskPriorityDisinherit
 .text.prvAddCurrentTaskToDelayedList
                0x0000000008005b08       0xa8 Middlewares/Third_Party/FreeRTOS/Source/tasks.o
 .text.xTimerCreateTimerTask
                0x0000000008005bb0       0x90 Middlewares/Third_Party/FreeRTOS/Source/timers.o
                0x0000000008005bb0                xTimerCreateTimerTask
 .text.xTimerGenericCommand
                0x0000000008005c40       0x9c Middlewares/Third_Party/FreeRTOS/Source/timers.o
                0x0000000008005c40                xTimerGenericCommand
 .text.prvProcessExpiredTimer
                0x0000000008005cdc       0x98 Middlewares/Third_Party/FreeRTOS/Source/timers.o
 .text.prvTimerTask
                0x0000000008005d74       0x24 Middlewares/Third_Party/FreeRTOS/Source/timers.o
 .text.prvProcessTimerOrBlockTask
                0x0000000008005d98       0x9c Middlewares/Third_Party/FreeRTOS/Source/timers.o
 .text.prvGetNextExpireTime
                0x0000000008005e34       0x44 Middlewares/Third_Party/FreeRTOS/Source/timers.o
 .text.prvSampleTimeNow
                0x0000000008005e78       0x40 Middlewares/Third_Party/FreeRTOS/Source/timers.o
 .text.prvInsertTimerInActiveList
                0x0000000008005eb8       0x84 Middlewares/Third_Party/FreeRTOS/Source/timers.o
 .text.prvProcessReceivedCommands
                0x0000000008005f3c      0x1c4 Middlewares/Third_Party/FreeRTOS/Source/timers.o
 .text.prvSwitchTimerLists
                0x0000000008006100       0xc8 Middlewares/Third_Party/FreeRTOS/Source/timers.o
 .text.prvCheckForValidListAndQueue
                0x00000000080061c8       0x80 Middlewares/Third_Party/FreeRTOS/Source/timers.o
 .text.pxPortInitialiseStack
                0x0000000008006248       0x58 Middlewares/Third_Party/FreeRTOS/Source/portable/GCC/ARM_CM3/port.o
                0x0000000008006248                pxPortInitialiseStack
 .text.prvTaskExitError
                0x00000000080062a0       0x58 Middlewares/Third_Party/FreeRTOS/Source/portable/GCC/ARM_CM3/port.o
 *fill*         0x00000000080062f8        0x8 
 .text.SVC_Handler
                0x0000000008006300       0x28 Middlewares/Third_Party/FreeRTOS/Source/portable/GCC/ARM_CM3/port.o
                0x0000000008006300                SVC_Handler
 .text.prvPortStartFirstTask
                0x0000000008006328       0x20 Middlewares/Third_Party/FreeRTOS/Source/portable/GCC/ARM_CM3/port.o
 .text.xPortStartScheduler
                0x0000000008006348       0xe4 Middlewares/Third_Party/FreeRTOS/Source/portable/GCC/ARM_CM3/port.o
                0x0000000008006348                xPortStartScheduler
 .text.vPortEnterCritical
                0x000000000800642c       0x60 Middlewares/Third_Party/FreeRTOS/Source/portable/GCC/ARM_CM3/port.o
                0x000000000800642c                vPortEnterCritical
 .text.vPortExitCritical
                0x000000000800648c       0x50 Middlewares/Third_Party/FreeRTOS/Source/portable/GCC/ARM_CM3/port.o
                0x000000000800648c                vPortExitCritical
 *fill*         0x00000000080064dc        0x4 
 .text.PendSV_Handler
                0x00000000080064e0       0x48 Middlewares/Third_Party/FreeRTOS/Source/portable/GCC/ARM_CM3/port.o
                0x00000000080064e0                PendSV_Handler
 .text.SysTick_Handler
                0x0000000008006528       0x44 Middlewares/Third_Party/FreeRTOS/Source/portable/GCC/ARM_CM3/port.o
                0x0000000008006528                SysTick_Handler
 .text.vPortSetupTimerInterrupt
                0x000000000800656c       0x44 Middlewares/Third_Party/FreeRTOS/Source/portable/GCC/ARM_CM3/port.o
                0x000000000800656c                vPortSetupTimerInterrupt
 .text.vPortValidateInterruptPriority
                0x00000000080065b0       0x7c Middlewares/Third_Party/FreeRTOS/Source/portable/GCC/ARM_CM3/port.o
                0x00000000080065b0                vPortValidateInterruptPriority
 .text.pvPortMalloc
                0x000000000800662c      0x188 Middlewares/Third_Party/FreeRTOS/Source/portable/MemMang/heap_4.o
                0x000000000800662c                pvPortMalloc
 .text.vPortFree
                0x00000000080067b4       0xb4 Middlewares/Third_Party/FreeRTOS/Source/portable/MemMang/heap_4.o
                0x00000000080067b4                vPortFree
 .text.prvHeapInit
                0x0000000008006868       0xc4 Middlewares/Third_Party/FreeRTOS/Source/portable/MemMang/heap_4.o
 .text.prvInsertBlockIntoFreeList
                0x000000000800692c       0xb0 Middlewares/Third_Party/FreeRTOS/Source/portable/MemMang/heap_4.o
 .text.RadioSetRxGenericConfig
                0x00000000080069dc      0x30c Middlewares/Third_Party/SubGHz_Phy/stm32_radio_driver/radio.o
 .text.RadioSetTxGenericConfig
                0x0000000008006ce8      0x2cc Middlewares/Third_Party/SubGHz_Phy/stm32_radio_driver/radio.o
 .text.RadioGetFskBandwidthRegValue
                0x0000000008006fb4       0x50 Middlewares/Third_Party/SubGHz_Phy/stm32_radio_driver/radio.o
 .text.RadioInit
                0x0000000008007004       0xac Middlewares/Third_Party/SubGHz_Phy/stm32_radio_driver/radio.o
 .text.RadioGetStatus
                0x00000000080070b0       0x2e Middlewares/Third_Party/SubGHz_Phy/stm32_radio_driver/radio.o
 *fill*         0x00000000080070de        0x2 
 .text.RadioSetModem
                0x00000000080070e0       0x74 Middlewares/Third_Party/SubGHz_Phy/stm32_radio_driver/radio.o
 .text.RadioSetChannel
                0x0000000008007154       0x16 Middlewares/Third_Party/SubGHz_Phy/stm32_radio_driver/radio.o
 .text.RadioIsChannelFree
                0x000000000800716a       0xb4 Middlewares/Third_Party/SubGHz_Phy/stm32_radio_driver/radio.o
 .text.RadioRandom
                0x000000000800721e       0x2c Middlewares/Third_Party/SubGHz_Phy/stm32_radio_driver/radio.o
 *fill*         0x000000000800724a        0x2 
 .text.RadioSetRxConfig
                0x000000000800724c      0x41c Middlewares/Third_Party/SubGHz_Phy/stm32_radio_driver/radio.o
 .text.RadioSetTxConfig
                0x0000000008007668      0x26c Middlewares/Third_Party/SubGHz_Phy/stm32_radio_driver/radio.o
 .text.RadioCheckRfFrequency
                0x00000000080078d4       0x14 Middlewares/Third_Party/SubGHz_Phy/stm32_radio_driver/radio.o
 .text.RadioGetLoRaBandwidthInHz
                0x00000000080078e8       0xac Middlewares/Third_Party/SubGHz_Phy/stm32_radio_driver/radio.o
 .text.RadioGetGfskTimeOnAirNumerator
                0x0000000008007994       0x54 Middlewares/Third_Party/SubGHz_Phy/stm32_radio_driver/radio.o
 .text.RadioGetLoRaTimeOnAirNumerator
                0x00000000080079e8      0x102 Middlewares/Third_Party/SubGHz_Phy/stm32_radio_driver/radio.o
 *fill*         0x0000000008007aea        0x2 
 .text.RadioTimeOnAir
                0x0000000008007aec       0xb0 Middlewares/Third_Party/SubGHz_Phy/stm32_radio_driver/radio.o
 .text.RadioSend
                0x0000000008007b9c      0x188 Middlewares/Third_Party/SubGHz_Phy/stm32_radio_driver/radio.o
 .text.RadioSleep
                0x0000000008007d24       0x26 Middlewares/Third_Party/SubGHz_Phy/stm32_radio_driver/radio.o
 .text.RadioStandby
                0x0000000008007d4a        0xe Middlewares/Third_Party/SubGHz_Phy/stm32_radio_driver/radio.o
 .text.RadioRx  0x0000000008007d58       0x68 Middlewares/Third_Party/SubGHz_Phy/stm32_radio_driver/radio.o
 .text.RadioRxBoosted
                0x0000000008007dc0       0x68 Middlewares/Third_Party/SubGHz_Phy/stm32_radio_driver/radio.o
 .text.RadioSetRxDutyCycle
                0x0000000008007e28       0x2c Middlewares/Third_Party/SubGHz_Phy/stm32_radio_driver/radio.o
 .text.RadioStartCad
                0x0000000008007e54       0x1c Middlewares/Third_Party/SubGHz_Phy/stm32_radio_driver/radio.o
 .text.RadioSetTxContinuousWave
                0x0000000008007e70       0x58 Middlewares/Third_Party/SubGHz_Phy/stm32_radio_driver/radio.o
 .text.RadioRssi
                0x0000000008007ec8       0x1a Middlewares/Third_Party/SubGHz_Phy/stm32_radio_driver/radio.o
 .text.RadioWrite
                0x0000000008007ee2       0x24 Middlewares/Third_Party/SubGHz_Phy/stm32_radio_driver/radio.o
 .text.RadioRead
                0x0000000008007f06       0x1c Middlewares/Third_Party/SubGHz_Phy/stm32_radio_driver/radio.o
 .text.RadioWriteRegisters
                0x0000000008007f22       0x26 Middlewares/Third_Party/SubGHz_Phy/stm32_radio_driver/radio.o
 .text.RadioReadRegisters
                0x0000000008007f48       0x26 Middlewares/Third_Party/SubGHz_Phy/stm32_radio_driver/radio.o
 *fill*         0x0000000008007f6e        0x2 
 .text.RadioSetMaxPayloadLength
                0x0000000008007f70       0x5c Middlewares/Third_Party/SubGHz_Phy/stm32_radio_driver/radio.o
 .text.RadioSetPublicNetwork
                0x0000000008007fcc       0x5c Middlewares/Third_Party/SubGHz_Phy/stm32_radio_driver/radio.o
 .text.RadioGetWakeupTime
                0x0000000008008028       0x10 Middlewares/Third_Party/SubGHz_Phy/stm32_radio_driver/radio.o
 .text.RadioOnTxTimeoutIrq
                0x0000000008008038       0x30 Middlewares/Third_Party/SubGHz_Phy/stm32_radio_driver/radio.o
 .text.RadioOnRxTimeoutIrq
                0x0000000008008068       0x30 Middlewares/Third_Party/SubGHz_Phy/stm32_radio_driver/radio.o
 .text.RadioOnDioIrq
                0x0000000008008098       0x24 Middlewares/Third_Party/SubGHz_Phy/stm32_radio_driver/radio.o
 .text.RadioIrqProcess
                0x00000000080080bc      0x2fc Middlewares/Third_Party/SubGHz_Phy/stm32_radio_driver/radio.o
 .text.RadioTxPrbs
                0x00000000080083b8       0x38 Middlewares/Third_Party/SubGHz_Phy/stm32_radio_driver/radio.o
 .text.RadioTxCw
                0x00000000080083f0       0x2e Middlewares/Third_Party/SubGHz_Phy/stm32_radio_driver/radio.o
 .text.payload_integration
                0x000000000800841e      0x120 Middlewares/Third_Party/SubGHz_Phy/stm32_radio_driver/radio.o
 *fill*         0x000000000800853e        0x2 
 .text.SUBGRF_Init
                0x0000000008008540       0x8c Middlewares/Third_Party/SubGHz_Phy/stm32_radio_driver/radio_driver.o
                0x0000000008008540                SUBGRF_Init
 .text.SUBGRF_GetOperatingMode
                0x00000000080085cc       0x14 Middlewares/Third_Party/SubGHz_Phy/stm32_radio_driver/radio_driver.o
                0x00000000080085cc                SUBGRF_GetOperatingMode
 .text.SUBGRF_SetPayload
                0x00000000080085e0       0x20 Middlewares/Third_Party/SubGHz_Phy/stm32_radio_driver/radio_driver.o
                0x00000000080085e0                SUBGRF_SetPayload
 .text.SUBGRF_GetPayload
                0x0000000008008600       0x44 Middlewares/Third_Party/SubGHz_Phy/stm32_radio_driver/radio_driver.o
                0x0000000008008600                SUBGRF_GetPayload
 .text.SUBGRF_SendPayload
                0x0000000008008644       0x26 Middlewares/Third_Party/SubGHz_Phy/stm32_radio_driver/radio_driver.o
                0x0000000008008644                SUBGRF_SendPayload
 .text.SUBGRF_SetSyncWord
                0x000000000800866a       0x1e Middlewares/Third_Party/SubGHz_Phy/stm32_radio_driver/radio_driver.o
                0x000000000800866a                SUBGRF_SetSyncWord
 .text.SUBGRF_SetCrcSeed
                0x0000000008008688       0x40 Middlewares/Third_Party/SubGHz_Phy/stm32_radio_driver/radio_driver.o
                0x0000000008008688                SUBGRF_SetCrcSeed
 .text.SUBGRF_SetCrcPolynomial
                0x00000000080086c8       0x40 Middlewares/Third_Party/SubGHz_Phy/stm32_radio_driver/radio_driver.o
                0x00000000080086c8                SUBGRF_SetCrcPolynomial
 .text.SUBGRF_SetWhiteningSeed
                0x0000000008008708       0x66 Middlewares/Third_Party/SubGHz_Phy/stm32_radio_driver/radio_driver.o
                0x0000000008008708                SUBGRF_SetWhiteningSeed
 .text.SUBGRF_GetRandom
                0x000000000800876e       0x8c Middlewares/Third_Party/SubGHz_Phy/stm32_radio_driver/radio_driver.o
                0x000000000800876e                SUBGRF_GetRandom
 *fill*         0x00000000080087fa        0x2 
 .text.SUBGRF_SetSleep
                0x00000000080087fc       0x68 Middlewares/Third_Party/SubGHz_Phy/stm32_radio_driver/radio_driver.o
                0x00000000080087fc                SUBGRF_SetSleep
 .text.SUBGRF_SetStandby
                0x0000000008008864       0x3c Middlewares/Third_Party/SubGHz_Phy/stm32_radio_driver/radio_driver.o
                0x0000000008008864                SUBGRF_SetStandby
 .text.SUBGRF_SetTx
                0x00000000080088a0       0x44 Middlewares/Third_Party/SubGHz_Phy/stm32_radio_driver/radio_driver.o
                0x00000000080088a0                SUBGRF_SetTx
 .text.SUBGRF_SetRx
                0x00000000080088e4       0x44 Middlewares/Third_Party/SubGHz_Phy/stm32_radio_driver/radio_driver.o
                0x00000000080088e4                SUBGRF_SetRx
 .text.SUBGRF_SetRxBoosted
                0x0000000008008928       0x4c Middlewares/Third_Party/SubGHz_Phy/stm32_radio_driver/radio_driver.o
                0x0000000008008928                SUBGRF_SetRxBoosted
 .text.SUBGRF_SetRxDutyCycle
                0x0000000008008974       0x5c Middlewares/Third_Party/SubGHz_Phy/stm32_radio_driver/radio_driver.o
                0x0000000008008974                SUBGRF_SetRxDutyCycle
 .text.SUBGRF_SetCad
                0x00000000080089d0       0x24 Middlewares/Third_Party/SubGHz_Phy/stm32_radio_driver/radio_driver.o
                0x00000000080089d0                SUBGRF_SetCad
 .text.SUBGRF_SetTxContinuousWave
                0x00000000080089f4       0x18 Middlewares/Third_Party/SubGHz_Phy/stm32_radio_driver/radio_driver.o
                0x00000000080089f4                SUBGRF_SetTxContinuousWave
 .text.SUBGRF_SetTxInfinitePreamble
                0x0000000008008a0c       0x18 Middlewares/Third_Party/SubGHz_Phy/stm32_radio_driver/radio_driver.o
                0x0000000008008a0c                SUBGRF_SetTxInfinitePreamble
 .text.SUBGRF_SetStopRxTimerOnPreambleDetect
                0x0000000008008a24       0x24 Middlewares/Third_Party/SubGHz_Phy/stm32_radio_driver/radio_driver.o
                0x0000000008008a24                SUBGRF_SetStopRxTimerOnPreambleDetect
 .text.SUBGRF_SetLoRaSymbNumTimeout
                0x0000000008008a48       0x64 Middlewares/Third_Party/SubGHz_Phy/stm32_radio_driver/radio_driver.o
                0x0000000008008a48                SUBGRF_SetLoRaSymbNumTimeout
 .text.SUBGRF_SetRegulatorMode
                0x0000000008008aac       0x34 Middlewares/Third_Party/SubGHz_Phy/stm32_radio_driver/radio_driver.o
                0x0000000008008aac                SUBGRF_SetRegulatorMode
 .text.SUBGRF_Calibrate
                0x0000000008008ae0       0x90 Middlewares/Third_Party/SubGHz_Phy/stm32_radio_driver/radio_driver.o
                0x0000000008008ae0                SUBGRF_Calibrate
 .text.SUBGRF_CalibrateImage
                0x0000000008008b70       0x90 Middlewares/Third_Party/SubGHz_Phy/stm32_radio_driver/radio_driver.o
                0x0000000008008b70                SUBGRF_CalibrateImage
 .text.SUBGRF_SetPaConfig
                0x0000000008008c00       0x48 Middlewares/Third_Party/SubGHz_Phy/stm32_radio_driver/radio_driver.o
                0x0000000008008c00                SUBGRF_SetPaConfig
 .text.SUBGRF_SetDioIrqParams
                0x0000000008008c48       0x78 Middlewares/Third_Party/SubGHz_Phy/stm32_radio_driver/radio_driver.o
                0x0000000008008c48                SUBGRF_SetDioIrqParams
 .text.SUBGRF_SetTcxoMode
                0x0000000008008cc0       0x48 Middlewares/Third_Party/SubGHz_Phy/stm32_radio_driver/radio_driver.o
                0x0000000008008cc0                SUBGRF_SetTcxoMode
 .text.SUBGRF_SetRfFrequency
                0x0000000008008d08       0x88 Middlewares/Third_Party/SubGHz_Phy/stm32_radio_driver/radio_driver.o
                0x0000000008008d08                SUBGRF_SetRfFrequency
 .text.SUBGRF_SetPacketType
                0x0000000008008d90       0x3c Middlewares/Third_Party/SubGHz_Phy/stm32_radio_driver/radio_driver.o
                0x0000000008008d90                SUBGRF_SetPacketType
 .text.SUBGRF_GetPacketType
                0x0000000008008dcc       0x14 Middlewares/Third_Party/SubGHz_Phy/stm32_radio_driver/radio_driver.o
                0x0000000008008dcc                SUBGRF_GetPacketType
 .text.SUBGRF_SetTxParams
                0x0000000008008de0       0xd0 Middlewares/Third_Party/SubGHz_Phy/stm32_radio_driver/radio_driver.o
                0x0000000008008de0                SUBGRF_SetTxParams
 .text.SUBGRF_SetModulationParams
                0x0000000008008eb0      0x19c Middlewares/Third_Party/SubGHz_Phy/stm32_radio_driver/radio_driver.o
                0x0000000008008eb0                SUBGRF_SetModulationParams
 .text.SUBGRF_SetPacketParams
                0x000000000800904c      0x140 Middlewares/Third_Party/SubGHz_Phy/stm32_radio_driver/radio_driver.o
                0x000000000800904c                SUBGRF_SetPacketParams
 .text.SUBGRF_SetBufferBaseAddress
                0x000000000800918c       0x34 Middlewares/Third_Party/SubGHz_Phy/stm32_radio_driver/radio_driver.o
                0x000000000800918c                SUBGRF_SetBufferBaseAddress
 .text.SUBGRF_GetRssiInst
                0x00000000080091c0       0x30 Middlewares/Third_Party/SubGHz_Phy/stm32_radio_driver/radio_driver.o
                0x00000000080091c0                SUBGRF_GetRssiInst
 .text.SUBGRF_GetRxBufferStatus
                0x00000000080091f0       0x5c Middlewares/Third_Party/SubGHz_Phy/stm32_radio_driver/radio_driver.o
                0x00000000080091f0                SUBGRF_GetRxBufferStatus
 .text.SUBGRF_GetPacketStatus
                0x000000000800924c       0xa8 Middlewares/Third_Party/SubGHz_Phy/stm32_radio_driver/radio_driver.o
                0x000000000800924c                SUBGRF_GetPacketStatus
 .text.SUBGRF_WriteRegister
                0x00000000080092f4       0x28 Middlewares/Third_Party/SubGHz_Phy/stm32_radio_driver/radio_driver.o
                0x00000000080092f4                SUBGRF_WriteRegister
 .text.SUBGRF_ReadRegister
                0x000000000800931c       0x28 Middlewares/Third_Party/SubGHz_Phy/stm32_radio_driver/radio_driver.o
                0x000000000800931c                SUBGRF_ReadRegister
 .text.SUBGRF_WriteRegisters
                0x0000000008009344       0x28 Middlewares/Third_Party/SubGHz_Phy/stm32_radio_driver/radio_driver.o
                0x0000000008009344                SUBGRF_WriteRegisters
 .text.SUBGRF_ReadRegisters
                0x000000000800936c       0x28 Middlewares/Third_Party/SubGHz_Phy/stm32_radio_driver/radio_driver.o
                0x000000000800936c                SUBGRF_ReadRegisters
 .text.SUBGRF_WriteBuffer
                0x0000000008009394       0x2c Middlewares/Third_Party/SubGHz_Phy/stm32_radio_driver/radio_driver.o
                0x0000000008009394                SUBGRF_WriteBuffer
 .text.SUBGRF_ReadBuffer
                0x00000000080093c0       0x2c Middlewares/Third_Party/SubGHz_Phy/stm32_radio_driver/radio_driver.o
                0x00000000080093c0                SUBGRF_ReadBuffer
 .text.SUBGRF_SetSwitch
                0x00000000080093ec       0x50 Middlewares/Third_Party/SubGHz_Phy/stm32_radio_driver/radio_driver.o
                0x00000000080093ec                SUBGRF_SetSwitch
 .text.SUBGRF_SetRfTxPower
                0x000000000800943c       0x68 Middlewares/Third_Party/SubGHz_Phy/stm32_radio_driver/radio_driver.o
                0x000000000800943c                SUBGRF_SetRfTxPower
 .text.SUBGRF_GetRadioWakeUpTime
                0x00000000080094a4        0xe Middlewares/Third_Party/SubGHz_Phy/stm32_radio_driver/radio_driver.o
                0x00000000080094a4                SUBGRF_GetRadioWakeUpTime
 .text.Radio_SMPS_Set
                0x00000000080094b2       0x42 Middlewares/Third_Party/SubGHz_Phy/stm32_radio_driver/radio_driver.o
 .text.MX_SubGHz_Phy_Init
                0x00000000080094f4       0x10 SubGHz_Phy/App/app_subghz_phy.o
                0x00000000080094f4                MX_SubGHz_Phy_Init
 .text.SubghzApp_Init
                0x0000000008009504       0xf8 SubGHz_Phy/App/subghz_phy_app.o
                0x0000000008009504                SubghzApp_Init
 .text.SubghzApp_Sent
                0x00000000080095fc       0x24 SubGHz_Phy/App/subghz_phy_app.o
                0x00000000080095fc                SubghzApp_Sent
 .text.OnTxDone
                0x0000000008009620        0xc SubGHz_Phy/App/subghz_phy_app.o
 .text.OnRxDone
                0x000000000800962c       0x24 SubGHz_Phy/App/subghz_phy_app.o
 .text.OnTxTimeout
                0x0000000008009650        0xc SubGHz_Phy/App/subghz_phy_app.o
 .text.OnRxTimeout
                0x000000000800965c        0xc SubGHz_Phy/App/subghz_phy_app.o
 .text.OnRxError
                0x0000000008009668        0xc SubGHz_Phy/App/subghz_phy_app.o
 .text.LL_AHB2_GRP1_EnableClock
                0x0000000008009674       0x30 SubGHz_Phy/Target/radio_board_if.o
 .text.RBI_Init
                0x00000000080096a4       0x7c SubGHz_Phy/Target/radio_board_if.o
                0x00000000080096a4                RBI_Init
 .text.RBI_ConfigRFSwitch
                0x0000000008009720       0xb8 SubGHz_Phy/Target/radio_board_if.o
                0x0000000008009720                RBI_ConfigRFSwitch
 .text.RBI_GetTxConfig
                0x00000000080097d8        0xe SubGHz_Phy/Target/radio_board_if.o
                0x00000000080097d8                RBI_GetTxConfig
 .text.RBI_GetWakeUpTime
                0x00000000080097e6        0xe SubGHz_Phy/Target/radio_board_if.o
                0x00000000080097e6                RBI_GetWakeUpTime
 .text.RBI_IsTCXO
                0x00000000080097f4        0xe SubGHz_Phy/Target/radio_board_if.o
                0x00000000080097f4                RBI_IsTCXO
 .text.RBI_IsDCDC
                0x0000000008009802        0xe SubGHz_Phy/Target/radio_board_if.o
                0x0000000008009802                RBI_IsDCDC
 .text.UTIL_MEM_set_8
                0x0000000008009810       0x36 Utilities/misc/stm32_mem.o
                0x0000000008009810                UTIL_MEM_set_8
 *fill*         0x0000000008009846        0x2 
 .text.UTIL_TIMER_Create
                0x0000000008009848       0x6c Utilities/timer/stm32_timer.o
                0x0000000008009848                UTIL_TIMER_Create
 .text.UTIL_TIMER_Start
                0x00000000080098b4       0xdc Utilities/timer/stm32_timer.o
                0x00000000080098b4                UTIL_TIMER_Start
 .text.UTIL_TIMER_Stop
                0x0000000008009990       0xe0 Utilities/timer/stm32_timer.o
                0x0000000008009990                UTIL_TIMER_Stop
 .text.UTIL_TIMER_SetPeriod
                0x0000000008009a70       0x54 Utilities/timer/stm32_timer.o
                0x0000000008009a70                UTIL_TIMER_SetPeriod
 .text.UTIL_TIMER_GetCurrentTime
                0x0000000008009ac4       0x24 Utilities/timer/stm32_timer.o
                0x0000000008009ac4                UTIL_TIMER_GetCurrentTime
 .text.UTIL_TIMER_GetElapsedTime
                0x0000000008009ae8       0x38 Utilities/timer/stm32_timer.o
                0x0000000008009ae8                UTIL_TIMER_GetElapsedTime
 .text.TimerExists
                0x0000000008009b20       0x38 Utilities/timer/stm32_timer.o
                0x0000000008009b20                TimerExists
 .text.TimerSetTimeout
                0x0000000008009b58       0x54 Utilities/timer/stm32_timer.o
                0x0000000008009b58                TimerSetTimeout
 .text.TimerInsertTimer
                0x0000000008009bac       0x60 Utilities/timer/stm32_timer.o
                0x0000000008009bac                TimerInsertTimer
 .text.TimerInsertNewHeadTimer
                0x0000000008009c0c       0x3c Utilities/timer/stm32_timer.o
                0x0000000008009c0c                TimerInsertNewHeadTimer
 .text.__libc_init_array
                0x0000000008009c48       0x48 c:/st/stm32cubeide_1.5.0/stm32cubeide/plugins/com.st.stm32cube.ide.mcu.externaltools.gnu-tools-for-stm32.9-2020-q2-update.win32_1.5.0.202011040924/tools/bin/../lib/gcc/arm-none-eabi/9.3.1/../../../../arm-none-eabi/lib/thumb/v7e-m/nofp\libc_nano.a(lib_a-init.o)
                0x0000000008009c48                __libc_init_array
 .text.memcpy   0x0000000008009c90       0x1c c:/st/stm32cubeide_1.5.0/stm32cubeide/plugins/com.st.stm32cube.ide.mcu.externaltools.gnu-tools-for-stm32.9-2020-q2-update.win32_1.5.0.202011040924/tools/bin/../lib/gcc/arm-none-eabi/9.3.1/../../../../arm-none-eabi/lib/thumb/v7e-m/nofp\libc_nano.a(lib_a-memcpy-stub.o)
                0x0000000008009c90                memcpy
 .text.memset   0x0000000008009cac       0x10 c:/st/stm32cubeide_1.5.0/stm32cubeide/plugins/com.st.stm32cube.ide.mcu.externaltools.gnu-tools-for-stm32.9-2020-q2-update.win32_1.5.0.202011040924/tools/bin/../lib/gcc/arm-none-eabi/9.3.1/../../../../arm-none-eabi/lib/thumb/v7e-m/nofp\libc_nano.a(lib_a-memset.o)
                0x0000000008009cac                memset
 *(.glue_7)
 .glue_7        0x0000000008009cbc        0x0 linker stubs
 *(.glue_7t)
 .glue_7t       0x0000000008009cbc        0x0 linker stubs
 *(.eh_frame)
 .eh_frame      0x0000000008009cbc        0x0 c:/st/stm32cubeide_1.5.0/stm32cubeide/plugins/com.st.stm32cube.ide.mcu.externaltools.gnu-tools-for-stm32.9-2020-q2-update.win32_1.5.0.202011040924/tools/bin/../lib/gcc/arm-none-eabi/9.3.1/thumb/v7e-m/nofp/crtbegin.o
 *(.init)
 .init          0x0000000008009cbc        0x4 c:/st/stm32cubeide_1.5.0/stm32cubeide/plugins/com.st.stm32cube.ide.mcu.externaltools.gnu-tools-for-stm32.9-2020-q2-update.win32_1.5.0.202011040924/tools/bin/../lib/gcc/arm-none-eabi/9.3.1/thumb/v7e-m/nofp/crti.o
                0x0000000008009cbc                _init
 .init          0x0000000008009cc0        0x8 c:/st/stm32cubeide_1.5.0/stm32cubeide/plugins/com.st.stm32cube.ide.mcu.externaltools.gnu-tools-for-stm32.9-2020-q2-update.win32_1.5.0.202011040924/tools/bin/../lib/gcc/arm-none-eabi/9.3.1/thumb/v7e-m/nofp/crtn.o
 *(.fini)
 .fini          0x0000000008009cc8        0x4 c:/st/stm32cubeide_1.5.0/stm32cubeide/plugins/com.st.stm32cube.ide.mcu.externaltools.gnu-tools-for-stm32.9-2020-q2-update.win32_1.5.0.202011040924/tools/bin/../lib/gcc/arm-none-eabi/9.3.1/thumb/v7e-m/nofp/crti.o
                0x0000000008009cc8                _fini
 .fini          0x0000000008009ccc        0x8 c:/st/stm32cubeide_1.5.0/stm32cubeide/plugins/com.st.stm32cube.ide.mcu.externaltools.gnu-tools-for-stm32.9-2020-q2-update.win32_1.5.0.202011040924/tools/bin/../lib/gcc/arm-none-eabi/9.3.1/thumb/v7e-m/nofp/crtn.o
                0x0000000008009cd4                . = ALIGN (0x4)
                0x0000000008009cd4                _etext = .

.vfp11_veneer   0x0000000008009cd4        0x0
 .vfp11_veneer  0x0000000008009cd4        0x0 linker stubs

.v4_bx          0x0000000008009cd4        0x0
 .v4_bx         0x0000000008009cd4        0x0 linker stubs

.iplt           0x0000000008009cd4        0x0
 .iplt          0x0000000008009cd4        0x0 c:/st/stm32cubeide_1.5.0/stm32cubeide/plugins/com.st.stm32cube.ide.mcu.externaltools.gnu-tools-for-stm32.9-2020-q2-update.win32_1.5.0.202011040924/tools/bin/../lib/gcc/arm-none-eabi/9.3.1/thumb/v7e-m/nofp/crtbegin.o

.rodata         0x0000000008009cd4      0x2b8
                0x0000000008009cd4                . = ALIGN (0x4)
 *(.rodata)
 .rodata        0x0000000008009cd4       0x18 Core/Src/app_freertos.o
 .rodata        0x0000000008009cec       0x1c Drivers/STM32WLxx_HAL_Driver/Src/stm32wlxx_hal_rcc.o
 .rodata        0x0000000008009d08       0x10 Drivers/STM32WLxx_HAL_Driver/Src/stm32wlxx_hal_uart_ex.o
 .rodata        0x0000000008009d18        0x5 Middlewares/Third_Party/FreeRTOS/Source/tasks.o
 *fill*         0x0000000008009d1d        0x3 
 .rodata        0x0000000008009d20        0xd Middlewares/Third_Party/FreeRTOS/Source/timers.o
 *fill*         0x0000000008009d2d        0x3 
 .rodata        0x0000000008009d30       0x10 Middlewares/Third_Party/SubGHz_Phy/stm32_radio_driver/radio.o
 .rodata        0x0000000008009d40       0x11 Middlewares/Third_Party/SubGHz_Phy/stm32_radio_driver/radio_driver.o
 *(.rodata*)
 *fill*         0x0000000008009d51        0x3 
 .rodata.initThread_attributes
                0x0000000008009d54       0x24 Core/Src/app_freertos.o
                0x0000000008009d54                initThread_attributes
 .rodata.AHBPrescTable
                0x0000000008009d78       0x40 Core/Src/system_stm32wlxx.o
                0x0000000008009d78                AHBPrescTable
 .rodata.APBPrescTable
                0x0000000008009db8       0x20 Core/Src/system_stm32wlxx.o
                0x0000000008009db8                APBPrescTable
 .rodata.MSIRangeTable
                0x0000000008009dd8       0x40 Core/Src/system_stm32wlxx.o
                0x0000000008009dd8                MSIRangeTable
 .rodata.UTIL_TimerDriver
                0x0000000008009e18       0x2c Core/Src/timer_if.o
                0x0000000008009e18                UTIL_TimerDriver
 .rodata.UARTPrescTable
                0x0000000008009e44       0x18 Drivers/STM32WLxx_HAL_Driver/Src/stm32wlxx_hal_uart.o
                0x0000000008009e44                UARTPrescTable
 .rodata.Radio  0x0000000008009e5c       0x7c Middlewares/Third_Party/SubGHz_Phy/stm32_radio_driver/radio.o
                0x0000000008009e5c                Radio
 .rodata.FskBandwidths
                0x0000000008009ed8       0xb0 Middlewares/Third_Party/SubGHz_Phy/stm32_radio_driver/radio.o
                0x0000000008009ed8                FskBandwidths
 .rodata.Bandwidths
                0x0000000008009f88        0x3 Middlewares/Third_Party/SubGHz_Phy/stm32_radio_driver/radio.o
                0x0000000008009f88                Bandwidths
                0x0000000008009f8c                . = ALIGN (0x4)
 *fill*         0x0000000008009f8b        0x1 

.ARM.extab      0x0000000008009f8c        0x0
                0x0000000008009f8c                . = ALIGN (0x4)
 *(.ARM.extab* .gnu.linkonce.armextab.*)
                0x0000000008009f8c                . = ALIGN (0x4)

.ARM            0x0000000008009f8c        0x8
                0x0000000008009f8c                . = ALIGN (0x4)
                0x0000000008009f8c                __exidx_start = .
 *(.ARM.exidx*)
 .ARM.exidx     0x0000000008009f8c        0x8 c:/st/stm32cubeide_1.5.0/stm32cubeide/plugins/com.st.stm32cube.ide.mcu.externaltools.gnu-tools-for-stm32.9-2020-q2-update.win32_1.5.0.202011040924/tools/bin/../lib/gcc/arm-none-eabi/9.3.1/thumb/v7e-m/nofp\libgcc.a(_udivmoddi4.o)
                0x0000000008009f94                __exidx_end = .
                0x0000000008009f94                . = ALIGN (0x4)

.rel.dyn        0x0000000008009f94        0x0
 .rel.iplt      0x0000000008009f94        0x0 c:/st/stm32cubeide_1.5.0/stm32cubeide/plugins/com.st.stm32cube.ide.mcu.externaltools.gnu-tools-for-stm32.9-2020-q2-update.win32_1.5.0.202011040924/tools/bin/../lib/gcc/arm-none-eabi/9.3.1/thumb/v7e-m/nofp/crtbegin.o

.preinit_array  0x0000000008009f94        0x0
                0x0000000008009f94                . = ALIGN (0x4)
                0x0000000008009f94                PROVIDE (__preinit_array_start = .)
 *(.preinit_array*)
                0x0000000008009f94                PROVIDE (__preinit_array_end = .)
                0x0000000008009f94                . = ALIGN (0x4)

.init_array     0x0000000008009f94        0x4
                0x0000000008009f94                . = ALIGN (0x4)
                0x0000000008009f94                PROVIDE (__init_array_start = .)
 *(SORT_BY_NAME(.init_array.*))
 *(.init_array*)
 .init_array    0x0000000008009f94        0x4 c:/st/stm32cubeide_1.5.0/stm32cubeide/plugins/com.st.stm32cube.ide.mcu.externaltools.gnu-tools-for-stm32.9-2020-q2-update.win32_1.5.0.202011040924/tools/bin/../lib/gcc/arm-none-eabi/9.3.1/thumb/v7e-m/nofp/crtbegin.o
                0x0000000008009f98                PROVIDE (__init_array_end = .)
                0x0000000008009f98                . = ALIGN (0x4)

.fini_array     0x0000000008009f98        0x4
                0x0000000008009f98                . = ALIGN (0x4)
                [!provide]                        PROVIDE (__fini_array_start = .)
 *(SORT_BY_NAME(.fini_array.*))
 *(.fini_array*)
 .fini_array    0x0000000008009f98        0x4 c:/st/stm32cubeide_1.5.0/stm32cubeide/plugins/com.st.stm32cube.ide.mcu.externaltools.gnu-tools-for-stm32.9-2020-q2-update.win32_1.5.0.202011040924/tools/bin/../lib/gcc/arm-none-eabi/9.3.1/thumb/v7e-m/nofp/crtbegin.o
                [!provide]                        PROVIDE (__fini_array_end = .)
                0x0000000008009f9c                . = ALIGN (0x4)
                0x0000000008009f9c                _sidata = LOADADDR (.data)

.data           0x0000000020000000       0x2c load address 0x0000000008009f9c
                0x0000000020000000                . = ALIGN (0x4)
                0x0000000020000000                _sdata = .
 *(.data)
 *(.data*)
 .data.SystemCoreClock
                0x0000000020000000        0x4 Core/Src/system_stm32wlxx.o
                0x0000000020000000                SystemCoreClock
 .data.uwTickPrio
                0x0000000020000004        0x4 Drivers/STM32WLxx_HAL_Driver/Src/stm32wlxx_hal.o
                0x0000000020000004                uwTickPrio
 .data.uwTickFreq
                0x0000000020000008        0x1 Drivers/STM32WLxx_HAL_Driver/Src/stm32wlxx_hal.o
                0x0000000020000008                uwTickFreq
 *fill*         0x0000000020000009        0x3 
 .data.uxCriticalNesting
                0x000000002000000c        0x4 Middlewares/Third_Party/FreeRTOS/Source/portable/GCC/ARM_CM3/port.o
 .data.MaxPayloadLength
                0x0000000020000010        0x1 Middlewares/Third_Party/SubGHz_Phy/stm32_radio_driver/radio.o
 *fill*         0x0000000020000011        0x3 
 .data.TXfreq   0x0000000020000014        0x4 SubGHz_Phy/App/subghz_phy_app.o
 .data.TXpower  0x0000000020000018        0x1 SubGHz_Phy/App/subghz_phy_app.o
 *fill*         0x0000000020000019        0x3 
 .data.TXfdev   0x000000002000001c        0x4 SubGHz_Phy/App/subghz_phy_app.o
 .data.TXdatarate
                0x0000000020000020        0x4 SubGHz_Phy/App/subghz_phy_app.o
 .data.TXcrcOn  0x0000000020000024        0x1 SubGHz_Phy/App/subghz_phy_app.o
 *fill*         0x0000000020000025        0x1 
 .data.TXpreambleLen
                0x0000000020000026        0x2 SubGHz_Phy/App/subghz_phy_app.o
 .data.TXtimeout
                0x0000000020000028        0x4 SubGHz_Phy/App/subghz_phy_app.o
 *(.RamFunc)
 *(.RamFunc*)
                0x000000002000002c                . = ALIGN (0x4)
                0x000000002000002c                _edata = .

.igot.plt       0x000000002000002c        0x0 load address 0x0000000008009fc8
 .igot.plt      0x000000002000002c        0x0 c:/st/stm32cubeide_1.5.0/stm32cubeide/plugins/com.st.stm32cube.ide.mcu.externaltools.gnu-tools-for-stm32.9-2020-q2-update.win32_1.5.0.202011040924/tools/bin/../lib/gcc/arm-none-eabi/9.3.1/thumb/v7e-m/nofp/crtbegin.o
                0x000000002000002c                . = ALIGN (0x4)

.bss            0x000000002000002c     0x1c14 load address 0x0000000008009fc8
                0x000000002000002c                _sbss = .
                0x000000002000002c                __bss_start__ = _sbss
 *(.bss)
 .bss           0x000000002000002c       0x1c c:/st/stm32cubeide_1.5.0/stm32cubeide/plugins/com.st.stm32cube.ide.mcu.externaltools.gnu-tools-for-stm32.9-2020-q2-update.win32_1.5.0.202011040924/tools/bin/../lib/gcc/arm-none-eabi/9.3.1/thumb/v7e-m/nofp/crtbegin.o
 *(.bss*)
 .bss.KernelState
                0x0000000020000048        0x4 Middlewares/Third_Party/FreeRTOS/Source/CMSIS_RTOS_V2/cmsis_os2.o
 .bss.Idle_TCB  0x000000002000004c       0x5c Middlewares/Third_Party/FreeRTOS/Source/CMSIS_RTOS_V2/cmsis_os2.o
 .bss.Idle_Stack
                0x00000000200000a8      0x200 Middlewares/Third_Party/FreeRTOS/Source/CMSIS_RTOS_V2/cmsis_os2.o
 .bss.Timer_TCB
                0x00000000200002a8       0x5c Middlewares/Third_Party/FreeRTOS/Source/CMSIS_RTOS_V2/cmsis_os2.o
 .bss.Timer_Stack
                0x0000000020000304      0x400 Middlewares/Third_Party/FreeRTOS/Source/CMSIS_RTOS_V2/cmsis_os2.o
 .bss.pxCurrentTCB
                0x0000000020000704        0x4 Middlewares/Third_Party/FreeRTOS/Source/tasks.o
                0x0000000020000704                pxCurrentTCB
 .bss.pxReadyTasksLists
                0x0000000020000708      0x460 Middlewares/Third_Party/FreeRTOS/Source/tasks.o
 .bss.xDelayedTaskList1
                0x0000000020000b68       0x14 Middlewares/Third_Party/FreeRTOS/Source/tasks.o
 .bss.xDelayedTaskList2
                0x0000000020000b7c       0x14 Middlewares/Third_Party/FreeRTOS/Source/tasks.o
 .bss.pxDelayedTaskList
                0x0000000020000b90        0x4 Middlewares/Third_Party/FreeRTOS/Source/tasks.o
 .bss.pxOverflowDelayedTaskList
                0x0000000020000b94        0x4 Middlewares/Third_Party/FreeRTOS/Source/tasks.o
 .bss.xPendingReadyList
                0x0000000020000b98       0x14 Middlewares/Third_Party/FreeRTOS/Source/tasks.o
 .bss.xTasksWaitingTermination
                0x0000000020000bac       0x14 Middlewares/Third_Party/FreeRTOS/Source/tasks.o
 .bss.uxDeletedTasksWaitingCleanUp
                0x0000000020000bc0        0x4 Middlewares/Third_Party/FreeRTOS/Source/tasks.o
 .bss.xSuspendedTaskList
                0x0000000020000bc4       0x14 Middlewares/Third_Party/FreeRTOS/Source/tasks.o
 .bss.uxCurrentNumberOfTasks
                0x0000000020000bd8        0x4 Middlewares/Third_Party/FreeRTOS/Source/tasks.o
 .bss.xTickCount
                0x0000000020000bdc        0x4 Middlewares/Third_Party/FreeRTOS/Source/tasks.o
 .bss.uxTopReadyPriority
                0x0000000020000be0        0x4 Middlewares/Third_Party/FreeRTOS/Source/tasks.o
 .bss.xSchedulerRunning
                0x0000000020000be4        0x4 Middlewares/Third_Party/FreeRTOS/Source/tasks.o
 .bss.uxPendedTicks
                0x0000000020000be8        0x4 Middlewares/Third_Party/FreeRTOS/Source/tasks.o
 .bss.xYieldPending
                0x0000000020000bec        0x4 Middlewares/Third_Party/FreeRTOS/Source/tasks.o
 .bss.xNumOfOverflows
                0x0000000020000bf0        0x4 Middlewares/Third_Party/FreeRTOS/Source/tasks.o
 .bss.uxTaskNumber
                0x0000000020000bf4        0x4 Middlewares/Third_Party/FreeRTOS/Source/tasks.o
 .bss.xNextTaskUnblockTime
                0x0000000020000bf8        0x4 Middlewares/Third_Party/FreeRTOS/Source/tasks.o
 .bss.xIdleTaskHandle
                0x0000000020000bfc        0x4 Middlewares/Third_Party/FreeRTOS/Source/tasks.o
 .bss.uxSchedulerSuspended
                0x0000000020000c00        0x4 Middlewares/Third_Party/FreeRTOS/Source/tasks.o
 .bss.xActiveTimerList1
                0x0000000020000c04       0x14 Middlewares/Third_Party/FreeRTOS/Source/timers.o
 .bss.xActiveTimerList2
                0x0000000020000c18       0x14 Middlewares/Third_Party/FreeRTOS/Source/timers.o
 .bss.pxCurrentTimerList
                0x0000000020000c2c        0x4 Middlewares/Third_Party/FreeRTOS/Source/timers.o
 .bss.pxOverflowTimerList
                0x0000000020000c30        0x4 Middlewares/Third_Party/FreeRTOS/Source/timers.o
 .bss.xTimerQueue
                0x0000000020000c34        0x4 Middlewares/Third_Party/FreeRTOS/Source/timers.o
 .bss.xTimerTaskHandle
                0x0000000020000c38        0x4 Middlewares/Third_Party/FreeRTOS/Source/timers.o
 .bss.xLastTime.5538
                0x0000000020000c3c        0x4 Middlewares/Third_Party/FreeRTOS/Source/timers.o
 .bss.ucStaticTimerQueueStorage.5589
                0x0000000020000c40       0xa0 Middlewares/Third_Party/FreeRTOS/Source/timers.o
 .bss.xStaticTimerQueue.5588
                0x0000000020000ce0       0x50 Middlewares/Third_Party/FreeRTOS/Source/timers.o
 .bss.ucMaxSysCallPriority
                0x0000000020000d30        0x1 Middlewares/Third_Party/FreeRTOS/Source/portable/GCC/ARM_CM3/port.o
 *fill*         0x0000000020000d31        0x3 
 .bss.ulMaxPRIGROUPValue
                0x0000000020000d34        0x4 Middlewares/Third_Party/FreeRTOS/Source/portable/GCC/ARM_CM3/port.o
 .bss.ucHeap    0x0000000020000d38      0xc00 Middlewares/Third_Party/FreeRTOS/Source/portable/MemMang/heap_4.o
 .bss.xStart    0x0000000020001938        0x8 Middlewares/Third_Party/FreeRTOS/Source/portable/MemMang/heap_4.o
 .bss.pxEnd     0x0000000020001940        0x4 Middlewares/Third_Party/FreeRTOS/Source/portable/MemMang/heap_4.o
 .bss.xFreeBytesRemaining
                0x0000000020001944        0x4 Middlewares/Third_Party/FreeRTOS/Source/portable/MemMang/heap_4.o
 .bss.xMinimumEverFreeBytesRemaining
                0x0000000020001948        0x4 Middlewares/Third_Party/FreeRTOS/Source/portable/MemMang/heap_4.o
 .bss.xBlockAllocatedBit
                0x000000002000194c        0x4 Middlewares/Third_Party/FreeRTOS/Source/portable/MemMang/heap_4.o
 .bss.RadioRxPayload
                0x0000000020001950       0xff Middlewares/Third_Party/SubGHz_Phy/stm32_radio_driver/radio.o
 *fill*         0x0000000020001a4f        0x1 
 .bss.RadioEvents
                0x0000000020001a50        0x4 Middlewares/Third_Party/SubGHz_Phy/stm32_radio_driver/radio.o
 .bss.OperatingMode
                0x0000000020001a54        0x1 Middlewares/Third_Party/SubGHz_Phy/stm32_radio_driver/radio_driver.o
 .bss.PacketType
                0x0000000020001a55        0x1 Middlewares/Third_Party/SubGHz_Phy/stm32_radio_driver/radio_driver.o
 .bss.LoRaHeaderType
                0x0000000020001a56        0x1 Middlewares/Third_Party/SubGHz_Phy/stm32_radio_driver/radio_driver.o
 *fill*         0x0000000020001a57        0x1 
 .bss.FrequencyError
                0x0000000020001a58        0x4 Middlewares/Third_Party/SubGHz_Phy/stm32_radio_driver/radio_driver.o
                0x0000000020001a58                FrequencyError
 .bss.ImageCalibrated
                0x0000000020001a5c        0x1 Middlewares/Third_Party/SubGHz_Phy/stm32_radio_driver/radio_driver.o
 *fill*         0x0000000020001a5d        0x3 
 .bss.RadioOnDioIrqCb
                0x0000000020001a60        0x4 Middlewares/Third_Party/SubGHz_Phy/stm32_radio_driver/radio_driver.o
 .bss.RadioEvents
                0x0000000020001a64       0x1c SubGHz_Phy/App/subghz_phy_app.o
 .bss.radioModem
                0x0000000020001a80        0x1 SubGHz_Phy/App/subghz_phy_app.o
 .bss.TXfreqHop
                0x0000000020001a81        0x1 SubGHz_Phy/App/subghz_phy_app.o
 .bss.TXhopPeriod
                0x0000000020001a82        0x1 SubGHz_Phy/App/subghz_phy_app.o
 *fill*         0x0000000020001a83        0x1 
 .bss.TimerListHead
                0x0000000020001a84        0x4 Utilities/timer/stm32_timer.o
 *(COMMON)
 COMMON         0x0000000020001a88        0x4 Core/Src/app_freertos.o
                0x0000000020001a88                initThreadHandle
 COMMON         0x0000000020001a8c       0x4c Core/Src/stm32wlxx_hal_timebase_tim.o
                0x0000000020001a8c                htim1
 COMMON         0x0000000020001ad8        0xc Core/Src/subghz.o
                0x0000000020001ad8                hsubghz
 COMMON         0x0000000020001ae4       0x90 Core/Src/usart.o
                0x0000000020001ae4                huart2
 COMMON         0x0000000020001b74        0x4 Drivers/STM32WLxx_HAL_Driver/Src/stm32wlxx_hal.o
                0x0000000020001b74                uwTick
 COMMON         0x0000000020001b78       0x40 Middlewares/Third_Party/FreeRTOS/Source/queue.o
                0x0000000020001b78                xQueueRegistry
 COMMON         0x0000000020001bb8       0x88 Middlewares/Third_Party/SubGHz_Phy/stm32_radio_driver/radio.o
                0x0000000020001bb8                SubgRf
                0x0000000020001c10                TxTimeoutTimer
                0x0000000020001c28                RxTimeoutTimer
                0x0000000020001c40                . = ALIGN (0x4)
                0x0000000020001c40                _ebss = .
                0x0000000020001c40                __bss_end__ = _ebss

._user_heap_stack
                0x0000000020001c40      0x600 load address 0x0000000008009fc8
                0x0000000020001c40                . = ALIGN (0x8)
                [!provide]                        PROVIDE (end = .)
                0x0000000020001c40                PROVIDE (_end = .)
                0x0000000020001e40                . = (. + _Min_Heap_Size)
 *fill*         0x0000000020001c40      0x200 
                0x0000000020002240                . = (. + _Min_Stack_Size)
 *fill*         0x0000000020001e40      0x400 
                0x0000000020002240                . = ALIGN (0x8)

/DISCARD/
 libc.a(*)
 libm.a(*)
 libgcc.a(*)

.ARM.attributes
                0x0000000000000000       0x2a
 *(.ARM.attributes)
 .ARM.attributes
                0x0000000000000000       0x1e c:/st/stm32cubeide_1.5.0/stm32cubeide/plugins/com.st.stm32cube.ide.mcu.externaltools.gnu-tools-for-stm32.9-2020-q2-update.win32_1.5.0.202011040924/tools/bin/../lib/gcc/arm-none-eabi/9.3.1/thumb/v7e-m/nofp/crti.o
 .ARM.attributes
                0x000000000000001e       0x2e c:/st/stm32cubeide_1.5.0/stm32cubeide/plugins/com.st.stm32cube.ide.mcu.externaltools.gnu-tools-for-stm32.9-2020-q2-update.win32_1.5.0.202011040924/tools/bin/../lib/gcc/arm-none-eabi/9.3.1/thumb/v7e-m/nofp/crtbegin.o
 .ARM.attributes
                0x000000000000004c       0x2e Core/Src/app_freertos.o
 .ARM.attributes
                0x000000000000007a       0x2e Core/Src/gpio.o
 .ARM.attributes
                0x00000000000000a8       0x2e Core/Src/main.o
 .ARM.attributes
                0x00000000000000d6       0x2e Core/Src/stm32wlxx_hal_msp.o
 .ARM.attributes
                0x0000000000000104       0x2e Core/Src/stm32wlxx_hal_timebase_tim.o
 .ARM.attributes
                0x0000000000000132       0x2e Core/Src/stm32wlxx_it.o
 .ARM.attributes
                0x0000000000000160       0x2e Core/Src/subghz.o
 .ARM.attributes
                0x000000000000018e       0x2e Core/Src/sys_app.o
 .ARM.attributes
                0x00000000000001bc       0x2e Core/Src/system_stm32wlxx.o
 .ARM.attributes
                0x00000000000001ea       0x2e Core/Src/timer_if.o
 .ARM.attributes
                0x0000000000000218       0x2e Core/Src/usart.o
 .ARM.attributes
                0x0000000000000246       0x21 Core/Startup/startup_stm32wl55jcix.o
 .ARM.attributes
                0x0000000000000267       0x2e Drivers/STM32WLxx_HAL_Driver/Src/stm32wlxx_hal.o